
━━━━━━━━━━━━━━━━━━━━━━━━━━━━━━━━━━━━━━━━━━━━━━━━━━━━
[2025-11-04 00:00:00] 🤖 Merge Orchestrator - 20251104_000000
━━━━━━━━━━━━━━━━━━━━━━━━━━━━━━━━━━━━━━━━━━━━━━━━━━━━
[2025-11-04 00:00:00] ℹ️  Environment: Mac (frontend + backend)
[2025-11-04 00:00:00] ℹ️  Dry run: false
[2025-11-04 00:00:00] ℹ️  Skip frontend: false
[2025-11-04 00:00:00] ℹ️  Max branches: 10
[2025-11-04 00:00:00] ℹ️  Agent reviews (Phase 2): true
[2025-11-04 00:00:00] ℹ️  Auto-remediation (Phase 2.5): true
[2025-11-04 00:00:00] ℹ️  Discovering feature branches...
[2025-11-04 00:00:02] ℹ️  Found       33 feature branches
[2025-11-04 00:00:02] ⚠️  WARNING: Branch count (      33) exceeds max (10), processing first 10

━━━━━━━━━━━━━━━━━━━━━━━━━━━━━━━━━━━━━━━━━━━━━━━━━━━━
[2025-11-04 00:00:02] Processing: + phase-0a-design-system
━━━━━━━━━━━━━━━━━━━━━━━━━━━━━━━━━━━━━━━━━━━━━━━━━━━━
[2025-11-04 00:00:02] ℹ️  Creating merge branch: merge/+ phase-0a-design-system_20251104_000000
fatal: 'merge/+ phase-0a-design-system_20251104_000000' is not a valid branch name
[2025-11-04 00:00:02] ℹ️  Pulling latest main...
From github.com:lizTheDeveloper/ai_game_theory_simulation
 * branch            main       -> FETCH_HEAD
Already up to date.
[2025-11-04 00:00:04] ℹ️  Attempting merge from + phase-0a-design-system...
merge: origin/+ phase-0a-design-system - not something we can merge
[2025-11-04 00:00:04] ✅ Merge successful (no conflicts)

━━━━━━━━━━━━━━━━━━━━━━━━━━━━━━━━━━━━━━━━━━━━━━━━━━━━
[2025-11-04 00:00:04] Quality Gates: + phase-0a-design-system
━━━━━━━━━━━━━━━━━━━━━━━━━━━━━━━━━━━━━━━━━━━━━━━━━━━━
[2025-11-04 00:00:04] ℹ️  Gate 1: TypeScript compilation...
./scripts/merge-orchestrator.sh: line 209: npx: command not found
[2025-11-04 00:00:04] ✅ TypeScript compilation passed
[2025-11-04 00:00:04] ℹ️  Gate 2: Test suite...
[2025-11-04 00:00:04] ⚠️  WARNING: No test scripts found, skipping test gate
[2025-11-04 00:00:04] ℹ️  Gate 3: Architecture review...
[2025-11-04 00:00:04] 🔍 Spawning architecture-skeptic agent...
[2025-11-04 00:00:04] ❌ ERROR: Architecture review blocked merge
[2025-11-04 00:00:04] ❌ ERROR: Quality gates failed
[2025-11-04 00:00:04] ℹ️  Preserving merge branch for inspection: merge/+ phase-0a-design-system_20251104_000000_FAILED
Already on 'main'
M	autonomous-worker.sh
M	logs/merge_orchestrator/cron_20251103.log
Your branch is up to date with 'origin/main'.
fatal: Invalid branch name: 'merge/+ phase-0a-design-system_20251104_000000'

━━━━━━━━━━━━━━━━━━━━━━━━━━━━━━━━━━━━━━━━━━━━━━━━━━━━
[2025-11-04 01:00:00] 🤖 Merge Orchestrator - 20251104_010000
━━━━━━━━━━━━━━━━━━━━━━━━━━━━━━━━━━━━━━━━━━━━━━━━━━━━
[2025-11-04 01:00:00] ℹ️  Environment: Mac (frontend + backend)
[2025-11-04 01:00:00] ℹ️  Dry run: false
[2025-11-04 01:00:00] ℹ️  Skip frontend: false
[2025-11-04 01:00:00] ℹ️  Max branches: 10
[2025-11-04 01:00:00] ℹ️  Agent reviews (Phase 2): true
[2025-11-04 01:00:00] ℹ️  Auto-remediation (Phase 2.5): true
[2025-11-04 01:00:00] ℹ️  Discovering feature branches...
[2025-11-04 01:00:02] ℹ️  Found       34 feature branches
[2025-11-04 01:00:02] ⚠️  WARNING: Branch count (      34) exceeds max (10), processing first 10

━━━━━━━━━━━━━━━━━━━━━━━━━━━━━━━━━━━━━━━━━━━━━━━━━━━━
[2025-11-04 01:00:02] Processing: + phase-0a-design-system
━━━━━━━━━━━━━━━━━━━━━━━━━━━━━━━━━━━━━━━━━━━━━━━━━━━━
[2025-11-04 01:00:02] ℹ️  Creating merge branch: merge/+ phase-0a-design-system_20251104_010000
fatal: 'merge/+ phase-0a-design-system_20251104_010000' is not a valid branch name
[2025-11-04 01:00:02] ℹ️  Pulling latest main...
From github.com:lizTheDeveloper/ai_game_theory_simulation
 * branch            main       -> FETCH_HEAD
Already up to date.
[2025-11-04 01:00:04] ℹ️  Attempting merge from + phase-0a-design-system...
merge: origin/+ phase-0a-design-system - not something we can merge
[2025-11-04 01:00:04] ✅ Merge successful (no conflicts)

━━━━━━━━━━━━━━━━━━━━━━━━━━━━━━━━━━━━━━━━━━━━━━━━━━━━
[2025-11-04 01:00:04] Quality Gates: + phase-0a-design-system
━━━━━━━━━━━━━━━━━━━━━━━━━━━━━━━━━━━━━━━━━━━━━━━━━━━━
[2025-11-04 01:00:04] ℹ️  Gate 1: TypeScript compilation...
./scripts/merge-orchestrator.sh: line 209: npx: command not found
[2025-11-04 01:00:04] ✅ TypeScript compilation passed
[2025-11-04 01:00:04] ℹ️  Gate 2: Test suite...
[2025-11-04 01:00:04] ⚠️  WARNING: No test scripts found, skipping test gate
[2025-11-04 01:00:04] ℹ️  Gate 3: Architecture review...
[2025-11-04 01:00:04] 🔍 Spawning architecture-skeptic agent...
[2025-11-04 01:00:04] ❌ ERROR: Architecture review blocked merge
[2025-11-04 01:00:04] ❌ ERROR: Quality gates failed
[2025-11-04 01:00:04] ℹ️  Preserving merge branch for inspection: merge/+ phase-0a-design-system_20251104_010000_FAILED
Already on 'main'
M	autonomous-worker.sh
M	logs/merge_orchestrator/cron_20251103.log
Your branch is up to date with 'origin/main'.
fatal: Invalid branch name: 'merge/+ phase-0a-design-system_20251104_010000'

━━━━━━━━━━━━━━━━━━━━━━━━━━━━━━━━━━━━━━━━━━━━━━━━━━━━
[2025-11-04 03:00:00] 🤖 Merge Orchestrator - 20251104_030000
━━━━━━━━━━━━━━━━━━━━━━━━━━━━━━━━━━━━━━━━━━━━━━━━━━━━
[2025-11-04 03:00:00] ℹ️  Environment: Mac (frontend + backend)
[2025-11-04 03:00:00] ℹ️  Dry run: false
[2025-11-04 03:00:00] ℹ️  Skip frontend: false
[2025-11-04 03:00:00] ℹ️  Max branches: 10
[2025-11-04 03:00:00] ℹ️  Agent reviews (Phase 2): true
[2025-11-04 03:00:00] ℹ️  Auto-remediation (Phase 2.5): true
[2025-11-04 03:00:00] ℹ️  Discovering feature branches...
[2025-11-04 03:00:03] ℹ️  Found       36 feature branches
[2025-11-04 03:00:03] ⚠️  WARNING: Branch count (      36) exceeds max (10), processing first 10

━━━━━━━━━━━━━━━━━━━━━━━━━━━━━━━━━━━━━━━━━━━━━━━━━━━━
[2025-11-04 03:00:03] Processing: + phase-0a-design-system
━━━━━━━━━━━━━━━━━━━━━━━━━━━━━━━━━━━━━━━━━━━━━━━━━━━━
[2025-11-04 03:00:03] ℹ️  Creating merge branch: merge/+ phase-0a-design-system_20251104_030000
fatal: 'merge/+ phase-0a-design-system_20251104_030000' is not a valid branch name
[2025-11-04 03:00:03] ℹ️  Pulling latest main...
From github.com:lizTheDeveloper/ai_game_theory_simulation
 * branch            main       -> FETCH_HEAD
Already up to date.
[2025-11-04 03:00:07] ℹ️  Attempting merge from + phase-0a-design-system...
merge: origin/+ phase-0a-design-system - not something we can merge
[2025-11-04 03:00:07] ✅ Merge successful (no conflicts)

━━━━━━━━━━━━━━━━━━━━━━━━━━━━━━━━━━━━━━━━━━━━━━━━━━━━
[2025-11-04 03:00:07] Quality Gates: + phase-0a-design-system
━━━━━━━━━━━━━━━━━━━━━━━━━━━━━━━━━━━━━━━━━━━━━━━━━━━━
[2025-11-04 03:00:07] ℹ️  Gate 1: TypeScript compilation...
./scripts/merge-orchestrator.sh: line 209: npx: command not found
[2025-11-04 03:00:07] ✅ TypeScript compilation passed
[2025-11-04 03:00:07] ℹ️  Gate 2: Test suite...
[2025-11-04 03:00:07] ⚠️  WARNING: No test scripts found, skipping test gate
[2025-11-04 03:00:07] ℹ️  Gate 3: Architecture review...
[2025-11-04 03:00:07] 🔍 Spawning architecture-skeptic agent...
[2025-11-04 03:00:07] ❌ ERROR: Architecture review blocked merge
[2025-11-04 03:00:07] ❌ ERROR: Quality gates failed
[2025-11-04 03:00:07] ℹ️  Preserving merge branch for inspection: merge/+ phase-0a-design-system_20251104_030000_FAILED
Already on 'main'
M	autonomous-worker.sh
M	logs/merge_orchestrator/cron_20251103.log
M	research/-aiexplained-official/sync.log
M	research/-aispecies/sync.log
M	research/crobertmilesai/sync.log
M	research/embeddings/index_stats.json
M	research/youtube-channels/auto-sync.log
Your branch is up to date with 'origin/main'.
fatal: Invalid branch name: 'merge/+ phase-0a-design-system_20251104_030000'

━━━━━━━━━━━━━━━━━━━━━━━━━━━━━━━━━━━━━━━━━━━━━━━━━━━━
[2025-11-04 06:01:16] 🤖 Merge Orchestrator - 20251104_060116
━━━━━━━━━━━━━━━━━━━━━━━━━━━━━━━━━━━━━━━━━━━━━━━━━━━━
[2025-11-04 06:01:16] ℹ️  Environment: Mac (frontend + backend)
[2025-11-04 06:01:16] ℹ️  Dry run: false
[2025-11-04 06:01:16] ℹ️  Skip frontend: false
[2025-11-04 06:01:16] ℹ️  Max branches: 10
[2025-11-04 06:01:16] ℹ️  Agent reviews (Phase 2): true
[2025-11-04 06:01:16] ℹ️  Auto-remediation (Phase 2.5): true
[2025-11-04 06:01:16] ℹ️  Discovering feature branches...
[2025-11-04 06:01:18] ℹ️  Found       38 feature branches
[2025-11-04 06:01:18] ⚠️  WARNING: Branch count (      38) exceeds max (10), processing first 10

━━━━━━━━━━━━━━━━━━━━━━━━━━━━━━━━━━━━━━━━━━━━━━━━━━━━
[2025-11-04 06:01:18] Processing: + phase-0a-design-system
━━━━━━━━━━━━━━━━━━━━━━━━━━━━━━━━━━━━━━━━━━━━━━━━━━━━
[2025-11-04 06:01:18] ℹ️  Creating merge branch: merge/+ phase-0a-design-system_20251104_060116
fatal: 'merge/+ phase-0a-design-system_20251104_060116' is not a valid branch name
[2025-11-04 06:01:18] ℹ️  Pulling latest main...
From github.com:lizTheDeveloper/ai_game_theory_simulation
 * branch            main       -> FETCH_HEAD
Already up to date.
[2025-11-04 06:01:20] ℹ️  Attempting merge from + phase-0a-design-system...
merge: origin/+ phase-0a-design-system - not something we can merge
[2025-11-04 06:01:20] ✅ Merge successful (no conflicts)

━━━━━━━━━━━━━━━━━━━━━━━━━━━━━━━━━━━━━━━━━━━━━━━━━━━━
[2025-11-04 06:01:20] Quality Gates: + phase-0a-design-system
━━━━━━━━━━━━━━━━━━━━━━━━━━━━━━━━━━━━━━━━━━━━━━━━━━━━
[2025-11-04 06:01:20] ℹ️  Gate 1: TypeScript compilation...
./scripts/merge-orchestrator.sh: line 209: npx: command not found
[2025-11-04 06:01:20] ✅ TypeScript compilation passed
[2025-11-04 06:01:20] ℹ️  Gate 2: Test suite...
[2025-11-04 06:01:20] ⚠️  WARNING: No test scripts found, skipping test gate
[2025-11-04 06:01:20] ℹ️  Gate 3: Architecture review...
[2025-11-04 06:01:20] 🔍 Spawning architecture-skeptic agent...
[2025-11-04 06:01:20] ❌ ERROR: Architecture review blocked merge
[2025-11-04 06:01:20] ❌ ERROR: Quality gates failed
[2025-11-04 06:01:20] ℹ️  Preserving merge branch for inspection: merge/+ phase-0a-design-system_20251104_060116_FAILED
Already on 'main'
M	autonomous-worker.sh
M	logs/merge_orchestrator/cron_20251103.log
M	research/-aiexplained-official/sync.log
M	research/-aispecies/sync.log
M	research/crobertmilesai/sync.log
M	research/embeddings/index_stats.json
M	research/youtube-channels/auto-sync.log
Your branch is up to date with 'origin/main'.
fatal: Invalid branch name: 'merge/+ phase-0a-design-system_20251104_060116'

━━━━━━━━━━━━━━━━━━━━━━━━━━━━━━━━━━━━━━━━━━━━━━━━━━━━
[2025-11-04 09:00:03] 🤖 Merge Orchestrator - 20251104_090003
━━━━━━━━━━━━━━━━━━━━━━━━━━━━━━━━━━━━━━━━━━━━━━━━━━━━
[2025-11-04 09:00:03] ℹ️  Environment: Mac (frontend + backend)
[2025-11-04 09:00:03] ℹ️  Dry run: false
[2025-11-04 09:00:03] ℹ️  Skip frontend: false
[2025-11-04 09:00:03] ℹ️  Max branches: 10
[2025-11-04 09:00:03] ℹ️  Agent reviews (Phase 2): true
[2025-11-04 09:00:03] ℹ️  Auto-remediation (Phase 2.5): true
[2025-11-04 09:00:03] ℹ️  Discovering feature branches...
[2025-11-04 09:00:08] ℹ️  Found       38 feature branches
[2025-11-04 09:00:08] ⚠️  WARNING: Branch count (      38) exceeds max (10), processing first 10

━━━━━━━━━━━━━━━━━━━━━━━━━━━━━━━━━━━━━━━━━━━━━━━━━━━━
[2025-11-04 09:00:08] Processing: + phase-0a-design-system
━━━━━━━━━━━━━━━━━━━━━━━━━━━━━━━━━━━━━━━━━━━━━━━━━━━━
[2025-11-04 09:00:08] ℹ️  Creating merge branch: merge/+ phase-0a-design-system_20251104_090003
fatal: 'merge/+ phase-0a-design-system_20251104_090003' is not a valid branch name
[2025-11-04 09:00:08] ℹ️  Pulling latest main...
From github.com:lizTheDeveloper/ai_game_theory_simulation
 * branch            main       -> FETCH_HEAD
Already up to date.
[2025-11-04 09:00:10] ℹ️  Attempting merge from + phase-0a-design-system...
merge: origin/+ phase-0a-design-system - not something we can merge
[2025-11-04 09:00:10] ✅ Merge successful (no conflicts)

━━━━━━━━━━━━━━━━━━━━━━━━━━━━━━━━━━━━━━━━━━━━━━━━━━━━
[2025-11-04 09:00:10] Quality Gates: + phase-0a-design-system
━━━━━━━━━━━━━━━━━━━━━━━━━━━━━━━━━━━━━━━━━━━━━━━━━━━━
[2025-11-04 09:00:10] ℹ️  Gate 1: TypeScript compilation...
./scripts/merge-orchestrator.sh: line 209: npx: command not found
[2025-11-04 09:00:10] ✅ TypeScript compilation passed
[2025-11-04 09:00:10] ℹ️  Gate 2: Test suite...
[2025-11-04 09:00:10] ⚠️  WARNING: No test scripts found, skipping test gate
[2025-11-04 09:00:10] ℹ️  Gate 3: Architecture review...
[2025-11-04 09:00:10] 🔍 Spawning architecture-skeptic agent...
[2025-11-04 09:00:10] ❌ ERROR: Architecture review blocked merge
[2025-11-04 09:00:10] ❌ ERROR: Quality gates failed
[2025-11-04 09:00:10] ℹ️  Preserving merge branch for inspection: merge/+ phase-0a-design-system_20251104_090003_FAILED
Already on 'main'
M	autonomous-worker.sh
M	logs/merge_orchestrator/cron_20251103.log
M	research/-aiexplained-official/sync.log
M	research/-aispecies/sync.log
M	research/crobertmilesai/sync.log
M	research/embeddings/index_stats.json
M	research/youtube-channels/auto-sync.log
Your branch is up to date with 'origin/main'.
fatal: Invalid branch name: 'merge/+ phase-0a-design-system_20251104_090003'

━━━━━━━━━━━━━━━━━━━━━━━━━━━━━━━━━━━━━━━━━━━━━━━━━━━━
[2025-11-04 10:00:01] 🤖 Merge Orchestrator - 20251104_100001
━━━━━━━━━━━━━━━━━━━━━━━━━━━━━━━━━━━━━━━━━━━━━━━━━━━━
[2025-11-04 10:00:01] ℹ️  Environment: Mac (frontend + backend)
[2025-11-04 10:00:01] ℹ️  Dry run: false
[2025-11-04 10:00:01] ℹ️  Skip frontend: false
[2025-11-04 10:00:01] ℹ️  Max branches: 10
[2025-11-04 10:00:01] ℹ️  Agent reviews (Phase 2): true
[2025-11-04 10:00:01] ℹ️  Auto-remediation (Phase 2.5): true
[2025-11-04 10:00:01] ℹ️  Discovering feature branches...
[2025-11-04 10:00:03] ℹ️  Found       39 feature branches
[2025-11-04 10:00:03] ⚠️  WARNING: Branch count (      39) exceeds max (10), processing first 10

━━━━━━━━━━━━━━━━━━━━━━━━━━━━━━━━━━━━━━━━━━━━━━━━━━━━
[2025-11-04 10:00:03] Processing: + phase-0a-design-system
━━━━━━━━━━━━━━━━━━━━━━━━━━━━━━━━━━━━━━━━━━━━━━━━━━━━
[2025-11-04 10:00:03] ℹ️  Creating merge branch: merge/+ phase-0a-design-system_20251104_100001
fatal: 'merge/+ phase-0a-design-system_20251104_100001' is not a valid branch name
[2025-11-04 10:00:03] ℹ️  Pulling latest main...
From github.com:lizTheDeveloper/ai_game_theory_simulation
 * branch            main       -> FETCH_HEAD
Already up to date.
[2025-11-04 10:00:04] ℹ️  Attempting merge from + phase-0a-design-system...
merge: origin/+ phase-0a-design-system - not something we can merge
[2025-11-04 10:00:04] ✅ Merge successful (no conflicts)

━━━━━━━━━━━━━━━━━━━━━━━━━━━━━━━━━━━━━━━━━━━━━━━━━━━━
[2025-11-04 10:00:04] Quality Gates: + phase-0a-design-system
━━━━━━━━━━━━━━━━━━━━━━━━━━━━━━━━━━━━━━━━━━━━━━━━━━━━
[2025-11-04 10:00:04] ℹ️  Gate 1: TypeScript compilation...
./scripts/merge-orchestrator.sh: line 209: npx: command not found
[2025-11-04 10:00:04] ✅ TypeScript compilation passed
[2025-11-04 10:00:04] ℹ️  Gate 2: Test suite...
[2025-11-04 10:00:04] ⚠️  WARNING: No test scripts found, skipping test gate
[2025-11-04 10:00:04] ℹ️  Gate 3: Architecture review...
[2025-11-04 10:00:04] 🔍 Spawning architecture-skeptic agent...
[2025-11-04 10:00:04] ❌ ERROR: Architecture review blocked merge
[2025-11-04 10:00:04] ❌ ERROR: Quality gates failed
[2025-11-04 10:00:04] ℹ️  Preserving merge branch for inspection: merge/+ phase-0a-design-system_20251104_100001_FAILED
Already on 'main'
M	autonomous-worker.sh
M	logs/merge_orchestrator/cron_20251103.log
M	research/-aiexplained-official/sync.log
M	research/-aispecies/sync.log
M	research/crobertmilesai/sync.log
M	research/embeddings/index_stats.json
M	research/youtube-channels/auto-sync.log
Your branch is up to date with 'origin/main'.
fatal: Invalid branch name: 'merge/+ phase-0a-design-system_20251104_100001'

━━━━━━━━━━━━━━━━━━━━━━━━━━━━━━━━━━━━━━━━━━━━━━━━━━━━
[2025-11-04 11:00:01] 🤖 Merge Orchestrator - 20251104_110000
━━━━━━━━━━━━━━━━━━━━━━━━━━━━━━━━━━━━━━━━━━━━━━━━━━━━
[2025-11-04 11:00:01] ℹ️  Environment: Mac (frontend + backend)
[2025-11-04 11:00:01] ℹ️  Dry run: false
[2025-11-04 11:00:01] ℹ️  Skip frontend: false
[2025-11-04 11:00:01] ℹ️  Max branches: 10
[2025-11-04 11:00:01] ℹ️  Agent reviews (Phase 2): true
[2025-11-04 11:00:01] ℹ️  Auto-remediation (Phase 2.5): true
[2025-11-04 11:00:01] ℹ️  Discovering feature branches...
[2025-11-04 11:00:03] ℹ️  Found       40 feature branches
[2025-11-04 11:00:03] ⚠️  WARNING: Branch count (      40) exceeds max (10), processing first 10

━━━━━━━━━━━━━━━━━━━━━━━━━━━━━━━━━━━━━━━━━━━━━━━━━━━━
[2025-11-04 11:00:03] Processing: + phase-0a-design-system
━━━━━━━━━━━━━━━━━━━━━━━━━━━━━━━━━━━━━━━━━━━━━━━━━━━━
[2025-11-04 11:00:03] ℹ️  Creating merge branch: merge/+ phase-0a-design-system_20251104_110000
fatal: 'merge/+ phase-0a-design-system_20251104_110000' is not a valid branch name
[2025-11-04 11:00:03] ℹ️  Pulling latest main...
From github.com:lizTheDeveloper/ai_game_theory_simulation
 * branch            main       -> FETCH_HEAD
Already up to date.
[2025-11-04 11:00:05] ℹ️  Attempting merge from + phase-0a-design-system...
merge: origin/+ phase-0a-design-system - not something we can merge
[2025-11-04 11:00:05] ✅ Merge successful (no conflicts)

━━━━━━━━━━━━━━━━━━━━━━━━━━━━━━━━━━━━━━━━━━━━━━━━━━━━
[2025-11-04 11:00:05] Quality Gates: + phase-0a-design-system
━━━━━━━━━━━━━━━━━━━━━━━━━━━━━━━━━━━━━━━━━━━━━━━━━━━━
[2025-11-04 11:00:05] ℹ️  Gate 1: TypeScript compilation...
./scripts/merge-orchestrator.sh: line 209: npx: command not found
[2025-11-04 11:00:05] ✅ TypeScript compilation passed
[2025-11-04 11:00:05] ℹ️  Gate 2: Test suite...
[2025-11-04 11:00:05] ⚠️  WARNING: No test scripts found, skipping test gate
[2025-11-04 11:00:05] ℹ️  Gate 3: Architecture review...
[2025-11-04 11:00:05] 🔍 Spawning architecture-skeptic agent...
[2025-11-04 11:00:05] ❌ ERROR: Architecture review blocked merge
[2025-11-04 11:00:05] ❌ ERROR: Quality gates failed
[2025-11-04 11:00:05] ℹ️  Preserving merge branch for inspection: merge/+ phase-0a-design-system_20251104_110000_FAILED
Already on 'main'
M	autonomous-worker.sh
M	logs/merge_orchestrator/cron_20251103.log
M	research/-aiexplained-official/sync.log
M	research/-aispecies/sync.log
M	research/crobertmilesai/sync.log
M	research/embeddings/index_stats.json
M	research/youtube-channels/auto-sync.log
Your branch is up to date with 'origin/main'.
fatal: Invalid branch name: 'merge/+ phase-0a-design-system_20251104_110000'

━━━━━━━━━━━━━━━━━━━━━━━━━━━━━━━━━━━━━━━━━━━━━━━━━━━━
[2025-11-04 12:00:00] 🤖 Merge Orchestrator - 20251104_120000
━━━━━━━━━━━━━━━━━━━━━━━━━━━━━━━━━━━━━━━━━━━━━━━━━━━━
[2025-11-04 12:00:00] ℹ️  Environment: Mac (frontend + backend)
[2025-11-04 12:00:00] ℹ️  Dry run: false
[2025-11-04 12:00:00] ℹ️  Skip frontend: false
[2025-11-04 12:00:00] ℹ️  Max branches: 10
[2025-11-04 12:00:00] ℹ️  Agent reviews (Phase 2): true
[2025-11-04 12:00:00] ℹ️  Auto-remediation (Phase 2.5): true
[2025-11-04 12:00:00] ⚠️  WARNING: Stale lock file found, removing
[2025-11-04 12:00:01] ℹ️  Discovering feature branches...
[2025-11-04 12:00:03] ℹ️  Found       40 feature branches
[2025-11-04 12:00:03] ⚠️  WARNING: Branch count (      40) exceeds max (10), processing first 10

━━━━━━━━━━━━━━━━━━━━━━━━━━━━━━━━━━━━━━━━━━━━━━━━━━━━
[2025-11-04 12:00:03] Processing: + phase-0a-design-system
━━━━━━━━━━━━━━━━━━━━━━━━━━━━━━━━━━━━━━━━━━━━━━━━━━━━
[2025-11-04 12:00:03] ℹ️  Creating merge branch: merge/+ phase-0a-design-system_20251104_120000
fatal: 'merge/+ phase-0a-design-system_20251104_120000' is not a valid branch name
[2025-11-04 12:00:03] ℹ️  Pulling latest main...
From github.com:lizTheDeveloper/ai_game_theory_simulation
 * branch            main       -> FETCH_HEAD
Already up to date.
[2025-11-04 12:00:05] ℹ️  Attempting merge from + phase-0a-design-system...
merge: origin/+ phase-0a-design-system - not something we can merge
[2025-11-04 12:00:05] ✅ Merge successful (no conflicts)

━━━━━━━━━━━━━━━━━━━━━━━━━━━━━━━━━━━━━━━━━━━━━━━━━━━━
[2025-11-04 12:00:05] Quality Gates: + phase-0a-design-system
━━━━━━━━━━━━━━━━━━━━━━━━━━━━━━━━━━━━━━━━━━━━━━━━━━━━
[2025-11-04 12:00:05] ℹ️  Gate 1: TypeScript compilation...
./scripts/merge-orchestrator.sh: line 209: npx: command not found
[2025-11-04 12:00:05] ✅ TypeScript compilation passed
[2025-11-04 12:00:05] ℹ️  Gate 2: Test suite...
[2025-11-04 12:00:05] ⚠️  WARNING: No test scripts found, skipping test gate
[2025-11-04 12:00:05] ℹ️  Gate 3: Architecture review...
[2025-11-04 12:00:05] 🔍 Spawning architecture-skeptic agent...
[2025-11-04 12:00:05] ❌ ERROR: Architecture review blocked merge
[2025-11-04 12:00:05] ❌ ERROR: Quality gates failed
[2025-11-04 12:00:05] ℹ️  Preserving merge branch for inspection: merge/+ phase-0a-design-system_20251104_120000_FAILED
Already on 'main'
M	autonomous-worker.sh
M	logs/merge_orchestrator/cron_20251103.log
M	research/-aiexplained-official/sync.log
M	research/-aispecies/sync.log
M	research/crobertmilesai/sync.log
M	research/embeddings/index_stats.json
M	research/youtube-channels/auto-sync.log
Your branch is up to date with 'origin/main'.
fatal: Invalid branch name: 'merge/+ phase-0a-design-system_20251104_120000'

━━━━━━━━━━━━━━━━━━━━━━━━━━━━━━━━━━━━━━━━━━━━━━━━━━━━
[2025-11-04 13:00:00] 🤖 Merge Orchestrator - 20251104_130000
━━━━━━━━━━━━━━━━━━━━━━━━━━━━━━━━━━━━━━━━━━━━━━━━━━━━
[2025-11-04 13:00:00] ℹ️  Environment: Mac (frontend + backend)
[2025-11-04 13:00:00] ℹ️  Dry run: false
[2025-11-04 13:00:00] ℹ️  Skip frontend: false
[2025-11-04 13:00:00] ℹ️  Max branches: 10
[2025-11-04 13:00:00] ℹ️  Agent reviews (Phase 2): true
[2025-11-04 13:00:00] ℹ️  Auto-remediation (Phase 2.5): true
[2025-11-04 13:00:00] ℹ️  Discovering feature branches...
[2025-11-04 13:00:02] ℹ️  Found       40 feature branches
[2025-11-04 13:00:02] ⚠️  WARNING: Branch count (      40) exceeds max (10), processing first 10

━━━━━━━━━━━━━━━━━━━━━━━━━━━━━━━━━━━━━━━━━━━━━━━━━━━━
[2025-11-04 13:00:02] Processing: + phase-0a-design-system
━━━━━━━━━━━━━━━━━━━━━━━━━━━━━━━━━━━━━━━━━━━━━━━━━━━━
[2025-11-04 13:00:02] ℹ️  Creating merge branch: merge/+ phase-0a-design-system_20251104_130000
fatal: 'merge/+ phase-0a-design-system_20251104_130000' is not a valid branch name
[2025-11-04 13:00:02] ℹ️  Pulling latest main...
From github.com:lizTheDeveloper/ai_game_theory_simulation
 * branch            main       -> FETCH_HEAD
Already up to date.
[2025-11-04 13:00:04] ℹ️  Attempting merge from + phase-0a-design-system...
merge: origin/+ phase-0a-design-system - not something we can merge
[2025-11-04 13:00:04] ✅ Merge successful (no conflicts)

━━━━━━━━━━━━━━━━━━━━━━━━━━━━━━━━━━━━━━━━━━━━━━━━━━━━
[2025-11-04 13:00:04] Quality Gates: + phase-0a-design-system
━━━━━━━━━━━━━━━━━━━━━━━━━━━━━━━━━━━━━━━━━━━━━━━━━━━━
[2025-11-04 13:00:04] ℹ️  Gate 1: TypeScript compilation...
./scripts/merge-orchestrator.sh: line 209: npx: command not found
[2025-11-04 13:00:04] ✅ TypeScript compilation passed
[2025-11-04 13:00:04] ℹ️  Gate 2: Test suite...
[2025-11-04 13:00:04] ⚠️  WARNING: No test scripts found, skipping test gate
[2025-11-04 13:00:04] ℹ️  Gate 3: Architecture review...
[2025-11-04 13:00:04] 🔍 Spawning architecture-skeptic agent...
[2025-11-04 13:00:04] ❌ ERROR: Architecture review blocked merge
[2025-11-04 13:00:04] ❌ ERROR: Quality gates failed
[2025-11-04 13:00:04] ℹ️  Preserving merge branch for inspection: merge/+ phase-0a-design-system_20251104_130000_FAILED
Already on 'main'
M	autonomous-worker.sh
M	logs/merge_orchestrator/cron_20251103.log
M	research/-aiexplained-official/sync.log
M	research/-aispecies/sync.log
M	research/crobertmilesai/sync.log
M	research/embeddings/index_stats.json
M	research/youtube-channels/auto-sync.log
Your branch is up to date with 'origin/main'.
fatal: Invalid branch name: 'merge/+ phase-0a-design-system_20251104_130000'

━━━━━━━━━━━━━━━━━━━━━━━━━━━━━━━━━━━━━━━━━━━━━━━━━━━━
[2025-11-04 14:00:01] 🤖 Merge Orchestrator - 20251104_140000
━━━━━━━━━━━━━━━━━━━━━━━━━━━━━━━━━━━━━━━━━━━━━━━━━━━━
[2025-11-04 14:00:01] ℹ️  Environment: Mac (frontend + backend)
[2025-11-04 14:00:01] ℹ️  Dry run: false
[2025-11-04 14:00:01] ℹ️  Skip frontend: false
[2025-11-04 14:00:01] ℹ️  Max branches: 10
[2025-11-04 14:00:01] ℹ️  Agent reviews (Phase 2): true
[2025-11-04 14:00:01] ℹ️  Auto-remediation (Phase 2.5): true
[2025-11-04 14:00:01] ℹ️  Discovering feature branches...
[2025-11-04 14:00:02] ℹ️  Found       40 feature branches
[2025-11-04 14:00:02] ⚠️  WARNING: Branch count (      40) exceeds max (10), processing first 10

━━━━━━━━━━━━━━━━━━━━━━━━━━━━━━━━━━━━━━━━━━━━━━━━━━━━
[2025-11-04 14:00:02] Processing: + phase-0a-design-system
━━━━━━━━━━━━━━━━━━━━━━━━━━━━━━━━━━━━━━━━━━━━━━━━━━━━
[2025-11-04 14:00:02] ℹ️  Creating merge branch: merge/+ phase-0a-design-system_20251104_140000
fatal: 'merge/+ phase-0a-design-system_20251104_140000' is not a valid branch name
[2025-11-04 14:00:02] ℹ️  Pulling latest main...
From github.com:lizTheDeveloper/ai_game_theory_simulation
 * branch            main       -> FETCH_HEAD
Already up to date.
[2025-11-04 14:00:04] ℹ️  Attempting merge from + phase-0a-design-system...
merge: origin/+ phase-0a-design-system - not something we can merge
[2025-11-04 14:00:04] ✅ Merge successful (no conflicts)

━━━━━━━━━━━━━━━━━━━━━━━━━━━━━━━━━━━━━━━━━━━━━━━━━━━━
[2025-11-04 14:00:04] Quality Gates: + phase-0a-design-system
━━━━━━━━━━━━━━━━━━━━━━━━━━━━━━━━━━━━━━━━━━━━━━━━━━━━
[2025-11-04 14:00:04] ℹ️  Gate 1: TypeScript compilation...
./scripts/merge-orchestrator.sh: line 209: npx: command not found
[2025-11-04 14:00:04] ✅ TypeScript compilation passed
[2025-11-04 14:00:04] ℹ️  Gate 2: Test suite...
[2025-11-04 14:00:04] ⚠️  WARNING: No test scripts found, skipping test gate
[2025-11-04 14:00:04] ℹ️  Gate 3: Architecture review...
[2025-11-04 14:00:04] 🔍 Spawning architecture-skeptic agent...
[2025-11-04 14:00:04] ❌ ERROR: Architecture review blocked merge
[2025-11-04 14:00:04] ❌ ERROR: Quality gates failed
[2025-11-04 14:00:04] ℹ️  Preserving merge branch for inspection: merge/+ phase-0a-design-system_20251104_140000_FAILED
Already on 'main'
M	autonomous-worker.sh
M	logs/merge_orchestrator/cron_20251103.log
M	research/-aiexplained-official/sync.log
M	research/-aispecies/sync.log
M	research/crobertmilesai/sync.log
M	research/embeddings/index_stats.json
M	research/youtube-channels/auto-sync.log
Your branch is up to date with 'origin/main'.
fatal: Invalid branch name: 'merge/+ phase-0a-design-system_20251104_140000'

━━━━━━━━━━━━━━━━━━━━━━━━━━━━━━━━━━━━━━━━━━━━━━━━━━━━
[2025-11-04 15:00:00] 🤖 Merge Orchestrator - 20251104_150000
━━━━━━━━━━━━━━━━━━━━━━━━━━━━━━━━━━━━━━━━━━━━━━━━━━━━
[2025-11-04 15:00:01] ℹ️  Environment: Mac (frontend + backend)
[2025-11-04 15:00:01] ℹ️  Dry run: false
[2025-11-04 15:00:01] ℹ️  Skip frontend: false
[2025-11-04 15:00:01] ℹ️  Max branches: 10
[2025-11-04 15:00:01] ℹ️  Agent reviews (Phase 2): true
[2025-11-04 15:00:01] ℹ️  Auto-remediation (Phase 2.5): true
[2025-11-04 15:00:01] ℹ️  Discovering feature branches...
[2025-11-04 15:00:02] ℹ️  Found       40 feature branches
[2025-11-04 15:00:02] ⚠️  WARNING: Branch count (      40) exceeds max (10), processing first 10

━━━━━━━━━━━━━━━━━━━━━━━━━━━━━━━━━━━━━━━━━━━━━━━━━━━━
[2025-11-04 15:00:02] Processing: + phase-0a-design-system
━━━━━━━━━━━━━━━━━━━━━━━━━━━━━━━━━━━━━━━━━━━━━━━━━━━━
[2025-11-04 15:00:02] ℹ️  Creating merge branch: merge/+ phase-0a-design-system_20251104_150000
fatal: 'merge/+ phase-0a-design-system_20251104_150000' is not a valid branch name
[2025-11-04 15:00:02] ℹ️  Pulling latest main...
From github.com:lizTheDeveloper/ai_game_theory_simulation
 * branch            main       -> FETCH_HEAD
Already up to date.
[2025-11-04 15:00:04] ℹ️  Attempting merge from + phase-0a-design-system...
merge: origin/+ phase-0a-design-system - not something we can merge
[2025-11-04 15:00:04] ✅ Merge successful (no conflicts)

━━━━━━━━━━━━━━━━━━━━━━━━━━━━━━━━━━━━━━━━━━━━━━━━━━━━
[2025-11-04 15:00:04] Quality Gates: + phase-0a-design-system
━━━━━━━━━━━━━━━━━━━━━━━━━━━━━━━━━━━━━━━━━━━━━━━━━━━━
[2025-11-04 15:00:04] ℹ️  Gate 1: TypeScript compilation...
./scripts/merge-orchestrator.sh: line 209: npx: command not found
[2025-11-04 15:00:04] ✅ TypeScript compilation passed
[2025-11-04 15:00:04] ℹ️  Gate 2: Test suite...
[2025-11-04 15:00:04] ⚠️  WARNING: No test scripts found, skipping test gate
[2025-11-04 15:00:04] ℹ️  Gate 3: Architecture review...
[2025-11-04 15:00:04] 🔍 Spawning architecture-skeptic agent...
[2025-11-04 15:00:04] ❌ ERROR: Architecture review blocked merge
[2025-11-04 15:00:04] ❌ ERROR: Quality gates failed
[2025-11-04 15:00:04] ℹ️  Preserving merge branch for inspection: merge/+ phase-0a-design-system_20251104_150000_FAILED
Already on 'main'
M	autonomous-worker.sh
M	logs/merge_orchestrator/cron_20251103.log
M	research/-aiexplained-official/sync.log
M	research/-aispecies/sync.log
M	research/crobertmilesai/sync.log
M	research/embeddings/index_stats.json
M	research/youtube-channels/auto-sync.log
Your branch is up to date with 'origin/main'.
fatal: Invalid branch name: 'merge/+ phase-0a-design-system_20251104_150000'

━━━━━━━━━━━━━━━━━━━━━━━━━━━━━━━━━━━━━━━━━━━━━━━━━━━━
[2025-11-04 16:00:00] 🤖 Merge Orchestrator - 20251104_160000
━━━━━━━━━━━━━━━━━━━━━━━━━━━━━━━━━━━━━━━━━━━━━━━━━━━━
[2025-11-04 16:00:00] ℹ️  Environment: Mac (frontend + backend)
[2025-11-04 16:00:00] ℹ️  Dry run: false
[2025-11-04 16:00:00] ℹ️  Skip frontend: false
[2025-11-04 16:00:00] ℹ️  Max branches: 10
[2025-11-04 16:00:00] ℹ️  Agent reviews (Phase 2): true
[2025-11-04 16:00:00] ℹ️  Auto-remediation (Phase 2.5): true
[2025-11-04 16:00:00] ℹ️  Discovering feature branches...
[2025-11-04 16:00:02] ℹ️  Found       40 feature branches
[2025-11-04 16:00:02] ⚠️  WARNING: Branch count (      40) exceeds max (10), processing first 10

━━━━━━━━━━━━━━━━━━━━━━━━━━━━━━━━━━━━━━━━━━━━━━━━━━━━
[2025-11-04 16:00:02] Processing: + phase-0a-design-system
━━━━━━━━━━━━━━━━━━━━━━━━━━━━━━━━━━━━━━━━━━━━━━━━━━━━
[2025-11-04 16:00:02] ℹ️  Creating merge branch: merge/+ phase-0a-design-system_20251104_160000
fatal: 'merge/+ phase-0a-design-system_20251104_160000' is not a valid branch name
[2025-11-04 16:00:02] ℹ️  Pulling latest main...
From github.com:lizTheDeveloper/ai_game_theory_simulation
 * branch            main       -> FETCH_HEAD
Already up to date.
[2025-11-04 16:00:06] ℹ️  Attempting merge from + phase-0a-design-system...
merge: origin/+ phase-0a-design-system - not something we can merge
[2025-11-04 16:00:06] ✅ Merge successful (no conflicts)

━━━━━━━━━━━━━━━━━━━━━━━━━━━━━━━━━━━━━━━━━━━━━━━━━━━━
[2025-11-04 16:00:06] Quality Gates: + phase-0a-design-system
━━━━━━━━━━━━━━━━━━━━━━━━━━━━━━━━━━━━━━━━━━━━━━━━━━━━
[2025-11-04 16:00:06] ℹ️  Gate 1: TypeScript compilation...
./scripts/merge-orchestrator.sh: line 209: npx: command not found
[2025-11-04 16:00:06] ✅ TypeScript compilation passed
[2025-11-04 16:00:06] ℹ️  Gate 2: Test suite...
[2025-11-04 16:00:06] ⚠️  WARNING: No test scripts found, skipping test gate
[2025-11-04 16:00:06] ℹ️  Gate 3: Architecture review...
[2025-11-04 16:00:06] 🔍 Spawning architecture-skeptic agent...
[2025-11-04 16:00:06] ❌ ERROR: Architecture review blocked merge
[2025-11-04 16:00:06] ❌ ERROR: Quality gates failed
[2025-11-04 16:00:06] ℹ️  Preserving merge branch for inspection: merge/+ phase-0a-design-system_20251104_160000_FAILED
Already on 'main'
M	autonomous-worker.sh
M	logs/merge_orchestrator/cron_20251103.log
M	research/-aiexplained-official/sync.log
M	research/-aispecies/sync.log
M	research/crobertmilesai/sync.log
M	research/embeddings/index_stats.json
M	research/youtube-channels/auto-sync.log
Your branch is up to date with 'origin/main'.
fatal: Invalid branch name: 'merge/+ phase-0a-design-system_20251104_160000'

━━━━━━━━━━━━━━━━━━━━━━━━━━━━━━━━━━━━━━━━━━━━━━━━━━━━
[2025-11-04 17:00:00] 🤖 Merge Orchestrator - 20251104_170000
━━━━━━━━━━━━━━━━━━━━━━━━━━━━━━━━━━━━━━━━━━━━━━━━━━━━
[2025-11-04 17:00:01] ℹ️  Environment: Mac (frontend + backend)
[2025-11-04 17:00:01] ℹ️  Dry run: false
[2025-11-04 17:00:01] ℹ️  Skip frontend: false
[2025-11-04 17:00:01] ℹ️  Max branches: 10
[2025-11-04 17:00:01] ℹ️  Agent reviews (Phase 2): true
[2025-11-04 17:00:01] ℹ️  Auto-remediation (Phase 2.5): true
[2025-11-04 17:00:01] ℹ️  Discovering feature branches...
[2025-11-04 17:00:02] ℹ️  Found       40 feature branches
[2025-11-04 17:00:02] ⚠️  WARNING: Branch count (      40) exceeds max (10), processing first 10

━━━━━━━━━━━━━━━━━━━━━━━━━━━━━━━━━━━━━━━━━━━━━━━━━━━━
[2025-11-04 17:00:02] Processing: + phase-0a-design-system
━━━━━━━━━━━━━━━━━━━━━━━━━━━━━━━━━━━━━━━━━━━━━━━━━━━━
[2025-11-04 17:00:02] ℹ️  Creating merge branch: merge/+ phase-0a-design-system_20251104_170000
fatal: 'merge/+ phase-0a-design-system_20251104_170000' is not a valid branch name
[2025-11-04 17:00:02] ℹ️  Pulling latest main...
From github.com:lizTheDeveloper/ai_game_theory_simulation
 * branch            main       -> FETCH_HEAD
Already up to date.
[2025-11-04 17:00:06] ℹ️  Attempting merge from + phase-0a-design-system...
merge: origin/+ phase-0a-design-system - not something we can merge
[2025-11-04 17:00:06] ✅ Merge successful (no conflicts)

━━━━━━━━━━━━━━━━━━━━━━━━━━━━━━━━━━━━━━━━━━━━━━━━━━━━
[2025-11-04 17:00:06] Quality Gates: + phase-0a-design-system
━━━━━━━━━━━━━━━━━━━━━━━━━━━━━━━━━━━━━━━━━━━━━━━━━━━━
[2025-11-04 17:00:06] ℹ️  Gate 1: TypeScript compilation...
./scripts/merge-orchestrator.sh: line 209: npx: command not found
[2025-11-04 17:00:06] ✅ TypeScript compilation passed
[2025-11-04 17:00:06] ℹ️  Gate 2: Test suite...
[2025-11-04 17:00:06] ⚠️  WARNING: No test scripts found, skipping test gate
[2025-11-04 17:00:06] ℹ️  Gate 3: Architecture review...
[2025-11-04 17:00:06] 🔍 Spawning architecture-skeptic agent...
[2025-11-04 17:00:06] ❌ ERROR: Architecture review blocked merge
[2025-11-04 17:00:06] ❌ ERROR: Quality gates failed
[2025-11-04 17:00:06] ℹ️  Preserving merge branch for inspection: merge/+ phase-0a-design-system_20251104_170000_FAILED
Already on 'main'
M	autonomous-worker.sh
M	logs/merge_orchestrator/cron_20251103.log
M	research/-aiexplained-official/sync.log
M	research/-aispecies/sync.log
M	research/crobertmilesai/sync.log
M	research/embeddings/index_stats.json
M	research/youtube-channels/auto-sync.log
Your branch is up to date with 'origin/main'.
fatal: Invalid branch name: 'merge/+ phase-0a-design-system_20251104_170000'

━━━━━━━━━━━━━━━━━━━━━━━━━━━━━━━━━━━━━━━━━━━━━━━━━━━━
[2025-11-04 18:00:01] 🤖 Merge Orchestrator - 20251104_180001
━━━━━━━━━━━━━━━━━━━━━━━━━━━━━━━━━━━━━━━━━━━━━━━━━━━━
[2025-11-04 18:00:01] ℹ️  Environment: Mac (frontend + backend)
[2025-11-04 18:00:01] ℹ️  Dry run: false
[2025-11-04 18:00:01] ℹ️  Skip frontend: false
[2025-11-04 18:00:01] ℹ️  Max branches: 10
[2025-11-04 18:00:01] ℹ️  Agent reviews (Phase 2): true
[2025-11-04 18:00:01] ℹ️  Auto-remediation (Phase 2.5): true
[2025-11-04 18:00:01] ℹ️  Discovering feature branches...
[2025-11-04 18:00:02] ℹ️  Found       40 feature branches
[2025-11-04 18:00:02] ⚠️  WARNING: Branch count (      40) exceeds max (10), processing first 10

━━━━━━━━━━━━━━━━━━━━━━━━━━━━━━━━━━━━━━━━━━━━━━━━━━━━
[2025-11-04 18:00:02] Processing: + phase-0a-design-system
━━━━━━━━━━━━━━━━━━━━━━━━━━━━━━━━━━━━━━━━━━━━━━━━━━━━
[2025-11-04 18:00:02] ℹ️  Creating merge branch: merge/+ phase-0a-design-system_20251104_180001
fatal: 'merge/+ phase-0a-design-system_20251104_180001' is not a valid branch name
[2025-11-04 18:00:02] ℹ️  Pulling latest main...
From github.com:lizTheDeveloper/ai_game_theory_simulation
 * branch            main       -> FETCH_HEAD
Already up to date.
[2025-11-04 18:00:04] ℹ️  Attempting merge from + phase-0a-design-system...
merge: origin/+ phase-0a-design-system - not something we can merge
[2025-11-04 18:00:04] ✅ Merge successful (no conflicts)

━━━━━━━━━━━━━━━━━━━━━━━━━━━━━━━━━━━━━━━━━━━━━━━━━━━━
[2025-11-04 18:00:04] Quality Gates: + phase-0a-design-system
━━━━━━━━━━━━━━━━━━━━━━━━━━━━━━━━━━━━━━━━━━━━━━━━━━━━
[2025-11-04 18:00:04] ℹ️  Gate 1: TypeScript compilation...
./scripts/merge-orchestrator.sh: line 209: npx: command not found
[2025-11-04 18:00:04] ✅ TypeScript compilation passed
[2025-11-04 18:00:04] ℹ️  Gate 2: Test suite...
[2025-11-04 18:00:04] ⚠️  WARNING: No test scripts found, skipping test gate
[2025-11-04 18:00:04] ℹ️  Gate 3: Architecture review...
[2025-11-04 18:00:04] 🔍 Spawning architecture-skeptic agent...
[2025-11-04 18:00:04] ❌ ERROR: Architecture review blocked merge
[2025-11-04 18:00:04] ❌ ERROR: Quality gates failed
[2025-11-04 18:00:04] ℹ️  Preserving merge branch for inspection: merge/+ phase-0a-design-system_20251104_180001_FAILED
Already on 'main'
M	autonomous-worker.sh
M	logs/merge_orchestrator/cron_20251103.log
M	research/-aiexplained-official/sync.log
M	research/-aispecies/sync.log
M	research/crobertmilesai/sync.log
M	research/embeddings/index_stats.json
M	research/youtube-channels/auto-sync.log
Your branch is up to date with 'origin/main'.
fatal: Invalid branch name: 'merge/+ phase-0a-design-system_20251104_180001'

━━━━━━━━━━━━━━━━━━━━━━━━━━━━━━━━━━━━━━━━━━━━━━━━━━━━
[2025-11-04 22:00:00] 🤖 Merge Orchestrator - 20251104_220000
━━━━━━━━━━━━━━━━━━━━━━━━━━━━━━━━━━━━━━━━━━━━━━━━━━━━
[2025-11-04 22:00:00] ℹ️  Environment: Mac (frontend + backend)
[2025-11-04 22:00:00] ℹ️  Dry run: false
[2025-11-04 22:00:01] ℹ️  Skip frontend: false
[2025-11-04 22:00:01] ℹ️  Max branches: 10
[2025-11-04 22:00:01] ℹ️  Agent reviews (Phase 2): true
[2025-11-04 22:00:01] ℹ️  Auto-remediation (Phase 2.5): true
[2025-11-04 22:00:01] ℹ️  Discovering feature branches...
[2025-11-04 22:00:02] ℹ️  Found       40 feature branches
[2025-11-04 22:00:02] ⚠️  WARNING: Branch count (      40) exceeds max (10), processing first 10

━━━━━━━━━━━━━━━━━━━━━━━━━━━━━━━━━━━━━━━━━━━━━━━━━━━━
[2025-11-04 22:00:02] Processing: + phase-0a-design-system
━━━━━━━━━━━━━━━━━━━━━━━━━━━━━━━━━━━━━━━━━━━━━━━━━━━━
[2025-11-04 22:00:02] ℹ️  Creating merge branch: merge/+ phase-0a-design-system_20251104_220000
fatal: 'merge/+ phase-0a-design-system_20251104_220000' is not a valid branch name
[2025-11-04 22:00:02] ℹ️  Pulling latest main...
From github.com:lizTheDeveloper/ai_game_theory_simulation
 * branch            main       -> FETCH_HEAD
Already up to date.
[2025-11-04 22:00:04] ℹ️  Attempting merge from + phase-0a-design-system...
merge: origin/+ phase-0a-design-system - not something we can merge
[2025-11-04 22:00:04] ✅ Merge successful (no conflicts)

━━━━━━━━━━━━━━━━━━━━━━━━━━━━━━━━━━━━━━━━━━━━━━━━━━━━
[2025-11-04 22:00:04] Quality Gates: + phase-0a-design-system
━━━━━━━━━━━━━━━━━━━━━━━━━━━━━━━━━━━━━━━━━━━━━━━━━━━━
[2025-11-04 22:00:04] ℹ️  Gate 1: TypeScript compilation...
./scripts/merge-orchestrator.sh: line 209: npx: command not found
[2025-11-04 22:00:04] ✅ TypeScript compilation passed
[2025-11-04 22:00:04] ℹ️  Gate 2: Test suite...
[2025-11-04 22:00:04] ⚠️  WARNING: No test scripts found, skipping test gate
[2025-11-04 22:00:04] ℹ️  Gate 3: Architecture review...
[2025-11-04 22:00:04] 🔍 Spawning architecture-skeptic agent...
[2025-11-04 22:00:04] ❌ ERROR: Architecture review blocked merge
[2025-11-04 22:00:04] ❌ ERROR: Quality gates failed
[2025-11-04 22:00:04] ℹ️  Preserving merge branch for inspection: merge/+ phase-0a-design-system_20251104_220000_FAILED
Already on 'main'
M	autonomous-worker.sh
M	logs/merge_orchestrator/cron_20251103.log
M	research/-aiexplained-official/sync.log
M	research/-aispecies/sync.log
M	research/crobertmilesai/sync.log
M	research/embeddings/index_stats.json
M	research/youtube-channels/auto-sync.log
Your branch is up to date with 'origin/main'.
fatal: Invalid branch name: 'merge/+ phase-0a-design-system_20251104_220000'

━━━━━━━━━━━━━━━━━━━━━━━━━━━━━━━━━━━━━━━━━━━━━━━━━━━━
[2025-11-04 23:00:00] 🤖 Merge Orchestrator - 20251104_230000
━━━━━━━━━━━━━━━━━━━━━━━━━━━━━━━━━━━━━━━━━━━━━━━━━━━━
[2025-11-04 23:00:00] ℹ️  Environment: Mac (frontend + backend)
[2025-11-04 23:00:00] ℹ️  Dry run: false
[2025-11-04 23:00:00] ℹ️  Skip frontend: false
[2025-11-04 23:00:00] ℹ️  Max branches: 10
[2025-11-04 23:00:00] ℹ️  Agent reviews (Phase 2): true
[2025-11-04 23:00:00] ℹ️  Auto-remediation (Phase 2.5): true
[2025-11-04 23:00:00] ℹ️  Discovering feature branches...
[2025-11-04 23:00:02] ℹ️  Found       40 feature branches
[2025-11-04 23:00:02] ⚠️  WARNING: Branch count (      40) exceeds max (10), processing first 10

━━━━━━━━━━━━━━━━━━━━━━━━━━━━━━━━━━━━━━━━━━━━━━━━━━━━
[2025-11-04 23:00:02] Processing: + phase-0a-design-system
━━━━━━━━━━━━━━━━━━━━━━━━━━━━━━━━━━━━━━━━━━━━━━━━━━━━
[2025-11-04 23:00:02] ℹ️  Creating merge branch: merge/+ phase-0a-design-system_20251104_230000
fatal: 'merge/+ phase-0a-design-system_20251104_230000' is not a valid branch name
[2025-11-04 23:00:02] ℹ️  Pulling latest main...
From github.com:lizTheDeveloper/ai_game_theory_simulation
 * branch            main       -> FETCH_HEAD
Already up to date.
[2025-11-04 23:00:03] ℹ️  Attempting merge from + phase-0a-design-system...
merge: origin/+ phase-0a-design-system - not something we can merge
[2025-11-04 23:00:03] ✅ Merge successful (no conflicts)

━━━━━━━━━━━━━━━━━━━━━━━━━━━━━━━━━━━━━━━━━━━━━━━━━━━━
[2025-11-04 23:00:03] Quality Gates: + phase-0a-design-system
━━━━━━━━━━━━━━━━━━━━━━━━━━━━━━━━━━━━━━━━━━━━━━━━━━━━
[2025-11-04 23:00:03] ℹ️  Gate 1: TypeScript compilation...
./scripts/merge-orchestrator.sh: line 209: npx: command not found
[2025-11-04 23:00:03] ✅ TypeScript compilation passed
[2025-11-04 23:00:03] ℹ️  Gate 2: Test suite...
[2025-11-04 23:00:04] ⚠️  WARNING: No test scripts found, skipping test gate
[2025-11-04 23:00:04] ℹ️  Gate 3: Architecture review...
[2025-11-04 23:00:04] 🔍 Spawning architecture-skeptic agent...
[2025-11-04 23:00:04] ❌ ERROR: Architecture review blocked merge
[2025-11-04 23:00:04] ❌ ERROR: Quality gates failed
[2025-11-04 23:00:04] ℹ️  Preserving merge branch for inspection: merge/+ phase-0a-design-system_20251104_230000_FAILED
Already on 'main'
M	autonomous-worker.sh
M	logs/merge_orchestrator/cron_20251103.log
M	research/-aiexplained-official/sync.log
M	research/-aispecies/sync.log
M	research/crobertmilesai/sync.log
M	research/embeddings/index_stats.json
M	research/youtube-channels/auto-sync.log
Your branch is up to date with 'origin/main'.
fatal: Invalid branch name: 'merge/+ phase-0a-design-system_20251104_230000'
