
━━━━━━━━━━━━━━━━━━━━━━━━━━━━━━━━━━━━━━━━━━━━━━━━━━━━
[2025-11-05 09:03:02] 🤖 Merge Orchestrator - 20251105_090302
━━━━━━━━━━━━━━━━━━━━━━━━━━━━━━━━━━━━━━━━━━━━━━━━━━━━
[2025-11-05 09:03:02] ℹ️  Environment: Mac (frontend + backend)
[2025-11-05 09:03:02] ℹ️  Dry run: false
[2025-11-05 09:03:02] ℹ️  Skip frontend: false
[2025-11-05 09:03:02] ℹ️  Max branches: 10
[2025-11-05 09:03:02] ℹ️  Agent reviews (Phase 2): true
[2025-11-05 09:03:02] ℹ️  Auto-remediation (Phase 2.5): true
[2025-11-05 09:03:02] ℹ️  Discovering feature branches...
ssh: connect to host github.com port 22: Undefined error: 0
fatal: Could not read from remote repository.

Please make sure you have the correct access rights
and the repository exists.
[2025-11-05 09:03:03] ℹ️  Found       40 feature branches
[2025-11-05 09:03:03] ⚠️  WARNING: Branch count (      40) exceeds max (10), processing first 10

━━━━━━━━━━━━━━━━━━━━━━━━━━━━━━━━━━━━━━━━━━━━━━━━━━━━
[2025-11-05 09:03:03] Processing: + phase-0a-design-system
━━━━━━━━━━━━━━━━━━━━━━━━━━━━━━━━━━━━━━━━━━━━━━━━━━━━
[2025-11-05 09:03:03] ℹ️  Creating merge branch: merge/+ phase-0a-design-system_20251105_090302
fatal: 'merge/+ phase-0a-design-system_20251105_090302' is not a valid branch name
[2025-11-05 09:03:03] ℹ️  Pulling latest main...
ssh: connect to host github.com port 22: Undefined error: 0
fatal: Could not read from remote repository.

Please make sure you have the correct access rights
and the repository exists.
[2025-11-05 09:03:03] ℹ️  Attempting merge from + phase-0a-design-system...
merge: origin/+ phase-0a-design-system - not something we can merge
[2025-11-05 09:03:03] ✅ Merge successful (no conflicts)

━━━━━━━━━━━━━━━━━━━━━━━━━━━━━━━━━━━━━━━━━━━━━━━━━━━━
[2025-11-05 09:03:03] Quality Gates: + phase-0a-design-system
━━━━━━━━━━━━━━━━━━━━━━━━━━━━━━━━━━━━━━━━━━━━━━━━━━━━
[2025-11-05 09:03:03] ℹ️  Gate 1: TypeScript compilation...
./scripts/merge-orchestrator.sh: line 209: npx: command not found
[2025-11-05 09:03:03] ✅ TypeScript compilation passed
[2025-11-05 09:03:03] ℹ️  Gate 2: Test suite...
[2025-11-05 09:03:03] ⚠️  WARNING: No test scripts found, skipping test gate
[2025-11-05 09:03:03] ℹ️  Gate 3: Architecture review...
[2025-11-05 09:03:03] 🔍 Spawning architecture-skeptic agent...
[2025-11-05 09:03:03] ❌ ERROR: Architecture review blocked merge
[2025-11-05 09:03:03] ❌ ERROR: Quality gates failed
[2025-11-05 09:03:03] ℹ️  Preserving merge branch for inspection: merge/+ phase-0a-design-system_20251105_090302_FAILED
Already on 'main'
M	autonomous-worker.sh
M	logs/merge_orchestrator/cron_20251103.log
M	research/-aiexplained-official/sync.log
M	research/-aispecies/sync.log
M	research/crobertmilesai/sync.log
M	research/embeddings/index_stats.json
M	research/youtube-channels/auto-sync.log
Your branch is up to date with 'origin/main'.
fatal: Invalid branch name: 'merge/+ phase-0a-design-system_20251105_090302'
