
=== Merge Orchestrator Started ===
[15:00:01] Timestamp: Thu Nov  6 15:00:01 UTC 2025
[15:00:01] Dry run: false
[15:00:01] ⚠️  Merge orchestrator already running (lock file exists)
[15:00:01] Max branches: 10
[15:00:01] Environment: VM (backend only)

=== Fetching Latest Changes ===

=== Discovering Branches ===
[15:00:02] Found 89 branches to process

=== Branch 1/89: auto/worker-20251102_043015 ===
[15:00:02] 📝 Creating merge branch: merge/auto/worker-20251102_043015_20251106_150001
error: Your local changes to the following files would be overwritten by checkout:
	logs/autonomous/status_current.txt
Please commit your changes or stash them before you switch branches.
Aborting
[15:00:03] ❌ Failed to create merge branch

=== Branch 2/89: auto/worker-20251102_050015 ===
[15:00:03] 📝 Creating merge branch: merge/auto/worker-20251102_050015_20251106_150001
error: Your local changes to the following files would be overwritten by checkout:
	logs/autonomous/status_current.txt
Please commit your changes or stash them before you switch branches.
Aborting
[15:00:03] ❌ Failed to create merge branch

=== Branch 3/89: auto/worker-20251102_080006 ===
[15:00:03] 📝 Creating merge branch: merge/auto/worker-20251102_080006_20251106_150001
error: Your local changes to the following files would be overwritten by checkout:
	logs/autonomous/status_current.txt
Please commit your changes or stash them before you switch branches.
Aborting
[15:00:03] ❌ Failed to create merge branch

=== Branch 4/89: auto/worker-20251102_090015 ===
[15:00:03] 📝 Creating merge branch: merge/auto/worker-20251102_090015_20251106_150001
error: Your local changes to the following files would be overwritten by checkout:
	logs/autonomous/status_current.txt
Please commit your changes or stash them before you switch branches.
Aborting
[15:00:03] ❌ Failed to create merge branch

=== Branch 5/89: auto/worker-20251102_100015 ===
[15:00:03] 📝 Creating merge branch: merge/auto/worker-20251102_100015_20251106_150001
error: Your local changes to the following files would be overwritten by checkout:
	logs/autonomous/status_current.txt
Please commit your changes or stash them before you switch branches.
Aborting
[15:00:03] ❌ Failed to create merge branch

=== Branch 6/89: auto/worker-20251102_110015 ===
[15:00:03] 📝 Creating merge branch: merge/auto/worker-20251102_110015_20251106_150001
error: Your local changes to the following files would be overwritten by checkout:
	logs/autonomous/status_current.txt
Please commit your changes or stash them before you switch branches.
Aborting
[15:00:03] ❌ Failed to create merge branch

=== Branch 7/89: auto/worker-20251102_120000 ===
[15:00:03] 📝 Creating merge branch: merge/auto/worker-20251102_120000_20251106_150001
error: Your local changes to the following files would be overwritten by checkout:
	logs/autonomous/status_current.txt
Please commit your changes or stash them before you switch branches.
Aborting
[15:00:03] ❌ Failed to create merge branch

=== Branch 8/89: auto/worker-20251102_130014 ===
[15:00:03] 📝 Creating merge branch: merge/auto/worker-20251102_130014_20251106_150001
error: Your local changes to the following files would be overwritten by checkout:
	logs/autonomous/status_current.txt
Please commit your changes or stash them before you switch branches.
Aborting
[15:00:03] ❌ Failed to create merge branch

=== Branch 9/89: auto/worker-20251102_140015 ===
[15:00:03] 📝 Creating merge branch: merge/auto/worker-20251102_140015_20251106_150001
error: Your local changes to the following files would be overwritten by checkout:
	logs/autonomous/status_current.txt
Please commit your changes or stash them before you switch branches.
Aborting
[15:00:03] ❌ Failed to create merge branch

=== Branch 10/89: auto/worker-20251102_150015 ===
[15:00:04] 📝 Creating merge branch: merge/auto/worker-20251102_150015_20251106_150001
error: Your local changes to the following files would be overwritten by checkout:
	logs/autonomous/status_current.txt
Please commit your changes or stash them before you switch branches.
Aborting
[15:00:04] ❌ Failed to create merge branch
[15:00:04] ⏸️  Reached max branches limit (10), stopping

=== Summary ===
[15:00:04] Total branches found: 89
[15:00:04] Branches processed: 10
[15:00:04] ✅ Successfully merged: 0
[15:00:04] ⏭️  Skipped (frontend on VM): 0
[15:00:04] ❌ Failed (conflicts/gates): 10
[15:00:04] 
[15:00:04] 📊 Remaining branches: 79
[15:00:04]    (Will be processed in next run)

=== Merge Orchestrator Complete ===
[15:00:04] Full log: /home/lizthedeveloper_gmail_com/ai_game_theory_simulation/logs/merge_orchestrator/merge_20251106_150001.log
