
=== Merge Orchestrator Started ===
[08:30:01] Timestamp: Thu Nov  6 08:30:01 UTC 2025
[08:30:01] Dry run: false
[08:30:01] Max branches: 10
[08:30:01] Environment: VM (backend only)

=== Fetching Latest Changes ===

=== Discovering Branches ===
[08:30:02] Found 84 branches to process

=== Branch 1/84: auto/worker-20251102_043015 ===
[08:30:02] 📝 Creating merge branch: merge/auto/worker-20251102_043015_20251106_083001
error: Your local changes to the following files would be overwritten by checkout:
	logs/autonomous/researcher/cron_20251106.log
	logs/autonomous/status_current.txt
	logs/autonomous/worker_20251106_080002.log
Please commit your changes or stash them before you switch branches.
Aborting
[08:30:03] ❌ Failed to create merge branch

=== Branch 2/84: auto/worker-20251102_050015 ===
[08:30:03] 📝 Creating merge branch: merge/auto/worker-20251102_050015_20251106_083001
error: Your local changes to the following files would be overwritten by checkout:
	logs/autonomous/researcher/cron_20251106.log
	logs/autonomous/status_current.txt
	logs/autonomous/worker_20251106_080002.log
Please commit your changes or stash them before you switch branches.
Aborting
[08:30:03] ❌ Failed to create merge branch

=== Branch 3/84: auto/worker-20251102_080006 ===
[08:30:03] 📝 Creating merge branch: merge/auto/worker-20251102_080006_20251106_083001
error: Your local changes to the following files would be overwritten by checkout:
	logs/autonomous/researcher/cron_20251106.log
	logs/autonomous/status_current.txt
	logs/autonomous/worker_20251106_080002.log
Please commit your changes or stash them before you switch branches.
Aborting
[08:30:03] ❌ Failed to create merge branch

=== Branch 4/84: auto/worker-20251102_090015 ===
[08:30:03] 📝 Creating merge branch: merge/auto/worker-20251102_090015_20251106_083001
error: Your local changes to the following files would be overwritten by checkout:
	logs/autonomous/researcher/cron_20251106.log
	logs/autonomous/status_current.txt
	logs/autonomous/worker_20251106_080002.log
Please commit your changes or stash them before you switch branches.
Aborting
[08:30:03] ❌ Failed to create merge branch

=== Branch 5/84: auto/worker-20251102_100015 ===
[08:30:03] 📝 Creating merge branch: merge/auto/worker-20251102_100015_20251106_083001
error: Your local changes to the following files would be overwritten by checkout:
	logs/autonomous/researcher/cron_20251106.log
	logs/autonomous/status_current.txt
	logs/autonomous/worker_20251106_080002.log
Please commit your changes or stash them before you switch branches.
Aborting
[08:30:03] ❌ Failed to create merge branch

=== Branch 6/84: auto/worker-20251102_110015 ===
[08:30:03] 📝 Creating merge branch: merge/auto/worker-20251102_110015_20251106_083001
error: Your local changes to the following files would be overwritten by checkout:
	logs/autonomous/researcher/cron_20251106.log
	logs/autonomous/status_current.txt
	logs/autonomous/worker_20251106_080002.log
Please commit your changes or stash them before you switch branches.
Aborting
[08:30:03] ❌ Failed to create merge branch

=== Branch 7/84: auto/worker-20251102_120000 ===
[08:30:03] 📝 Creating merge branch: merge/auto/worker-20251102_120000_20251106_083001
error: Your local changes to the following files would be overwritten by checkout:
	logs/autonomous/researcher/cron_20251106.log
	logs/autonomous/status_current.txt
	logs/autonomous/worker_20251106_080002.log
Please commit your changes or stash them before you switch branches.
Aborting
[08:30:03] ❌ Failed to create merge branch

=== Branch 8/84: auto/worker-20251102_130014 ===
[08:30:03] 📝 Creating merge branch: merge/auto/worker-20251102_130014_20251106_083001
error: Your local changes to the following files would be overwritten by checkout:
	logs/autonomous/researcher/cron_20251106.log
	logs/autonomous/status_current.txt
	logs/autonomous/worker_20251106_080002.log
Please commit your changes or stash them before you switch branches.
Aborting
[08:30:03] ❌ Failed to create merge branch

=== Branch 9/84: auto/worker-20251102_140015 ===
[08:30:03] 📝 Creating merge branch: merge/auto/worker-20251102_140015_20251106_083001
error: Your local changes to the following files would be overwritten by checkout:
	logs/autonomous/researcher/cron_20251106.log
	logs/autonomous/status_current.txt
	logs/autonomous/worker_20251106_080002.log
Please commit your changes or stash them before you switch branches.
Aborting
[08:30:03] ❌ Failed to create merge branch

=== Branch 10/84: auto/worker-20251102_150015 ===
[08:30:03] 📝 Creating merge branch: merge/auto/worker-20251102_150015_20251106_083001
error: Your local changes to the following files would be overwritten by checkout:
	logs/autonomous/researcher/cron_20251106.log
	logs/autonomous/status_current.txt
	logs/autonomous/worker_20251106_080002.log
Please commit your changes or stash them before you switch branches.
Aborting
[08:30:03] ❌ Failed to create merge branch
[08:30:03] ⏸️  Reached max branches limit (10), stopping

=== Summary ===
[08:30:03] Total branches found: 84
[08:30:03] Branches processed: 10
[08:30:03] ✅ Successfully merged: 0
[08:30:03] ⏭️  Skipped (frontend on VM): 0
[08:30:03] ❌ Failed (conflicts/gates): 10
[08:30:03] 
[08:30:03] 📊 Remaining branches: 74
[08:30:03]    (Will be processed in next run)

=== Merge Orchestrator Complete ===
[08:30:03] Full log: /home/lizthedeveloper_gmail_com/ai_game_theory_simulation/logs/merge_orchestrator/merge_20251106_083001.log
