
=== Merge Orchestrator Started ===
[06:30:02] Timestamp: Thu Nov  6 06:30:02 UTC 2025
[06:30:02] Dry run: false
[06:30:02] Max branches: 10
[06:30:02] Environment: VM (backend only)

=== Fetching Latest Changes ===

=== Discovering Branches ===
[06:30:03] Found 80 branches to process

=== Branch 1/80: auto/worker-20251102_043015 ===
[06:30:03] 📝 Creating merge branch: merge/auto/worker-20251102_043015_20251106_063002
error: Your local changes to the following files would be overwritten by checkout:
	docs/underdocumented.json
	logs/autonomous/researcher/cron_20251106.log
	logs/autonomous/worker_20251106_060001.log
Please commit your changes or stash them before you switch branches.
Aborting
[06:30:03] ❌ Failed to create merge branch

=== Branch 2/80: auto/worker-20251102_050015 ===
[06:30:03] 📝 Creating merge branch: merge/auto/worker-20251102_050015_20251106_063002
error: Your local changes to the following files would be overwritten by checkout:
	docs/underdocumented.json
	logs/autonomous/researcher/cron_20251106.log
	logs/autonomous/worker_20251106_060001.log
Please commit your changes or stash them before you switch branches.
Aborting
[06:30:04] ❌ Failed to create merge branch

=== Branch 3/80: auto/worker-20251102_080006 ===
[06:30:04] 📝 Creating merge branch: merge/auto/worker-20251102_080006_20251106_063002
error: Your local changes to the following files would be overwritten by checkout:
	docs/underdocumented.json
	logs/autonomous/researcher/cron_20251106.log
	logs/autonomous/worker_20251106_060001.log
Please commit your changes or stash them before you switch branches.
Aborting
[06:30:04] ❌ Failed to create merge branch

=== Branch 4/80: auto/worker-20251102_090015 ===
[06:30:04] 📝 Creating merge branch: merge/auto/worker-20251102_090015_20251106_063002
error: Your local changes to the following files would be overwritten by checkout:
	docs/underdocumented.json
	logs/autonomous/researcher/cron_20251106.log
	logs/autonomous/worker_20251106_060001.log
Please commit your changes or stash them before you switch branches.
Aborting
[06:30:04] ❌ Failed to create merge branch

=== Branch 5/80: auto/worker-20251102_100015 ===
[06:30:04] 📝 Creating merge branch: merge/auto/worker-20251102_100015_20251106_063002
error: Your local changes to the following files would be overwritten by checkout:
	docs/underdocumented.json
	logs/autonomous/researcher/cron_20251106.log
	logs/autonomous/worker_20251106_060001.log
Please commit your changes or stash them before you switch branches.
Aborting
[06:30:05] ❌ Failed to create merge branch

=== Branch 6/80: auto/worker-20251102_110015 ===
[06:30:05] 📝 Creating merge branch: merge/auto/worker-20251102_110015_20251106_063002
error: Your local changes to the following files would be overwritten by checkout:
	docs/underdocumented.json
	logs/autonomous/researcher/cron_20251106.log
	logs/autonomous/worker_20251106_060001.log
Please commit your changes or stash them before you switch branches.
Aborting
[06:30:05] ❌ Failed to create merge branch

=== Branch 7/80: auto/worker-20251102_120000 ===
[06:30:05] 📝 Creating merge branch: merge/auto/worker-20251102_120000_20251106_063002
error: Your local changes to the following files would be overwritten by checkout:
	docs/underdocumented.json
	logs/autonomous/researcher/cron_20251106.log
	logs/autonomous/worker_20251106_060001.log
Please commit your changes or stash them before you switch branches.
Aborting
[06:30:05] ❌ Failed to create merge branch

=== Branch 8/80: auto/worker-20251102_130014 ===
[06:30:05] 📝 Creating merge branch: merge/auto/worker-20251102_130014_20251106_063002
error: Your local changes to the following files would be overwritten by checkout:
	docs/underdocumented.json
	logs/autonomous/researcher/cron_20251106.log
	logs/autonomous/worker_20251106_060001.log
Please commit your changes or stash them before you switch branches.
Aborting
[06:30:05] ❌ Failed to create merge branch

=== Branch 9/80: auto/worker-20251102_140015 ===
[06:30:05] 📝 Creating merge branch: merge/auto/worker-20251102_140015_20251106_063002
error: Your local changes to the following files would be overwritten by checkout:
	docs/underdocumented.json
	logs/autonomous/researcher/cron_20251106.log
	logs/autonomous/worker_20251106_060001.log
Please commit your changes or stash them before you switch branches.
Aborting
[06:30:05] ❌ Failed to create merge branch

=== Branch 10/80: auto/worker-20251102_150015 ===
[06:30:05] 📝 Creating merge branch: merge/auto/worker-20251102_150015_20251106_063002
error: Your local changes to the following files would be overwritten by checkout:
	docs/underdocumented.json
	logs/autonomous/researcher/cron_20251106.log
	logs/autonomous/worker_20251106_060001.log
Please commit your changes or stash them before you switch branches.
Aborting
[06:30:05] ❌ Failed to create merge branch
[06:30:05] ⏸️  Reached max branches limit (10), stopping

=== Summary ===
[06:30:05] Total branches found: 80
[06:30:05] Branches processed: 10
[06:30:05] ✅ Successfully merged: 0
[06:30:05] ⏭️  Skipped (frontend on VM): 0
[06:30:05] ❌ Failed (conflicts/gates): 10
[06:30:05] 
[06:30:05] 📊 Remaining branches: 70
[06:30:05]    (Will be processed in next run)

=== Merge Orchestrator Complete ===
[06:30:05] Full log: /home/lizthedeveloper_gmail_com/ai_game_theory_simulation/logs/merge_orchestrator/merge_20251106_063002.log
