
=== Merge Orchestrator Started ===
[02:00:01] Timestamp: Thu Nov  6 02:00:01 UTC 2025
[02:00:01] ⚠️  Merge orchestrator already running (lock file exists)
[02:00:01] Dry run: false
[02:00:01] Max branches: 10
[02:00:01] Environment: VM (backend only)

=== Fetching Latest Changes ===

=== Discovering Branches ===
[02:00:02] Found 73 branches to process

=== Branch 1/73: auto/worker-20251102_043015 ===
[02:00:02] 📝 Creating merge branch: merge/auto/worker-20251102_043015_20251106_020001
error: Your local changes to the following files would be overwritten by checkout:
	logs/autonomous/status_current.txt
Please commit your changes or stash them before you switch branches.
Aborting
[02:00:03] ❌ Failed to create merge branch

=== Branch 2/73: auto/worker-20251102_050015 ===
[02:00:03] 📝 Creating merge branch: merge/auto/worker-20251102_050015_20251106_020001
error: Your local changes to the following files would be overwritten by checkout:
	logs/autonomous/status_current.txt
Please commit your changes or stash them before you switch branches.
Aborting
[02:00:03] ❌ Failed to create merge branch

=== Branch 3/73: auto/worker-20251102_080006 ===
[02:00:03] 📝 Creating merge branch: merge/auto/worker-20251102_080006_20251106_020001
error: Your local changes to the following files would be overwritten by checkout:
	logs/autonomous/status_current.txt
Please commit your changes or stash them before you switch branches.
Aborting
[02:00:03] ❌ Failed to create merge branch

=== Branch 4/73: auto/worker-20251102_090015 ===
[02:00:03] 📝 Creating merge branch: merge/auto/worker-20251102_090015_20251106_020001
error: Your local changes to the following files would be overwritten by checkout:
	logs/autonomous/status_current.txt
Please commit your changes or stash them before you switch branches.
Aborting
[02:00:03] ❌ Failed to create merge branch

=== Branch 5/73: auto/worker-20251102_100015 ===
[02:00:03] 📝 Creating merge branch: merge/auto/worker-20251102_100015_20251106_020001
error: Your local changes to the following files would be overwritten by checkout:
	logs/autonomous/status_current.txt
Please commit your changes or stash them before you switch branches.
Aborting
[02:00:03] ❌ Failed to create merge branch

=== Branch 6/73: auto/worker-20251102_110015 ===
[02:00:03] 📝 Creating merge branch: merge/auto/worker-20251102_110015_20251106_020001
error: Your local changes to the following files would be overwritten by checkout:
	logs/autonomous/status_current.txt
Please commit your changes or stash them before you switch branches.
Aborting
[02:00:04] ❌ Failed to create merge branch

=== Branch 7/73: auto/worker-20251102_120000 ===
[02:00:04] 📝 Creating merge branch: merge/auto/worker-20251102_120000_20251106_020001
error: Your local changes to the following files would be overwritten by checkout:
	logs/autonomous/status_current.txt
Please commit your changes or stash them before you switch branches.
Aborting
[02:00:04] ❌ Failed to create merge branch

=== Branch 8/73: auto/worker-20251102_130014 ===
[02:00:04] 📝 Creating merge branch: merge/auto/worker-20251102_130014_20251106_020001
error: Your local changes to the following files would be overwritten by checkout:
	logs/autonomous/status_current.txt
Please commit your changes or stash them before you switch branches.
Aborting
[02:00:04] ❌ Failed to create merge branch

=== Branch 9/73: auto/worker-20251102_140015 ===
[02:00:05] 📝 Creating merge branch: merge/auto/worker-20251102_140015_20251106_020001
error: Your local changes to the following files would be overwritten by checkout:
	logs/autonomous/status_current.txt
Please commit your changes or stash them before you switch branches.
Aborting
[02:00:05] ❌ Failed to create merge branch

=== Branch 10/73: auto/worker-20251102_150015 ===
[02:00:05] 📝 Creating merge branch: merge/auto/worker-20251102_150015_20251106_020001
error: Your local changes to the following files would be overwritten by checkout:
	logs/autonomous/status_current.txt
Please commit your changes or stash them before you switch branches.
Aborting
[02:00:05] ❌ Failed to create merge branch
[02:00:05] ⏸️  Reached max branches limit (10), stopping

=== Summary ===
[02:00:05] Total branches found: 73
[02:00:05] Branches processed: 10
[02:00:05] ✅ Successfully merged: 0
[02:00:05] ⏭️  Skipped (frontend on VM): 0
[02:00:05] ❌ Failed (conflicts/gates): 10
[02:00:05] 
[02:00:05] 📊 Remaining branches: 63
[02:00:05]    (Will be processed in next run)

=== Merge Orchestrator Complete ===
[02:00:05] Full log: /home/lizthedeveloper_gmail_com/ai_game_theory_simulation/logs/merge_orchestrator/merge_20251106_020001.log
