
=== Merge Orchestrator Started ===
[13:00:01] Timestamp: Thu Nov  6 13:00:01 UTC 2025
[13:00:01] Dry run: false
[13:00:01] ⚠️  Merge orchestrator already running (lock file exists)
[13:00:01] Max branches: 10
[13:00:01] Environment: VM (backend only)

=== Fetching Latest Changes ===

=== Discovering Branches ===
[13:00:02] Found 87 branches to process

=== Branch 1/87: auto/worker-20251102_043015 ===
[13:00:02] 📝 Creating merge branch: merge/auto/worker-20251102_043015_20251106_130001
error: Your local changes to the following files would be overwritten by checkout:
	logs/autonomous/researcher/cron_20251106.log
	logs/autonomous/worker_20251106_120001.log
Please commit your changes or stash them before you switch branches.
Aborting
[13:00:02] ❌ Failed to create merge branch

=== Branch 2/87: auto/worker-20251102_050015 ===
[13:00:02] 📝 Creating merge branch: merge/auto/worker-20251102_050015_20251106_130001
error: Your local changes to the following files would be overwritten by checkout:
	logs/autonomous/researcher/cron_20251106.log
	logs/autonomous/worker_20251106_120001.log
Please commit your changes or stash them before you switch branches.
Aborting
[13:00:03] ❌ Failed to create merge branch

=== Branch 3/87: auto/worker-20251102_080006 ===
[13:00:03] 📝 Creating merge branch: merge/auto/worker-20251102_080006_20251106_130001
error: Your local changes to the following files would be overwritten by checkout:
	logs/autonomous/researcher/cron_20251106.log
	logs/autonomous/worker_20251106_120001.log
Please commit your changes or stash them before you switch branches.
Aborting
[13:00:03] ❌ Failed to create merge branch

=== Branch 4/87: auto/worker-20251102_090015 ===
[13:00:03] 📝 Creating merge branch: merge/auto/worker-20251102_090015_20251106_130001
error: Your local changes to the following files would be overwritten by checkout:
	logs/autonomous/researcher/cron_20251106.log
	logs/autonomous/worker_20251106_120001.log
Please commit your changes or stash them before you switch branches.
Aborting
[13:00:03] ❌ Failed to create merge branch

=== Branch 5/87: auto/worker-20251102_100015 ===
[13:00:03] 📝 Creating merge branch: merge/auto/worker-20251102_100015_20251106_130001
error: Your local changes to the following files would be overwritten by checkout:
	logs/autonomous/researcher/cron_20251106.log
	logs/autonomous/worker_20251106_120001.log
Please commit your changes or stash them before you switch branches.
Aborting
[13:00:03] ❌ Failed to create merge branch

=== Branch 6/87: auto/worker-20251102_110015 ===
[13:00:03] 📝 Creating merge branch: merge/auto/worker-20251102_110015_20251106_130001
error: Your local changes to the following files would be overwritten by checkout:
	logs/autonomous/researcher/cron_20251106.log
	logs/autonomous/worker_20251106_120001.log
Please commit your changes or stash them before you switch branches.
Aborting
[13:00:03] ❌ Failed to create merge branch

=== Branch 7/87: auto/worker-20251102_120000 ===
[13:00:03] 📝 Creating merge branch: merge/auto/worker-20251102_120000_20251106_130001
error: Your local changes to the following files would be overwritten by checkout:
	logs/autonomous/researcher/cron_20251106.log
	logs/autonomous/worker_20251106_120001.log
Please commit your changes or stash them before you switch branches.
Aborting
[13:00:03] ❌ Failed to create merge branch

=== Branch 8/87: auto/worker-20251102_130014 ===
[13:00:03] 📝 Creating merge branch: merge/auto/worker-20251102_130014_20251106_130001
error: Your local changes to the following files would be overwritten by checkout:
	logs/autonomous/researcher/cron_20251106.log
	logs/autonomous/worker_20251106_120001.log
Please commit your changes or stash them before you switch branches.
Aborting
[13:00:03] ❌ Failed to create merge branch

=== Branch 9/87: auto/worker-20251102_140015 ===
[13:00:03] 📝 Creating merge branch: merge/auto/worker-20251102_140015_20251106_130001
error: Your local changes to the following files would be overwritten by checkout:
	logs/autonomous/researcher/cron_20251106.log
	logs/autonomous/worker_20251106_120001.log
Please commit your changes or stash them before you switch branches.
Aborting
[13:00:03] ❌ Failed to create merge branch

=== Branch 10/87: auto/worker-20251102_150015 ===
[13:00:04] 📝 Creating merge branch: merge/auto/worker-20251102_150015_20251106_130001
error: Your local changes to the following files would be overwritten by checkout:
	logs/autonomous/researcher/cron_20251106.log
	logs/autonomous/worker_20251106_120001.log
Please commit your changes or stash them before you switch branches.
Aborting
[13:00:04] ❌ Failed to create merge branch
[13:00:04] ⏸️  Reached max branches limit (10), stopping

=== Summary ===
[13:00:04] Total branches found: 87
[13:00:04] Branches processed: 10
[13:00:04] ✅ Successfully merged: 0
[13:00:04] ⏭️  Skipped (frontend on VM): 0
[13:00:04] ❌ Failed (conflicts/gates): 10
[13:00:04] 
[13:00:04] 📊 Remaining branches: 77
[13:00:04]    (Will be processed in next run)

=== Merge Orchestrator Complete ===
[13:00:04] Full log: /home/lizthedeveloper_gmail_com/ai_game_theory_simulation/logs/merge_orchestrator/merge_20251106_130001.log
