
=== Merge Orchestrator Started ===
[18:00:01] Timestamp: Thu Nov  6 18:00:01 UTC 2025
[18:00:01] Dry run: false
[18:00:01] Max branches: 10
[18:00:01] Environment: VM (backend only)
[18:00:01] ⚠️  Merge orchestrator already running (lock file exists)

=== Fetching Latest Changes ===

=== Discovering Branches ===
[18:00:02] Found 92 branches to process

=== Branch 1/92: auto/worker-20251102_043015 ===
[18:00:03] 📝 Creating merge branch: merge/auto/worker-20251102_043015_20251106_180001
error: Your local changes to the following files would be overwritten by checkout:
	logs/autonomous/status_current.txt
	logs/autonomous/worker_20251106_170001.log
Please commit your changes or stash them before you switch branches.
Aborting
[18:00:03] ❌ Failed to create merge branch

=== Branch 2/92: auto/worker-20251102_050015 ===
[18:00:03] 📝 Creating merge branch: merge/auto/worker-20251102_050015_20251106_180001
error: Your local changes to the following files would be overwritten by checkout:
	logs/autonomous/status_current.txt
	logs/autonomous/worker_20251106_170001.log
Please commit your changes or stash them before you switch branches.
Aborting
[18:00:03] ❌ Failed to create merge branch

=== Branch 3/92: auto/worker-20251102_080006 ===
[18:00:03] 📝 Creating merge branch: merge/auto/worker-20251102_080006_20251106_180001
error: Your local changes to the following files would be overwritten by checkout:
	logs/autonomous/status_current.txt
	logs/autonomous/worker_20251106_170001.log
Please commit your changes or stash them before you switch branches.
Aborting
[18:00:03] ❌ Failed to create merge branch

=== Branch 4/92: auto/worker-20251102_090015 ===
[18:00:03] 📝 Creating merge branch: merge/auto/worker-20251102_090015_20251106_180001
error: Your local changes to the following files would be overwritten by checkout:
	logs/autonomous/status_current.txt
	logs/autonomous/worker_20251106_170001.log
Please commit your changes or stash them before you switch branches.
Aborting
[18:00:03] ❌ Failed to create merge branch

=== Branch 5/92: auto/worker-20251102_100015 ===
[18:00:03] 📝 Creating merge branch: merge/auto/worker-20251102_100015_20251106_180001
error: Your local changes to the following files would be overwritten by checkout:
	logs/autonomous/status_current.txt
	logs/autonomous/worker_20251106_170001.log
Please commit your changes or stash them before you switch branches.
Aborting
[18:00:03] ❌ Failed to create merge branch

=== Branch 6/92: auto/worker-20251102_110015 ===
[18:00:03] 📝 Creating merge branch: merge/auto/worker-20251102_110015_20251106_180001
error: Your local changes to the following files would be overwritten by checkout:
	logs/autonomous/status_current.txt
	logs/autonomous/worker_20251106_170001.log
Please commit your changes or stash them before you switch branches.
Aborting
[18:00:03] ❌ Failed to create merge branch

=== Branch 7/92: auto/worker-20251102_120000 ===
[18:00:03] 📝 Creating merge branch: merge/auto/worker-20251102_120000_20251106_180001
error: Your local changes to the following files would be overwritten by checkout:
	logs/autonomous/status_current.txt
	logs/autonomous/worker_20251106_170001.log
Please commit your changes or stash them before you switch branches.
Aborting
[18:00:03] ❌ Failed to create merge branch

=== Branch 8/92: auto/worker-20251102_130014 ===
[18:00:03] 📝 Creating merge branch: merge/auto/worker-20251102_130014_20251106_180001
error: Your local changes to the following files would be overwritten by checkout:
	logs/autonomous/status_current.txt
	logs/autonomous/worker_20251106_170001.log
Please commit your changes or stash them before you switch branches.
Aborting
[18:00:03] ❌ Failed to create merge branch

=== Branch 9/92: auto/worker-20251102_140015 ===
[18:00:03] 📝 Creating merge branch: merge/auto/worker-20251102_140015_20251106_180001
error: Your local changes to the following files would be overwritten by checkout:
	logs/autonomous/status_current.txt
	logs/autonomous/worker_20251106_170001.log
Please commit your changes or stash them before you switch branches.
Aborting
[18:00:03] ❌ Failed to create merge branch

=== Branch 10/92: auto/worker-20251102_150015 ===
[18:00:04] 📝 Creating merge branch: merge/auto/worker-20251102_150015_20251106_180001
error: Your local changes to the following files would be overwritten by checkout:
	logs/autonomous/status_current.txt
	logs/autonomous/worker_20251106_170001.log
Please commit your changes or stash them before you switch branches.
Aborting
[18:00:04] ❌ Failed to create merge branch
[18:00:04] ⏸️  Reached max branches limit (10), stopping

=== Summary ===
[18:00:04] Total branches found: 92
[18:00:04] Branches processed: 10
[18:00:04] ✅ Successfully merged: 0
[18:00:04] ⏭️  Skipped (frontend on VM): 0
[18:00:04] ❌ Failed (conflicts/gates): 10
[18:00:04] 
[18:00:04] 📊 Remaining branches: 82
[18:00:04]    (Will be processed in next run)

=== Merge Orchestrator Complete ===
[18:00:04] Full log: /home/lizthedeveloper_gmail_com/ai_game_theory_simulation/logs/merge_orchestrator/merge_20251106_180001.log
