
=== Merge Orchestrator Started ===
[00:00:01] ⚠️  Merge orchestrator already running (lock file exists)
[00:00:01] Timestamp: Thu Nov  6 00:00:01 UTC 2025
[00:00:01] Dry run: false
[00:00:01] Max branches: 10
[00:00:01] Environment: VM (backend only)

=== Fetching Latest Changes ===
From github.com:lizTheDeveloper/ai_game_theory_simulation
   80fc17df9..1ff902844  main       -> origin/main

=== Discovering Branches ===
[00:00:03] Found 70 branches to process

=== Branch 1/70: auto/worker-20251102_043015 ===
[00:00:03] 📝 Creating merge branch: merge/auto/worker-20251102_043015_20251106_000001
Switched to a new branch 'merge/auto/worker-20251102_043015_20251106_000001'
M	logs/autonomous/researcher/cron_20251105.log
M	logs/autonomous/status_current.txt
M	src/types/game.ts
Branch 'merge/auto/worker-20251102_043015_20251106_000001' set up to track remote branch 'main' from 'origin'.
[00:00:03] 🔀 Attempting merge from origin/auto/worker-20251102_043015
Already up to date.
[00:00:03] ✅ Merge successful (no conflicts)
[00:00:03] 🚦 Running quality gates...
[00:00:03]   Gate 1/2: TypeScript compilation
