
=== Merge Orchestrator Started ===
[21:00:01] Timestamp: Thu Nov  6 21:00:01 UTC 2025
[21:00:01] Dry run: false
[21:00:01] Max branches: 10
[21:00:01] Environment: VM (backend only)
[21:00:01] ⚠️  Merge orchestrator already running (lock file exists)

=== Fetching Latest Changes ===

=== Discovering Branches ===
[21:00:03] Found 97 branches to process

=== Branch 1/97: auto/researcher-20251106_193001 ===
[21:00:03] 📝 Creating merge branch: merge/auto/researcher-20251106_193001_20251106_210001
error: Your local changes to the following files would be overwritten by checkout:
	logs/autonomous/researcher/cron_20251106.log
	logs/autonomous/researcher/researcher_20251106_203001.log
	logs/autonomous/status_current.txt
Please commit your changes or stash them before you switch branches.
Aborting
[21:00:03] ❌ Failed to create merge branch

=== Branch 2/97: auto/researcher-20251106_203001 ===
[21:00:03] 📝 Creating merge branch: merge/auto/researcher-20251106_203001_20251106_210001
error: Your local changes to the following files would be overwritten by checkout:
	logs/autonomous/researcher/cron_20251106.log
	logs/autonomous/researcher/researcher_20251106_203001.log
	logs/autonomous/status_current.txt
Please commit your changes or stash them before you switch branches.
Aborting
[21:00:03] ❌ Failed to create merge branch

=== Branch 3/97: auto/worker-20251102_043015 ===
[21:00:03] 📝 Creating merge branch: merge/auto/worker-20251102_043015_20251106_210001
error: Your local changes to the following files would be overwritten by checkout:
	logs/autonomous/researcher/cron_20251106.log
	logs/autonomous/researcher/researcher_20251106_203001.log
	logs/autonomous/status_current.txt
Please commit your changes or stash them before you switch branches.
Aborting
[21:00:03] ❌ Failed to create merge branch

=== Branch 4/97: auto/worker-20251102_050015 ===
[21:00:03] 📝 Creating merge branch: merge/auto/worker-20251102_050015_20251106_210001
error: Your local changes to the following files would be overwritten by checkout:
	logs/autonomous/researcher/cron_20251106.log
	logs/autonomous/researcher/researcher_20251106_203001.log
	logs/autonomous/status_current.txt
Please commit your changes or stash them before you switch branches.
Aborting
[21:00:03] ❌ Failed to create merge branch

=== Branch 5/97: auto/worker-20251102_080006 ===
[21:00:03] 📝 Creating merge branch: merge/auto/worker-20251102_080006_20251106_210001
error: Your local changes to the following files would be overwritten by checkout:
	logs/autonomous/researcher/cron_20251106.log
	logs/autonomous/researcher/researcher_20251106_203001.log
	logs/autonomous/status_current.txt
Please commit your changes or stash them before you switch branches.
Aborting
[21:00:03] ❌ Failed to create merge branch

=== Branch 6/97: auto/worker-20251102_090015 ===
[21:00:03] 📝 Creating merge branch: merge/auto/worker-20251102_090015_20251106_210001
error: Your local changes to the following files would be overwritten by checkout:
	logs/autonomous/researcher/cron_20251106.log
	logs/autonomous/researcher/researcher_20251106_203001.log
	logs/autonomous/status_current.txt
Please commit your changes or stash them before you switch branches.
Aborting
[21:00:03] ❌ Failed to create merge branch

=== Branch 7/97: auto/worker-20251102_100015 ===
[21:00:03] 📝 Creating merge branch: merge/auto/worker-20251102_100015_20251106_210001
error: Your local changes to the following files would be overwritten by checkout:
	logs/autonomous/researcher/cron_20251106.log
	logs/autonomous/researcher/researcher_20251106_203001.log
	logs/autonomous/status_current.txt
Please commit your changes or stash them before you switch branches.
Aborting
[21:00:03] ❌ Failed to create merge branch

=== Branch 8/97: auto/worker-20251102_110015 ===
[21:00:03] 📝 Creating merge branch: merge/auto/worker-20251102_110015_20251106_210001
error: Your local changes to the following files would be overwritten by checkout:
	logs/autonomous/researcher/cron_20251106.log
	logs/autonomous/researcher/researcher_20251106_203001.log
	logs/autonomous/status_current.txt
Please commit your changes or stash them before you switch branches.
Aborting
[21:00:03] ❌ Failed to create merge branch

=== Branch 9/97: auto/worker-20251102_120000 ===
[21:00:03] 📝 Creating merge branch: merge/auto/worker-20251102_120000_20251106_210001
error: Your local changes to the following files would be overwritten by checkout:
	logs/autonomous/researcher/cron_20251106.log
	logs/autonomous/researcher/researcher_20251106_203001.log
	logs/autonomous/status_current.txt
Please commit your changes or stash them before you switch branches.
Aborting
[21:00:03] ❌ Failed to create merge branch

=== Branch 10/97: auto/worker-20251102_130014 ===
[21:00:03] 📝 Creating merge branch: merge/auto/worker-20251102_130014_20251106_210001
error: Your local changes to the following files would be overwritten by checkout:
	logs/autonomous/researcher/cron_20251106.log
	logs/autonomous/researcher/researcher_20251106_203001.log
	logs/autonomous/status_current.txt
Please commit your changes or stash them before you switch branches.
Aborting
[21:00:04] ❌ Failed to create merge branch
[21:00:04] ⏸️  Reached max branches limit (10), stopping

=== Summary ===
[21:00:04] Total branches found: 97
[21:00:04] Branches processed: 10
[21:00:04] ✅ Successfully merged: 0
[21:00:04] ⏭️  Skipped (frontend on VM): 0
[21:00:04] ❌ Failed (conflicts/gates): 10
[21:00:04] 
[21:00:04] 📊 Remaining branches: 87
[21:00:04]    (Will be processed in next run)

=== Merge Orchestrator Complete ===
[21:00:04] Full log: /home/lizthedeveloper_gmail_com/ai_game_theory_simulation/logs/merge_orchestrator/merge_20251106_210001.log
