
━━━━━━━━━━━━━━━━━━━━━━━━━━━━━━━━━━━━━━━━━━━━━━━━━━━━
[2025-11-05 20:00:01] 🤖 Merge Orchestrator - 20251105_200001
━━━━━━━━━━━━━━━━━━━━━━━━━━━━━━━━━━━━━━━━━━━━━━━━━━━━
[2025-11-05 20:00:01] ℹ️  Environment: VM (backend only)
[2025-11-05 20:00:01] ℹ️  Dry run: false
[2025-11-05 20:00:01] ℹ️  Skip frontend: true

[2025-11-05 20:00:01] ℹ️  Max branches: 10
━━━━━━━━━━━━━━━━━━━━━━━━━━━━━━━━━━━━━━━━━━━━━━━━━━━━
[2025-11-05 20:00:01] ℹ️  Agent reviews (Phase 2): true
[2025-11-05 20:00:01] 🤖 Merge Orchestrator - 20251105_200001
━━━━━━━━━━━━━━━━━━━━━━━━━━━━━━━━━━━━━━━━━━━━━━━━━━━━
[2025-11-05 20:00:01] ℹ️  Auto-remediation (Phase 2.5): true
[2025-11-05 20:00:01] ℹ️  Discovering feature branches...
[2025-11-05 20:00:01] ℹ️  Environment: VM (backend only)
[2025-11-05 20:00:01] ℹ️  Dry run: false
Fetching origin
[2025-11-05 20:00:01] ℹ️  Skip frontend: true
[2025-11-05 20:00:01] ℹ️  Max branches: 10
[2025-11-05 20:00:01] ℹ️  Agent reviews (Phase 2): true
[2025-11-05 20:00:01] ℹ️  Auto-remediation (Phase 2.5): true
[2025-11-05 20:00:02] ❌ ERROR: Merge orchestrator already running (PID: 18701)
[2025-11-05 20:00:03] ℹ️  Found 37 feature branches
[2025-11-05 20:00:03] ⚠️  WARNING: Branch count (37) exceeds max (10), processing first 10

━━━━━━━━━━━━━━━━━━━━━━━━━━━━━━━━━━━━━━━━━━━━━━━━━━━━
[2025-11-05 20:00:03] Processing: + research/citations-phase2-20251104_183001
━━━━━━━━━━━━━━━━━━━━━━━━━━━━━━━━━━━━━━━━━━━━━━━━━━━━
[2025-11-05 20:00:03] ℹ️  Creating merge branch: merge/+ research/citations-phase2-20251104_183001_20251105_200001
fatal: 'merge/+ research/citations-phase2-20251104_183001_20251105_200001' is not a valid branch name.
[2025-11-05 20:00:03] ℹ️  Pulling latest main...
From github.com:lizTheDeveloper/ai_game_theory_simulation
 * branch                main       -> FETCH_HEAD
Already up to date.
[2025-11-05 20:00:04] ℹ️  Attempting merge from + research/citations-phase2-20251104_183001...
merge: origin/+ research/citations-phase2-20251104_183001 - not something we can merge
[2025-11-05 20:00:04] ✅ Merge successful (no conflicts)

━━━━━━━━━━━━━━━━━━━━━━━━━━━━━━━━━━━━━━━━━━━━━━━━━━━━
[2025-11-05 20:00:04] Quality Gates: + research/citations-phase2-20251104_183001
━━━━━━━━━━━━━━━━━━━━━━━━━━━━━━━━━━━━━━━━━━━━━━━━━━━━
[2025-11-05 20:00:04] ℹ️  Gate 1: TypeScript compilation...
