
=== Merge Orchestrator Started ===
[02:30:01] Timestamp: Thu Nov  6 02:30:01 UTC 2025
[02:30:01] Dry run: false
[02:30:01] Max branches: 10
[02:30:01] Environment: VM (backend only)

=== Fetching Latest Changes ===

=== Discovering Branches ===
[02:30:03] Found 73 branches to process

=== Branch 1/73: auto/worker-20251102_043015 ===
[02:30:03] 📝 Creating merge branch: merge/auto/worker-20251102_043015_20251106_023001
error: Your local changes to the following files would be overwritten by checkout:
	docs/wiki/README.md
	logs/autonomous/researcher/cron_20251106.log
	logs/autonomous/status_current.txt
Please commit your changes or stash them before you switch branches.
Aborting
[02:30:03] ❌ Failed to create merge branch

=== Branch 2/73: auto/worker-20251102_050015 ===
[02:30:03] 📝 Creating merge branch: merge/auto/worker-20251102_050015_20251106_023001
error: Your local changes to the following files would be overwritten by checkout:
	docs/wiki/README.md
	logs/autonomous/researcher/cron_20251106.log
	logs/autonomous/status_current.txt
Please commit your changes or stash them before you switch branches.
Aborting
[02:30:03] ❌ Failed to create merge branch

=== Branch 3/73: auto/worker-20251102_080006 ===
[02:30:03] 📝 Creating merge branch: merge/auto/worker-20251102_080006_20251106_023001
error: Your local changes to the following files would be overwritten by checkout:
	docs/wiki/README.md
	logs/autonomous/researcher/cron_20251106.log
	logs/autonomous/status_current.txt
Please commit your changes or stash them before you switch branches.
Aborting
[02:30:03] ❌ Failed to create merge branch

=== Branch 4/73: auto/worker-20251102_090015 ===
[02:30:03] 📝 Creating merge branch: merge/auto/worker-20251102_090015_20251106_023001
error: Your local changes to the following files would be overwritten by checkout:
	docs/wiki/README.md
	logs/autonomous/researcher/cron_20251106.log
	logs/autonomous/status_current.txt
Please commit your changes or stash them before you switch branches.
Aborting
[02:30:03] ❌ Failed to create merge branch

=== Branch 5/73: auto/worker-20251102_100015 ===
[02:30:03] 📝 Creating merge branch: merge/auto/worker-20251102_100015_20251106_023001
error: Your local changes to the following files would be overwritten by checkout:
	docs/wiki/README.md
	logs/autonomous/researcher/cron_20251106.log
	logs/autonomous/status_current.txt
Please commit your changes or stash them before you switch branches.
Aborting
[02:30:04] ❌ Failed to create merge branch

=== Branch 6/73: auto/worker-20251102_110015 ===
[02:30:04] 📝 Creating merge branch: merge/auto/worker-20251102_110015_20251106_023001
error: Your local changes to the following files would be overwritten by checkout:
	docs/wiki/README.md
	logs/autonomous/researcher/cron_20251106.log
	logs/autonomous/status_current.txt
Please commit your changes or stash them before you switch branches.
Aborting
[02:30:04] ❌ Failed to create merge branch

=== Branch 7/73: auto/worker-20251102_120000 ===
[02:30:04] 📝 Creating merge branch: merge/auto/worker-20251102_120000_20251106_023001
error: Your local changes to the following files would be overwritten by checkout:
	docs/wiki/README.md
	logs/autonomous/researcher/cron_20251106.log
	logs/autonomous/status_current.txt
Please commit your changes or stash them before you switch branches.
Aborting
[02:30:04] ❌ Failed to create merge branch

=== Branch 8/73: auto/worker-20251102_130014 ===
[02:30:04] 📝 Creating merge branch: merge/auto/worker-20251102_130014_20251106_023001
error: Your local changes to the following files would be overwritten by checkout:
	docs/wiki/README.md
	logs/autonomous/researcher/cron_20251106.log
	logs/autonomous/status_current.txt
Please commit your changes or stash them before you switch branches.
Aborting
[02:30:04] ❌ Failed to create merge branch

=== Branch 9/73: auto/worker-20251102_140015 ===
[02:30:04] 📝 Creating merge branch: merge/auto/worker-20251102_140015_20251106_023001
error: Your local changes to the following files would be overwritten by checkout:
	docs/wiki/README.md
	logs/autonomous/researcher/cron_20251106.log
	logs/autonomous/status_current.txt
Please commit your changes or stash them before you switch branches.
Aborting
[02:30:04] ❌ Failed to create merge branch

=== Branch 10/73: auto/worker-20251102_150015 ===
[02:30:04] 📝 Creating merge branch: merge/auto/worker-20251102_150015_20251106_023001
error: Your local changes to the following files would be overwritten by checkout:
	docs/wiki/README.md
	logs/autonomous/researcher/cron_20251106.log
	logs/autonomous/status_current.txt
Please commit your changes or stash them before you switch branches.
Aborting
[02:30:04] ❌ Failed to create merge branch
[02:30:04] ⏸️  Reached max branches limit (10), stopping

=== Summary ===
[02:30:04] Total branches found: 73
[02:30:04] Branches processed: 10
[02:30:04] ✅ Successfully merged: 0
[02:30:04] ⏭️  Skipped (frontend on VM): 0
[02:30:04] ❌ Failed (conflicts/gates): 10
[02:30:04] 
[02:30:04] 📊 Remaining branches: 63
[02:30:04]    (Will be processed in next run)

=== Merge Orchestrator Complete ===
[02:30:04] Full log: /home/lizthedeveloper_gmail_com/ai_game_theory_simulation/logs/merge_orchestrator/merge_20251106_023001.log
