
=== Merge Orchestrator Started ===
[04:30:01] Timestamp: Thu Nov  6 04:30:01 UTC 2025
[04:30:01] Dry run: false
[04:30:01] Max branches: 10
[04:30:01] Environment: VM (backend only)

=== Fetching Latest Changes ===

=== Discovering Branches ===
[04:30:03] Found 77 branches to process

=== Branch 1/77: auto/worker-20251102_043015 ===
[04:30:03] 📝 Creating merge branch: merge/auto/worker-20251102_043015_20251106_043001
error: Your local changes to the following files would be overwritten by checkout:
	docs/underdocumented.json
	logs/autonomous/researcher/cron_20251106.log
	logs/autonomous/worker_20251106_040000.log
	logs/autonomous/worker_20251106_040001.log
Please commit your changes or stash them before you switch branches.
Aborting
[04:30:03] ❌ Failed to create merge branch

=== Branch 2/77: auto/worker-20251102_050015 ===
[04:30:03] 📝 Creating merge branch: merge/auto/worker-20251102_050015_20251106_043001
error: Your local changes to the following files would be overwritten by checkout:
	docs/underdocumented.json
	logs/autonomous/researcher/cron_20251106.log
	logs/autonomous/worker_20251106_040000.log
	logs/autonomous/worker_20251106_040001.log
Please commit your changes or stash them before you switch branches.
Aborting
[04:30:03] ❌ Failed to create merge branch

=== Branch 3/77: auto/worker-20251102_080006 ===
[04:30:03] 📝 Creating merge branch: merge/auto/worker-20251102_080006_20251106_043001
error: Your local changes to the following files would be overwritten by checkout:
	docs/underdocumented.json
	logs/autonomous/researcher/cron_20251106.log
	logs/autonomous/worker_20251106_040000.log
	logs/autonomous/worker_20251106_040001.log
Please commit your changes or stash them before you switch branches.
Aborting
[04:30:03] ❌ Failed to create merge branch

=== Branch 4/77: auto/worker-20251102_090015 ===
[04:30:03] 📝 Creating merge branch: merge/auto/worker-20251102_090015_20251106_043001
error: Your local changes to the following files would be overwritten by checkout:
	docs/underdocumented.json
	logs/autonomous/researcher/cron_20251106.log
	logs/autonomous/worker_20251106_040000.log
	logs/autonomous/worker_20251106_040001.log
Please commit your changes or stash them before you switch branches.
Aborting
[04:30:03] ❌ Failed to create merge branch

=== Branch 5/77: auto/worker-20251102_100015 ===
[04:30:03] 📝 Creating merge branch: merge/auto/worker-20251102_100015_20251106_043001
error: Your local changes to the following files would be overwritten by checkout:
	docs/underdocumented.json
	logs/autonomous/researcher/cron_20251106.log
	logs/autonomous/worker_20251106_040000.log
	logs/autonomous/worker_20251106_040001.log
Please commit your changes or stash them before you switch branches.
Aborting
[04:30:03] ❌ Failed to create merge branch

=== Branch 6/77: auto/worker-20251102_110015 ===
[04:30:03] 📝 Creating merge branch: merge/auto/worker-20251102_110015_20251106_043001
error: Your local changes to the following files would be overwritten by checkout:
	docs/underdocumented.json
	logs/autonomous/researcher/cron_20251106.log
	logs/autonomous/worker_20251106_040000.log
	logs/autonomous/worker_20251106_040001.log
Please commit your changes or stash them before you switch branches.
Aborting
[04:30:04] ❌ Failed to create merge branch

=== Branch 7/77: auto/worker-20251102_120000 ===
[04:30:04] 📝 Creating merge branch: merge/auto/worker-20251102_120000_20251106_043001
error: Your local changes to the following files would be overwritten by checkout:
	docs/underdocumented.json
	logs/autonomous/researcher/cron_20251106.log
	logs/autonomous/worker_20251106_040000.log
	logs/autonomous/worker_20251106_040001.log
Please commit your changes or stash them before you switch branches.
Aborting
[04:30:04] ❌ Failed to create merge branch

=== Branch 8/77: auto/worker-20251102_130014 ===
[04:30:04] 📝 Creating merge branch: merge/auto/worker-20251102_130014_20251106_043001
error: Your local changes to the following files would be overwritten by checkout:
	docs/underdocumented.json
	logs/autonomous/researcher/cron_20251106.log
	logs/autonomous/worker_20251106_040000.log
	logs/autonomous/worker_20251106_040001.log
Please commit your changes or stash them before you switch branches.
Aborting
[04:30:04] ❌ Failed to create merge branch

=== Branch 9/77: auto/worker-20251102_140015 ===
[04:30:04] 📝 Creating merge branch: merge/auto/worker-20251102_140015_20251106_043001
error: Your local changes to the following files would be overwritten by checkout:
	docs/underdocumented.json
	logs/autonomous/researcher/cron_20251106.log
	logs/autonomous/worker_20251106_040000.log
	logs/autonomous/worker_20251106_040001.log
Please commit your changes or stash them before you switch branches.
Aborting
[04:30:04] ❌ Failed to create merge branch

=== Branch 10/77: auto/worker-20251102_150015 ===
[04:30:04] 📝 Creating merge branch: merge/auto/worker-20251102_150015_20251106_043001
error: Your local changes to the following files would be overwritten by checkout:
	docs/underdocumented.json
	logs/autonomous/researcher/cron_20251106.log
	logs/autonomous/worker_20251106_040000.log
	logs/autonomous/worker_20251106_040001.log
Please commit your changes or stash them before you switch branches.
Aborting
[04:30:04] ❌ Failed to create merge branch
[04:30:04] ⏸️  Reached max branches limit (10), stopping

=== Summary ===
[04:30:04] Total branches found: 77
[04:30:04] Branches processed: 10
[04:30:04] ✅ Successfully merged: 0
[04:30:04] ⏭️  Skipped (frontend on VM): 0
[04:30:04] ❌ Failed (conflicts/gates): 10
[04:30:04] 
[04:30:04] 📊 Remaining branches: 67
[04:30:04]    (Will be processed in next run)

=== Merge Orchestrator Complete ===
[04:30:04] Full log: /home/lizthedeveloper_gmail_com/ai_game_theory_simulation/logs/merge_orchestrator/merge_20251106_043001.log
