
=== Merge Orchestrator Started ===
[17:00:01] Timestamp: Thu Nov  6 17:00:01 UTC 2025
[17:00:01] Dry run: false
[17:00:01] Max branches: 10
[17:00:01] ⚠️  Merge orchestrator already running (lock file exists)
[17:00:01] Environment: VM (backend only)

=== Fetching Latest Changes ===

=== Discovering Branches ===
[17:00:03] Found 91 branches to process

=== Branch 1/91: auto/worker-20251102_043015 ===
[17:00:03] 📝 Creating merge branch: merge/auto/worker-20251102_043015_20251106_170001
error: Your local changes to the following files would be overwritten by checkout:
	docs/underdocumented.json
	logs/autonomous/status_current.txt
	logs/autonomous/worker_20251106_160001.log
Please commit your changes or stash them before you switch branches.
Aborting
[17:00:03] ❌ Failed to create merge branch

=== Branch 2/91: auto/worker-20251102_050015 ===
[17:00:03] 📝 Creating merge branch: merge/auto/worker-20251102_050015_20251106_170001
error: Your local changes to the following files would be overwritten by checkout:
	docs/underdocumented.json
	logs/autonomous/status_current.txt
	logs/autonomous/worker_20251106_160001.log
Please commit your changes or stash them before you switch branches.
Aborting
[17:00:03] ❌ Failed to create merge branch

=== Branch 3/91: auto/worker-20251102_080006 ===
[17:00:03] 📝 Creating merge branch: merge/auto/worker-20251102_080006_20251106_170001
error: Your local changes to the following files would be overwritten by checkout:
	docs/underdocumented.json
	logs/autonomous/status_current.txt
	logs/autonomous/worker_20251106_160001.log
Please commit your changes or stash them before you switch branches.
Aborting
[17:00:03] ❌ Failed to create merge branch

=== Branch 4/91: auto/worker-20251102_090015 ===
[17:00:03] 📝 Creating merge branch: merge/auto/worker-20251102_090015_20251106_170001
error: Your local changes to the following files would be overwritten by checkout:
	docs/underdocumented.json
	logs/autonomous/status_current.txt
	logs/autonomous/worker_20251106_160001.log
Please commit your changes or stash them before you switch branches.
Aborting
[17:00:03] ❌ Failed to create merge branch

=== Branch 5/91: auto/worker-20251102_100015 ===
[17:00:03] 📝 Creating merge branch: merge/auto/worker-20251102_100015_20251106_170001
error: Your local changes to the following files would be overwritten by checkout:
	docs/underdocumented.json
	logs/autonomous/status_current.txt
	logs/autonomous/worker_20251106_160001.log
Please commit your changes or stash them before you switch branches.
Aborting
[17:00:03] ❌ Failed to create merge branch

=== Branch 6/91: auto/worker-20251102_110015 ===
[17:00:03] 📝 Creating merge branch: merge/auto/worker-20251102_110015_20251106_170001
error: Your local changes to the following files would be overwritten by checkout:
	docs/underdocumented.json
	logs/autonomous/status_current.txt
	logs/autonomous/worker_20251106_160001.log
Please commit your changes or stash them before you switch branches.
Aborting
[17:00:03] ❌ Failed to create merge branch

=== Branch 7/91: auto/worker-20251102_120000 ===
[17:00:03] 📝 Creating merge branch: merge/auto/worker-20251102_120000_20251106_170001
error: Your local changes to the following files would be overwritten by checkout:
	docs/underdocumented.json
	logs/autonomous/status_current.txt
	logs/autonomous/worker_20251106_160001.log
Please commit your changes or stash them before you switch branches.
Aborting
[17:00:04] ❌ Failed to create merge branch

=== Branch 8/91: auto/worker-20251102_130014 ===
[17:00:04] 📝 Creating merge branch: merge/auto/worker-20251102_130014_20251106_170001
error: Your local changes to the following files would be overwritten by checkout:
	docs/underdocumented.json
	logs/autonomous/status_current.txt
	logs/autonomous/worker_20251106_160001.log
Please commit your changes or stash them before you switch branches.
Aborting
[17:00:04] ❌ Failed to create merge branch

=== Branch 9/91: auto/worker-20251102_140015 ===
[17:00:04] 📝 Creating merge branch: merge/auto/worker-20251102_140015_20251106_170001
error: Your local changes to the following files would be overwritten by checkout:
	docs/underdocumented.json
	logs/autonomous/status_current.txt
	logs/autonomous/worker_20251106_160001.log
Please commit your changes or stash them before you switch branches.
Aborting
[17:00:04] ❌ Failed to create merge branch

=== Branch 10/91: auto/worker-20251102_150015 ===
[17:00:04] 📝 Creating merge branch: merge/auto/worker-20251102_150015_20251106_170001
error: Your local changes to the following files would be overwritten by checkout:
	docs/underdocumented.json
	logs/autonomous/status_current.txt
	logs/autonomous/worker_20251106_160001.log
Please commit your changes or stash them before you switch branches.
Aborting
[17:00:04] ❌ Failed to create merge branch
[17:00:04] ⏸️  Reached max branches limit (10), stopping

=== Summary ===
[17:00:04] Total branches found: 91
[17:00:04] Branches processed: 10
[17:00:04] ✅ Successfully merged: 0
[17:00:04] ⏭️  Skipped (frontend on VM): 0
[17:00:04] ❌ Failed (conflicts/gates): 10
[17:00:04] 
[17:00:04] 📊 Remaining branches: 81
[17:00:04]    (Will be processed in next run)

=== Merge Orchestrator Complete ===
[17:00:04] Full log: /home/lizthedeveloper_gmail_com/ai_game_theory_simulation/logs/merge_orchestrator/merge_20251106_170001.log
