
━━━━━━━━━━━━━━━━━━━━━━━━━━━━━━━━━━━━━━━━━━━━━━━━━━━━
[2025-11-03 06:00:00] 🤖 Merge Orchestrator - 20251103_060000
━━━━━━━━━━━━━━━━━━━━━━━━━━━━━━━━━━━━━━━━━━━━━━━━━━━━
[2025-11-03 06:00:00] ℹ️  Environment: Mac (frontend + backend)
[2025-11-03 06:00:00] ℹ️  Dry run: false
[2025-11-03 06:00:00] ℹ️  Skip frontend: false
[2025-11-03 06:00:00] ℹ️  Max branches: 10
[2025-11-03 06:00:00] ℹ️  Agent reviews (Phase 2): true
[2025-11-03 06:00:00] ℹ️  Auto-remediation (Phase 2.5): true
[2025-11-03 06:00:00] ℹ️  Discovering feature branches...
From github.com:lizTheDeveloper/ai_game_theory_simulation
 * [new branch]      auto/worker-20251103_130015 -> origin/auto/worker-20251103_130015
[2025-11-03 06:00:02] ℹ️  Found       23 feature branches
[2025-11-03 06:00:02] ⚠️  WARNING: Branch count (      23) exceeds max (10), processing first 10

━━━━━━━━━━━━━━━━━━━━━━━━━━━━━━━━━━━━━━━━━━━━━━━━━━━━
[2025-11-03 06:00:02] Processing: + phase-0a-design-system
━━━━━━━━━━━━━━━━━━━━━━━━━━━━━━━━━━━━━━━━━━━━━━━━━━━━
[2025-11-03 06:00:02] ℹ️  Creating merge branch: merge/+ phase-0a-design-system_20251103_060000
fatal: 'merge/+ phase-0a-design-system_20251103_060000' is not a valid branch name
[2025-11-03 06:00:02] ℹ️  Pulling latest main...
From github.com:lizTheDeveloper/ai_game_theory_simulation
 * branch            main       -> FETCH_HEAD
Already up to date.
[2025-11-03 06:00:07] ℹ️  Attempting merge from + phase-0a-design-system...
merge: origin/+ phase-0a-design-system - not something we can merge
[2025-11-03 06:00:07] ✅ Merge successful (no conflicts)

━━━━━━━━━━━━━━━━━━━━━━━━━━━━━━━━━━━━━━━━━━━━━━━━━━━━
[2025-11-03 06:00:07] Quality Gates: + phase-0a-design-system
━━━━━━━━━━━━━━━━━━━━━━━━━━━━━━━━━━━━━━━━━━━━━━━━━━━━
[2025-11-03 06:00:07] ℹ️  Gate 1: TypeScript compilation...
./scripts/merge-orchestrator.sh: line 209: npx: command not found
[2025-11-03 06:00:07] ✅ TypeScript compilation passed
[2025-11-03 06:00:07] ℹ️  Gate 2: Test suite...
[2025-11-03 06:00:07] ⚠️  WARNING: No test scripts found, skipping test gate
[2025-11-03 06:00:07] ℹ️  Gate 3: Architecture review...
[2025-11-03 06:00:07] 🔍 Spawning architecture-skeptic agent...
[2025-11-03 06:00:07] ❌ ERROR: Architecture review blocked merge
[2025-11-03 06:00:07] ❌ ERROR: Quality gates failed
[2025-11-03 06:00:07] ℹ️  Preserving merge branch for inspection: merge/+ phase-0a-design-system_20251103_060000_FAILED
Already on 'main'
M	docs/underdocumented.json
M	plans/MASTER_IMPLEMENTATION_ROADMAP.md
M	research/-aiexplained-official/sync.log
M	research/-aispecies/sync.log
M	research/LAYER2_PHASE2_VERIFICATION_STATUS.md
M	research/PHASE2_LAYER2_SESSION18_ROADMAP_RECOMMENDATIONS_20251102.md
M	research/PHASE2_LAYER2_SESSION18_SUMMARY_20251102.md
M	research/ai-nuclear-war-pathways_20251016.md
M	research/ai_nuclear_war_pathways_verification_20251102.md
M	research/ai_social_influence_RESEARCH_verification_20251102.md
M	research/ai_social_influence_summary_20251021.md
M	research/ai_welfare_v2_relationship_revision_verification_20251102.md
M	research/baseline-scenario-assumptions-audit_verification_20251102.md
M	research/cold_war_sleeper_agents_comparison_verification_20251102.md
M	research/crobertmilesai/sync.log
M	research/embeddings/index_stats.json
M	research/famine_distribution_mechanisms_20251030.md
M	research/mortality_stabilizing_mechanisms_20251030.md
M	research/outcome_variance_mechanisms_20251030.md
M	research/youtube-channels/auto-sync.log
M	src/simulation/bayesianNuclearRisk.ts
M	src/simulation/defensiveAI.ts
M	src/simulation/nuclearStates.ts
Your branch is ahead of 'origin/main' by 2 commits.
  (use "git push" to publish your local commits)
fatal: Invalid branch name: 'merge/+ phase-0a-design-system_20251103_060000'
