
=== Merge Orchestrator Started ===
[15:30:01] Timestamp: Thu Nov  6 15:30:01 UTC 2025
[15:30:01] Dry run: false
[15:30:01] Max branches: 10
[15:30:01] Environment: VM (backend only)

=== Fetching Latest Changes ===

=== Discovering Branches ===
[15:30:02] Found 89 branches to process

=== Branch 1/89: auto/worker-20251102_043015 ===
[15:30:02] 📝 Creating merge branch: merge/auto/worker-20251102_043015_20251106_153001
error: Your local changes to the following files would be overwritten by checkout:
	docs/underdocumented.json
	logs/autonomous/researcher/cron_20251106.log
	logs/autonomous/worker_20251106_150001.log
	reports/state_validation_implementation_20251106.md
	src/simulation/environmental.ts
	src/simulation/wetBulbEvents.ts
Please commit your changes or stash them before you switch branches.
Aborting
[15:30:02] ❌ Failed to create merge branch

=== Branch 2/89: auto/worker-20251102_050015 ===
[15:30:02] 📝 Creating merge branch: merge/auto/worker-20251102_050015_20251106_153001
error: Your local changes to the following files would be overwritten by checkout:
	docs/underdocumented.json
	logs/autonomous/researcher/cron_20251106.log
	logs/autonomous/worker_20251106_150001.log
	reports/state_validation_implementation_20251106.md
	src/simulation/environmental.ts
	src/simulation/wetBulbEvents.ts
Please commit your changes or stash them before you switch branches.
Aborting
[15:30:02] ❌ Failed to create merge branch

=== Branch 3/89: auto/worker-20251102_080006 ===
[15:30:02] 📝 Creating merge branch: merge/auto/worker-20251102_080006_20251106_153001
error: Your local changes to the following files would be overwritten by checkout:
	docs/underdocumented.json
	logs/autonomous/researcher/cron_20251106.log
	logs/autonomous/worker_20251106_150001.log
	reports/state_validation_implementation_20251106.md
	src/simulation/environmental.ts
	src/simulation/wetBulbEvents.ts
Please commit your changes or stash them before you switch branches.
Aborting
[15:30:02] ❌ Failed to create merge branch

=== Branch 4/89: auto/worker-20251102_090015 ===
[15:30:02] 📝 Creating merge branch: merge/auto/worker-20251102_090015_20251106_153001
error: Your local changes to the following files would be overwritten by checkout:
	docs/underdocumented.json
	logs/autonomous/researcher/cron_20251106.log
	logs/autonomous/worker_20251106_150001.log
	reports/state_validation_implementation_20251106.md
	src/simulation/environmental.ts
	src/simulation/wetBulbEvents.ts
Please commit your changes or stash them before you switch branches.
Aborting
[15:30:02] ❌ Failed to create merge branch

=== Branch 5/89: auto/worker-20251102_100015 ===
[15:30:02] 📝 Creating merge branch: merge/auto/worker-20251102_100015_20251106_153001
error: Your local changes to the following files would be overwritten by checkout:
	docs/underdocumented.json
	logs/autonomous/researcher/cron_20251106.log
	logs/autonomous/worker_20251106_150001.log
	reports/state_validation_implementation_20251106.md
	src/simulation/environmental.ts
	src/simulation/wetBulbEvents.ts
Please commit your changes or stash them before you switch branches.
Aborting
[15:30:02] ❌ Failed to create merge branch

=== Branch 6/89: auto/worker-20251102_110015 ===
[15:30:02] 📝 Creating merge branch: merge/auto/worker-20251102_110015_20251106_153001
error: Your local changes to the following files would be overwritten by checkout:
	docs/underdocumented.json
	logs/autonomous/researcher/cron_20251106.log
	logs/autonomous/worker_20251106_150001.log
	reports/state_validation_implementation_20251106.md
	src/simulation/environmental.ts
	src/simulation/wetBulbEvents.ts
Please commit your changes or stash them before you switch branches.
Aborting
[15:30:03] ❌ Failed to create merge branch

=== Branch 7/89: auto/worker-20251102_120000 ===
[15:30:03] 📝 Creating merge branch: merge/auto/worker-20251102_120000_20251106_153001
error: Your local changes to the following files would be overwritten by checkout:
	docs/underdocumented.json
	logs/autonomous/researcher/cron_20251106.log
	logs/autonomous/worker_20251106_150001.log
	reports/state_validation_implementation_20251106.md
	src/simulation/environmental.ts
	src/simulation/wetBulbEvents.ts
Please commit your changes or stash them before you switch branches.
Aborting
[15:30:03] ❌ Failed to create merge branch

=== Branch 8/89: auto/worker-20251102_130014 ===
[15:30:03] 📝 Creating merge branch: merge/auto/worker-20251102_130014_20251106_153001
error: Your local changes to the following files would be overwritten by checkout:
	docs/underdocumented.json
	logs/autonomous/researcher/cron_20251106.log
	logs/autonomous/worker_20251106_150001.log
	reports/state_validation_implementation_20251106.md
	src/simulation/environmental.ts
	src/simulation/wetBulbEvents.ts
Please commit your changes or stash them before you switch branches.
Aborting
[15:30:03] ❌ Failed to create merge branch

=== Branch 9/89: auto/worker-20251102_140015 ===
[15:30:03] 📝 Creating merge branch: merge/auto/worker-20251102_140015_20251106_153001
error: Your local changes to the following files would be overwritten by checkout:
	docs/underdocumented.json
	logs/autonomous/researcher/cron_20251106.log
	logs/autonomous/worker_20251106_150001.log
	reports/state_validation_implementation_20251106.md
	src/simulation/environmental.ts
	src/simulation/wetBulbEvents.ts
Please commit your changes or stash them before you switch branches.
Aborting
[15:30:03] ❌ Failed to create merge branch

=== Branch 10/89: auto/worker-20251102_150015 ===
[15:30:03] 📝 Creating merge branch: merge/auto/worker-20251102_150015_20251106_153001
error: Your local changes to the following files would be overwritten by checkout:
	docs/underdocumented.json
	logs/autonomous/researcher/cron_20251106.log
	logs/autonomous/worker_20251106_150001.log
	reports/state_validation_implementation_20251106.md
	src/simulation/environmental.ts
	src/simulation/wetBulbEvents.ts
Please commit your changes or stash them before you switch branches.
Aborting
[15:30:03] ❌ Failed to create merge branch
[15:30:03] ⏸️  Reached max branches limit (10), stopping

=== Summary ===
[15:30:03] Total branches found: 89
[15:30:03] Branches processed: 10
[15:30:03] ✅ Successfully merged: 0
[15:30:03] ⏭️  Skipped (frontend on VM): 0
[15:30:03] ❌ Failed (conflicts/gates): 10
[15:30:03] 
[15:30:03] 📊 Remaining branches: 79
[15:30:03]    (Will be processed in next run)

=== Merge Orchestrator Complete ===
[15:30:03] Full log: /home/lizthedeveloper_gmail_com/ai_game_theory_simulation/logs/merge_orchestrator/merge_20251106_153001.log
