
━━━━━━━━━━━━━━━━━━━━━━━━━━━━━━━━━━━━━━━━━━━━━━━━━━━━
[2025-11-02 04:24:40] 🤖 Merge Orchestrator - 20251102_042440
━━━━━━━━━━━━━━━━━━━━━━━━━━━━━━━━━━━━━━━━━━━━━━━━━━━━
[2025-11-02 04:24:40] ℹ️  Environment: VM (backend only)
[2025-11-02 04:24:40] ℹ️  Dry run: true
[2025-11-02 04:24:40] ℹ️  Skip frontend: true
[2025-11-02 04:24:40] ℹ️  Max branches: 10
[2025-11-02 04:24:40] ℹ️  Discovering feature branches...
Fetching origin
From github.com:lizTheDeveloper/ai_game_theory_simulation
 - [deleted]             (none)     -> origin/dependabot/npm_and_yarn/npm_and_yarn-2e94d63b2a
[2025-11-02 04:24:42] ℹ️  Found 26 feature branches
[2025-11-02 04:24:42] ⚠️  WARNING: Branch count (26) exceeds max (10), processing first 10

━━━━━━━━━━━━━━━━━━━━━━━━━━━━━━━━━━━━━━━━━━━━━━━━━━━━
[2025-11-02 04:24:42] Processing: [2025-11-02 04:24:40] ℹ️  Discovering feature branches...
━━━━━━━━━━━━━━━━━━━━━━━━━━━━━━━━━━━━━━━━━━━━━━━━━━━━
[2025-11-02 04:24:42] ℹ️  Creating merge branch: merge/[2025-11-02 04:24:40] ℹ️  Discovering feature branches..._20251102_042440
fatal: 'merge/[2025-11-02 04:24:40] ℹ️  Discovering feature branches..._20251102_042440' is not a valid branch name.
[2025-11-02 04:24:42] ℹ️  Pulling latest main...
From github.com:lizTheDeveloper/ai_game_theory_simulation
 * branch                main       -> FETCH_HEAD
Already up to date.
[2025-11-02 04:24:43] ℹ️  Attempting merge from [2025-11-02 04:24:40] ℹ️  Discovering feature branches......
merge: origin/[2025-11-02 04:24:40] ℹ️  Discovering feature branches... - not something we can merge
[2025-11-02 04:24:43] ✅ Merge successful (no conflicts)

━━━━━━━━━━━━━━━━━━━━━━━━━━━━━━━━━━━━━━━━━━━━━━━━━━━━
[2025-11-02 04:24:43] Quality Gates: [2025-11-02 04:24:40] ℹ️  Discovering feature branches...
━━━━━━━━━━━━━━━━━━━━━━━━━━━━━━━━━━━━━━━━━━━━━━━━━━━━
[2025-11-02 04:24:43] ℹ️  Gate 1: TypeScript compilation...
e2e/fallback-detection.spec.ts(21,30): error TS2307: Cannot find module '@playwright/test' or its corresponding type declarations.
playwright.config.ts(1,39): error TS2307: Cannot find module '@playwright/test' or its corresponding type declarations.
src/components/dashboards/EnvironmentalDashboard.tsx(88,11): error TS2322: Type 'number | undefined' is not assignable to type 'string | number'.
  Type 'undefined' is not assignable to type 'string | number'.
src/components/dashboards/EnvironmentalDashboard.tsx(89,19): error TS18048: 'boundariesCrossed' is possibly 'undefined'.
src/components/dashboards/EnvironmentalDashboard.tsx(89,56): error TS18048: 'boundariesCrossed' is possibly 'undefined'.
src/components/dashboards/EnvironmentalDashboard.tsx(93,22): error TS18048: 'environmentalDebt' is possibly 'undefined'.
src/components/dashboards/EnvironmentalDashboard.tsx(94,19): error TS18048: 'environmentalDebt' is possibly 'undefined'.
src/components/dashboards/EnvironmentalDashboard.tsx(94,58): error TS18048: 'environmentalDebt' is possibly 'undefined'.
src/components/dashboards/EnvironmentalDashboard.tsx(98,22): error TS18048: 'climate' is possibly 'undefined'.
src/components/dashboards/EnvironmentalDashboard.tsx(99,19): error TS18048: 'climate' is possibly 'undefined'.
src/components/dashboards/EnvironmentalDashboard.tsx(99,48): error TS18048: 'climate' is possibly 'undefined'.
src/components/dashboards/EnvironmentalDashboard.tsx(103,22): error TS18048: 'biodiversity' is possibly 'undefined'.
src/components/dashboards/EnvironmentalDashboard.tsx(104,19): error TS18048: 'biodiversity' is possibly 'undefined'.
src/components/dashboards/EnvironmentalDashboard.tsx(104,53): error TS18048: 'biodiversity' is possibly 'undefined'.
src/components/dashboards/EnvironmentalDashboard.tsx(109,8): error TS18048: 'boundariesCrossed' is possibly 'undefined'.
src/components/dashboards/EnvironmentalDashboard.tsx(110,70): error TS18048: 'boundariesCrossed' is possibly 'undefined'.
src/components/dashboards/EnvironmentalDashboard.tsx(123,71): error TS18048: 'climate' is possibly 'undefined'.
src/components/dashboards/EnvironmentalDashboard.tsx(123,108): error TS18048: 'climate' is possibly 'undefined'.
src/components/dashboards/EnvironmentalDashboard.tsx(124,17): error TS18048: 'climate' is possibly 'undefined'.
src/components/dashboards/EnvironmentalDashboard.tsx(130,43): error TS18048: 'climate' is possibly 'undefined'.
src/components/dashboards/EnvironmentalDashboard.tsx(131,36): error TS18048: 'climate' is possibly 'undefined'.
src/components/dashboards/EnvironmentalDashboard.tsx(131,73): error TS18048: 'climate' is possibly 'undefined'.
src/components/dashboards/EnvironmentalDashboard.tsx(136,16): error TS18048: 'climate' is possibly 'undefined'.
src/components/dashboards/EnvironmentalDashboard.tsx(136,45): error TS18048: 'climate' is possibly 'undefined'.
src/components/dashboards/EnvironmentalDashboard.tsx(142,71): error TS18048: 'biodiversity' is possibly 'undefined'.
src/components/dashboards/EnvironmentalDashboard.tsx(142,113): error TS18048: 'biodiversity' is possibly 'undefined'.
src/components/dashboards/EnvironmentalDashboard.tsx(143,17): error TS18048: 'biodiversity' is possibly 'undefined'.
src/components/dashboards/EnvironmentalDashboard.tsx(149,43): error TS18048: 'biodiversity' is possibly 'undefined'.
src/components/dashboards/EnvironmentalDashboard.tsx(150,36): error TS18048: 'biodiversity' is possibly 'undefined'.
src/components/dashboards/EnvironmentalDashboard.tsx(150,78): error TS18048: 'biodiversity' is possibly 'undefined'.
src/components/dashboards/EnvironmentalDashboard.tsx(155,16): error TS18048: 'biodiversity' is possibly 'undefined'.
src/components/dashboards/EnvironmentalDashboard.tsx(155,50): error TS18048: 'biodiversity' is possibly 'undefined'.
src/components/dashboards/EnvironmentalDashboard.tsx(288,71): error TS18048: 'environmentalDebt' is possibly 'undefined'.
src/components/dashboards/EnvironmentalDashboard.tsx(288,118): error TS18048: 'environmentalDebt' is possibly 'undefined'.
src/components/dashboards/EnvironmentalDashboard.tsx(289,17): error TS18048: 'environmentalDebt' is possibly 'undefined'.
src/components/dashboards/EnvironmentalDashboard.tsx(295,71): error TS18048: 'resourceDepletion' is possibly 'undefined'.
src/components/dashboards/EnvironmentalDashboard.tsx(296,17): error TS18048: 'resourceDepletion' is possibly 'undefined'.
src/components/dashboards/EnvironmentalDashboard.tsx(302,71): error TS18048: 'pollution' is possibly 'undefined'.
src/components/dashboards/EnvironmentalDashboard.tsx(303,17): error TS18048: 'pollution' is possibly 'undefined'.
src/components/dashboards/EnvironmentalDashboard.tsx(311,8): error TS18048: 'boundariesCrossed' is possibly 'undefined'.
src/components/dashboards/EnvironmentalDashboard.tsx(321,34): error TS18048: 'boundariesCrossed' is possibly 'undefined'.
src/components/dashboards/OverviewDashboard.tsx(94,9): error TS18048: 'paradigms.ecological.value' is possibly 'undefined'.
src/components/dashboards/OverviewDashboard.tsx(95,9): error TS18048: 'paradigms.western.value' is possibly 'undefined'.
src/components/dashboards/OverviewDashboard.tsx(116,18): error TS18048: 'population' is possibly 'undefined'.
src/components/dashboards/OverviewDashboard.tsx(118,19): error TS18048: 'population' is possibly 'undefined'.
src/components/dashboards/OverviewDashboard.tsx(119,18): error TS18048: 'population' is possibly 'undefined'.
src/components/dashboards/OverviewDashboard.tsx(123,19): error TS18048: 'qol' is possibly 'undefined'.
src/components/dashboards/OverviewDashboard.tsx(124,19): error TS18048: 'qol' is possibly 'undefined'.
src/components/dashboards/OverviewDashboard.tsx(124,44): error TS18048: 'qol' is possibly 'undefined'.
src/components/dashboards/OverviewDashboard.tsx(125,18): error TS18048: 'qol' is possibly 'undefined'.
src/components/dashboards/OverviewDashboard.tsx(129,18): error TS18048: 'aiCap' is possibly 'undefined'.
src/components/dashboards/OverviewDashboard.tsx(130,19): error TS18048: 'aiCap' is possibly 'undefined'.
src/components/dashboards/OverviewDashboard.tsx(130,46): error TS18048: 'aiCap' is possibly 'undefined'.
src/components/dashboards/OverviewDashboard.tsx(131,18): error TS18048: 'aiCap' is possibly 'undefined'.
src/components/dashboards/OverviewDashboard.tsx(157,18): error TS18048: 'paradigms.western.value' is possibly 'undefined'.
src/components/dashboards/OverviewDashboard.tsx(168,18): error TS18048: 'paradigms.development.value' is possibly 'undefined'.
src/components/dashboards/OverviewDashboard.tsx(178,54): error TS18048: 'paradigms.ecological.value' is possibly 'undefined'.
src/components/dashboards/OverviewDashboard.tsx(179,18): error TS18048: 'paradigms.ecological.value' is possibly 'undefined'.
src/components/dashboards/OverviewDashboard.tsx(190,18): error TS18048: 'paradigms.indigenous.value' is possibly 'undefined'.
src/components/dashboards/OverviewDashboard.tsx(263,11): error TS2322: Type 'number | undefined' is not assignable to type 'number'.
  Type 'undefined' is not assignable to type 'number'.
src/components/dashboards/ParadigmDashboard.tsx(83,20): error TS2532: Object is possibly 'undefined'.
src/components/dashboards/ParadigmDashboard.tsx(83,44): error TS18048: 'a' is possibly 'undefined'.
src/components/dashboards/ParadigmDashboard.tsx(83,48): error TS18048: 'b' is possibly 'undefined'.
src/components/dashboards/ParadigmDashboard.tsx(84,32): error TS2532: Object is possibly 'undefined'.
src/components/dashboards/ParadigmDashboard.tsx(84,58): error TS18048: 'sum' is possibly 'undefined'.
src/components/dashboards/ParadigmDashboard.tsx(84,73): error TS18048: 's' is possibly 'undefined'.
src/components/dashboards/ParadigmDashboard.tsx(87,42): error TS18048: 's' is possibly 'undefined'.
src/components/dashboards/ParadigmDashboard.tsx(88,44): error TS18048: 's' is possibly 'undefined'.
src/components/dashboards/ParadigmDashboard.tsx(186,17): error TS2532: Object is possibly 'undefined'.
src/components/dashboards/ParadigmDashboard.tsx(196,20): error TS2532: Object is possibly 'undefined'.
src/components/dashboards/ParadigmDashboard.tsx(293,17): error TS2532: Object is possibly 'undefined'.
src/components/dashboards/ParadigmDashboard.tsx(303,20): error TS2532: Object is possibly 'undefined'.
src/components/dashboards/ParadigmDashboard.tsx(400,17): error TS2532: Object is possibly 'undefined'.
src/components/dashboards/ParadigmDashboard.tsx(410,26): error TS2532: Object is possibly 'undefined'.
src/components/dashboards/ParadigmDashboard.tsx(412,20): error TS2532: Object is possibly 'undefined'.
src/components/dashboards/ParadigmDashboard.tsx(523,20): error TS2532: Object is possibly 'undefined'.
src/components/dashboards/ParadigmDashboard.tsx(627,11): error TS2322: Type 'number | undefined' is not assignable to type 'number'.
  Type 'undefined' is not assignable to type 'number'.
src/components/dashboards/ParadigmDashboard.tsx(637,12): error TS2532: Object is possibly 'undefined'.
src/components/dashboards/ParadigmDashboard.tsx(637,31): error TS2532: Object is possibly 'undefined'.
src/components/dashboards/ParadigmDashboard.tsx(647,12): error TS2532: Object is possibly 'undefined'.
src/components/dashboards/ParadigmDashboard.tsx(647,31): error TS2532: Object is possibly 'undefined'.
src/components/dashboards/ParadigmDashboard.tsx(647,50): error TS2532: Object is possibly 'undefined'.
