
=== Merge Orchestrator Started ===
[20:00:01] Timestamp: Thu Nov  6 20:00:01 UTC 2025
[20:00:01] Dry run: false
[20:00:01] Max branches: 10
[20:00:01] Environment: VM (backend only)
[20:00:01] ⚠️  Merge orchestrator already running (lock file exists)

=== Fetching Latest Changes ===

=== Discovering Branches ===
[20:00:03] Found 95 branches to process

=== Branch 1/95: auto/researcher-20251106_193001 ===
[20:00:03] 📝 Creating merge branch: merge/auto/researcher-20251106_193001_20251106_200001
error: Your local changes to the following files would be overwritten by checkout:
	logs/autonomous/status_current.txt
Please commit your changes or stash them before you switch branches.
Aborting
[20:00:03] ❌ Failed to create merge branch

=== Branch 2/95: auto/worker-20251102_043015 ===
[20:00:03] 📝 Creating merge branch: merge/auto/worker-20251102_043015_20251106_200001
error: Your local changes to the following files would be overwritten by checkout:
	logs/autonomous/status_current.txt
Please commit your changes or stash them before you switch branches.
Aborting
[20:00:03] ❌ Failed to create merge branch

=== Branch 3/95: auto/worker-20251102_050015 ===
[20:00:03] 📝 Creating merge branch: merge/auto/worker-20251102_050015_20251106_200001
error: Your local changes to the following files would be overwritten by checkout:
	logs/autonomous/status_current.txt
Please commit your changes or stash them before you switch branches.
Aborting
[20:00:03] ❌ Failed to create merge branch

=== Branch 4/95: auto/worker-20251102_080006 ===
[20:00:03] 📝 Creating merge branch: merge/auto/worker-20251102_080006_20251106_200001
error: Your local changes to the following files would be overwritten by checkout:
	logs/autonomous/status_current.txt
Please commit your changes or stash them before you switch branches.
Aborting
[20:00:03] ❌ Failed to create merge branch

=== Branch 5/95: auto/worker-20251102_090015 ===
[20:00:03] 📝 Creating merge branch: merge/auto/worker-20251102_090015_20251106_200001
error: Your local changes to the following files would be overwritten by checkout:
	logs/autonomous/status_current.txt
Please commit your changes or stash them before you switch branches.
Aborting
[20:00:03] ❌ Failed to create merge branch

=== Branch 6/95: auto/worker-20251102_100015 ===
[20:00:03] 📝 Creating merge branch: merge/auto/worker-20251102_100015_20251106_200001
error: Your local changes to the following files would be overwritten by checkout:
	logs/autonomous/status_current.txt
Please commit your changes or stash them before you switch branches.
Aborting
[20:00:04] ❌ Failed to create merge branch

=== Branch 7/95: auto/worker-20251102_110015 ===
[20:00:04] 📝 Creating merge branch: merge/auto/worker-20251102_110015_20251106_200001
error: Your local changes to the following files would be overwritten by checkout:
	logs/autonomous/status_current.txt
Please commit your changes or stash them before you switch branches.
Aborting
[20:00:04] ❌ Failed to create merge branch

=== Branch 8/95: auto/worker-20251102_120000 ===
[20:00:04] 📝 Creating merge branch: merge/auto/worker-20251102_120000_20251106_200001
error: Your local changes to the following files would be overwritten by checkout:
	logs/autonomous/status_current.txt
Please commit your changes or stash them before you switch branches.
Aborting
[20:00:04] ❌ Failed to create merge branch

=== Branch 9/95: auto/worker-20251102_130014 ===
[20:00:04] 📝 Creating merge branch: merge/auto/worker-20251102_130014_20251106_200001
error: Your local changes to the following files would be overwritten by checkout:
	logs/autonomous/status_current.txt
Please commit your changes or stash them before you switch branches.
Aborting
[20:00:04] ❌ Failed to create merge branch

=== Branch 10/95: auto/worker-20251102_140015 ===
[20:00:04] 📝 Creating merge branch: merge/auto/worker-20251102_140015_20251106_200001
error: Your local changes to the following files would be overwritten by checkout:
	logs/autonomous/status_current.txt
Please commit your changes or stash them before you switch branches.
Aborting
[20:00:04] ❌ Failed to create merge branch
[20:00:04] ⏸️  Reached max branches limit (10), stopping

=== Summary ===
[20:00:04] Total branches found: 95
[20:00:04] Branches processed: 10
[20:00:04] ✅ Successfully merged: 0
[20:00:04] ⏭️  Skipped (frontend on VM): 0
[20:00:05] ❌ Failed (conflicts/gates): 10
[20:00:05] 
[20:00:05] 📊 Remaining branches: 85
[20:00:05]    (Will be processed in next run)

=== Merge Orchestrator Complete ===
[20:00:05] Full log: /home/lizthedeveloper_gmail_com/ai_game_theory_simulation/logs/merge_orchestrator/merge_20251106_200001.log
