
=== Merge Orchestrator Started ===
[22:00:01] Timestamp: Thu Nov  6 22:00:01 UTC 2025
[22:00:01] Dry run: false
[22:00:01] Max branches: 10
[22:00:01] ⚠️  Merge orchestrator already running (lock file exists)
[22:00:01] Environment: VM (backend only)

=== Fetching Latest Changes ===

=== Discovering Branches ===
[22:00:03] Found 99 branches to process

=== Branch 1/99: auto/researcher-20251106_193001 ===
[22:00:03] 📝 Creating merge branch: merge/auto/researcher-20251106_193001_20251106_220001
error: Your local changes to the following files would be overwritten by checkout:
	logs/autonomous/researcher/cron_20251106.log
	logs/autonomous/researcher/researcher_20251106_213001.log
	logs/autonomous/status_current.txt
Please commit your changes or stash them before you switch branches.
Aborting
[22:00:03] ❌ Failed to create merge branch

=== Branch 2/99: auto/researcher-20251106_203001 ===
[22:00:03] 📝 Creating merge branch: merge/auto/researcher-20251106_203001_20251106_220001
error: Your local changes to the following files would be overwritten by checkout:
	logs/autonomous/researcher/cron_20251106.log
	logs/autonomous/researcher/researcher_20251106_213001.log
	logs/autonomous/status_current.txt
Please commit your changes or stash them before you switch branches.
Aborting
[22:00:03] ❌ Failed to create merge branch

=== Branch 3/99: auto/researcher-20251106_213001 ===
[22:00:03] 📝 Creating merge branch: merge/auto/researcher-20251106_213001_20251106_220001
error: Your local changes to the following files would be overwritten by checkout:
	logs/autonomous/researcher/cron_20251106.log
	logs/autonomous/researcher/researcher_20251106_213001.log
	logs/autonomous/status_current.txt
Please commit your changes or stash them before you switch branches.
Aborting
[22:00:04] ❌ Failed to create merge branch

=== Branch 4/99: auto/worker-20251102_043015 ===
[22:00:04] 📝 Creating merge branch: merge/auto/worker-20251102_043015_20251106_220001
error: Your local changes to the following files would be overwritten by checkout:
	logs/autonomous/researcher/cron_20251106.log
	logs/autonomous/researcher/researcher_20251106_213001.log
	logs/autonomous/status_current.txt
Please commit your changes or stash them before you switch branches.
Aborting
[22:00:04] ❌ Failed to create merge branch

=== Branch 5/99: auto/worker-20251102_050015 ===
[22:00:04] 📝 Creating merge branch: merge/auto/worker-20251102_050015_20251106_220001
error: Your local changes to the following files would be overwritten by checkout:
	logs/autonomous/researcher/cron_20251106.log
	logs/autonomous/researcher/researcher_20251106_213001.log
	logs/autonomous/status_current.txt
Please commit your changes or stash them before you switch branches.
Aborting
[22:00:04] ❌ Failed to create merge branch

=== Branch 6/99: auto/worker-20251102_080006 ===
[22:00:04] 📝 Creating merge branch: merge/auto/worker-20251102_080006_20251106_220001
error: Your local changes to the following files would be overwritten by checkout:
	logs/autonomous/researcher/cron_20251106.log
	logs/autonomous/researcher/researcher_20251106_213001.log
	logs/autonomous/status_current.txt
Please commit your changes or stash them before you switch branches.
Aborting
[22:00:04] ❌ Failed to create merge branch

=== Branch 7/99: auto/worker-20251102_090015 ===
[22:00:04] 📝 Creating merge branch: merge/auto/worker-20251102_090015_20251106_220001
error: Your local changes to the following files would be overwritten by checkout:
	logs/autonomous/researcher/cron_20251106.log
	logs/autonomous/researcher/researcher_20251106_213001.log
	logs/autonomous/status_current.txt
Please commit your changes or stash them before you switch branches.
Aborting
[22:00:04] ❌ Failed to create merge branch

=== Branch 8/99: auto/worker-20251102_100015 ===
[22:00:04] 📝 Creating merge branch: merge/auto/worker-20251102_100015_20251106_220001
error: Your local changes to the following files would be overwritten by checkout:
	logs/autonomous/researcher/cron_20251106.log
	logs/autonomous/researcher/researcher_20251106_213001.log
	logs/autonomous/status_current.txt
Please commit your changes or stash them before you switch branches.
Aborting
[22:00:04] ❌ Failed to create merge branch

=== Branch 9/99: auto/worker-20251102_110015 ===
[22:00:04] 📝 Creating merge branch: merge/auto/worker-20251102_110015_20251106_220001
error: Your local changes to the following files would be overwritten by checkout:
	logs/autonomous/researcher/cron_20251106.log
	logs/autonomous/researcher/researcher_20251106_213001.log
	logs/autonomous/status_current.txt
Please commit your changes or stash them before you switch branches.
Aborting
[22:00:04] ❌ Failed to create merge branch

=== Branch 10/99: auto/worker-20251102_120000 ===
[22:00:04] 📝 Creating merge branch: merge/auto/worker-20251102_120000_20251106_220001
error: Your local changes to the following files would be overwritten by checkout:
	logs/autonomous/researcher/cron_20251106.log
	logs/autonomous/researcher/researcher_20251106_213001.log
	logs/autonomous/status_current.txt
Please commit your changes or stash them before you switch branches.
Aborting
[22:00:04] ❌ Failed to create merge branch
[22:00:04] ⏸️  Reached max branches limit (10), stopping

=== Summary ===
[22:00:05] Total branches found: 99
[22:00:05] Branches processed: 10
[22:00:05] ✅ Successfully merged: 0
[22:00:05] ⏭️  Skipped (frontend on VM): 0
[22:00:05] ❌ Failed (conflicts/gates): 10
[22:00:05] 
[22:00:05] 📊 Remaining branches: 89
[22:00:05]    (Will be processed in next run)

=== Merge Orchestrator Complete ===
[22:00:05] Full log: /home/lizthedeveloper_gmail_com/ai_game_theory_simulation/logs/merge_orchestrator/merge_20251106_220001.log
