
━━━━━━━━━━━━━━━━━━━━━━━━━━━━━━━━━━━━━━━━━━━━━━━━━━━━
[2025-11-05 10:00:00] 🤖 Merge Orchestrator - 20251105_100000
━━━━━━━━━━━━━━━━━━━━━━━━━━━━━━━━━━━━━━━━━━━━━━━━━━━━
[2025-11-05 10:00:01] ℹ️  Environment: Mac (frontend + backend)
[2025-11-05 10:00:01] ℹ️  Dry run: false
[2025-11-05 10:00:01] ℹ️  Skip frontend: false
[2025-11-05 10:00:01] ℹ️  Max branches: 10
[2025-11-05 10:00:01] ℹ️  Agent reviews (Phase 2): true
[2025-11-05 10:00:01] ℹ️  Auto-remediation (Phase 2.5): true
[2025-11-05 10:00:01] ℹ️  Discovering feature branches...
From github.com:lizTheDeveloper/ai_game_theory_simulation
   0448271..187d0d5  investigation/defensive-programming-phase-5-1-standardize-error-handling-and-complete-validation -> origin/investigation/defensive-programming-phase-5-1-standardize-error-handling-and-complete-validation
[2025-11-05 10:00:05] ℹ️  Found       40 feature branches
[2025-11-05 10:00:05] ⚠️  WARNING: Branch count (      40) exceeds max (10), processing first 10

━━━━━━━━━━━━━━━━━━━━━━━━━━━━━━━━━━━━━━━━━━━━━━━━━━━━
[2025-11-05 10:00:05] Processing: + phase-0a-design-system
━━━━━━━━━━━━━━━━━━━━━━━━━━━━━━━━━━━━━━━━━━━━━━━━━━━━
[2025-11-05 10:00:05] ℹ️  Creating merge branch: merge/+ phase-0a-design-system_20251105_100000
fatal: 'merge/+ phase-0a-design-system_20251105_100000' is not a valid branch name
[2025-11-05 10:00:05] ℹ️  Pulling latest main...
From github.com:lizTheDeveloper/ai_game_theory_simulation
 * branch            main       -> FETCH_HEAD
Already up to date.
[2025-11-05 10:00:07] ℹ️  Attempting merge from + phase-0a-design-system...
merge: origin/+ phase-0a-design-system - not something we can merge
[2025-11-05 10:00:07] ✅ Merge successful (no conflicts)

━━━━━━━━━━━━━━━━━━━━━━━━━━━━━━━━━━━━━━━━━━━━━━━━━━━━
[2025-11-05 10:00:07] Quality Gates: + phase-0a-design-system
━━━━━━━━━━━━━━━━━━━━━━━━━━━━━━━━━━━━━━━━━━━━━━━━━━━━
[2025-11-05 10:00:07] ℹ️  Gate 1: TypeScript compilation...
./scripts/merge-orchestrator.sh: line 209: npx: command not found
[2025-11-05 10:00:07] ✅ TypeScript compilation passed
[2025-11-05 10:00:07] ℹ️  Gate 2: Test suite...
[2025-11-05 10:00:07] ⚠️  WARNING: No test scripts found, skipping test gate
[2025-11-05 10:00:07] ℹ️  Gate 3: Architecture review...
[2025-11-05 10:00:07] 🔍 Spawning architecture-skeptic agent...
[2025-11-05 10:00:07] ❌ ERROR: Architecture review blocked merge
[2025-11-05 10:00:07] ❌ ERROR: Quality gates failed
[2025-11-05 10:00:07] ℹ️  Preserving merge branch for inspection: merge/+ phase-0a-design-system_20251105_100000_FAILED
Already on 'main'
M	autonomous-worker.sh
M	docs/wiki/README.md
M	logs/merge_orchestrator/cron_20251103.log
M	research/-aiexplained-official/sync.log
M	research/-aispecies/sync.log
M	research/crobertmilesai/sync.log
M	research/embeddings/index_stats.json
M	research/youtube-channels/auto-sync.log
Your branch is ahead of 'origin/main' by 1 commit.
  (use "git push" to publish your local commits)
fatal: Invalid branch name: 'merge/+ phase-0a-design-system_20251105_100000'
