
=== Merge Orchestrator Started ===
[08:00:02] Timestamp: Thu Nov  6 08:00:02 UTC 2025
[08:00:02] Dry run: false
[08:00:02] ⚠️  Merge orchestrator already running (lock file exists)
[08:00:02] Max branches: 10
[08:00:02] Environment: VM (backend only)

=== Fetching Latest Changes ===

=== Discovering Branches ===
[08:00:03] Found 83 branches to process

=== Branch 1/83: auto/worker-20251102_043015 ===
[08:00:03] 📝 Creating merge branch: merge/auto/worker-20251102_043015_20251106_080002
error: Your local changes to the following files would be overwritten by checkout:
	logs/autonomous/status_current.txt
	logs/autonomous/worker_20251106_070001.log
Please commit your changes or stash them before you switch branches.
Aborting
[08:00:03] ❌ Failed to create merge branch

=== Branch 2/83: auto/worker-20251102_050015 ===
[08:00:03] 📝 Creating merge branch: merge/auto/worker-20251102_050015_20251106_080002
error: Your local changes to the following files would be overwritten by checkout:
	logs/autonomous/status_current.txt
	logs/autonomous/worker_20251106_070001.log
Please commit your changes or stash them before you switch branches.
Aborting
[08:00:03] ❌ Failed to create merge branch

=== Branch 3/83: auto/worker-20251102_080006 ===
[08:00:03] 📝 Creating merge branch: merge/auto/worker-20251102_080006_20251106_080002
error: Your local changes to the following files would be overwritten by checkout:
	logs/autonomous/status_current.txt
	logs/autonomous/worker_20251106_070001.log
Please commit your changes or stash them before you switch branches.
Aborting
[08:00:03] ❌ Failed to create merge branch

=== Branch 4/83: auto/worker-20251102_090015 ===
[08:00:03] 📝 Creating merge branch: merge/auto/worker-20251102_090015_20251106_080002
error: Your local changes to the following files would be overwritten by checkout:
	logs/autonomous/status_current.txt
	logs/autonomous/worker_20251106_070001.log
Please commit your changes or stash them before you switch branches.
Aborting
[08:00:04] ❌ Failed to create merge branch

=== Branch 5/83: auto/worker-20251102_100015 ===
[08:00:04] 📝 Creating merge branch: merge/auto/worker-20251102_100015_20251106_080002
error: Your local changes to the following files would be overwritten by checkout:
	logs/autonomous/status_current.txt
	logs/autonomous/worker_20251106_070001.log
Please commit your changes or stash them before you switch branches.
Aborting
[08:00:04] ❌ Failed to create merge branch

=== Branch 6/83: auto/worker-20251102_110015 ===
[08:00:04] 📝 Creating merge branch: merge/auto/worker-20251102_110015_20251106_080002
error: Your local changes to the following files would be overwritten by checkout:
	logs/autonomous/status_current.txt
	logs/autonomous/worker_20251106_070001.log
Please commit your changes or stash them before you switch branches.
Aborting
[08:00:04] ❌ Failed to create merge branch

=== Branch 7/83: auto/worker-20251102_120000 ===
[08:00:04] 📝 Creating merge branch: merge/auto/worker-20251102_120000_20251106_080002
error: Your local changes to the following files would be overwritten by checkout:
	logs/autonomous/status_current.txt
	logs/autonomous/worker_20251106_070001.log
Please commit your changes or stash them before you switch branches.
Aborting
[08:00:04] ❌ Failed to create merge branch

=== Branch 8/83: auto/worker-20251102_130014 ===
[08:00:04] 📝 Creating merge branch: merge/auto/worker-20251102_130014_20251106_080002
error: Your local changes to the following files would be overwritten by checkout:
	logs/autonomous/status_current.txt
	logs/autonomous/worker_20251106_070001.log
Please commit your changes or stash them before you switch branches.
Aborting
[08:00:04] ❌ Failed to create merge branch

=== Branch 9/83: auto/worker-20251102_140015 ===
[08:00:04] 📝 Creating merge branch: merge/auto/worker-20251102_140015_20251106_080002
error: Your local changes to the following files would be overwritten by checkout:
	logs/autonomous/status_current.txt
	logs/autonomous/worker_20251106_070001.log
Please commit your changes or stash them before you switch branches.
Aborting
[08:00:05] ❌ Failed to create merge branch

=== Branch 10/83: auto/worker-20251102_150015 ===
[08:00:05] 📝 Creating merge branch: merge/auto/worker-20251102_150015_20251106_080002
error: Your local changes to the following files would be overwritten by checkout:
	logs/autonomous/status_current.txt
	logs/autonomous/worker_20251106_070001.log
Please commit your changes or stash them before you switch branches.
Aborting
[08:00:05] ❌ Failed to create merge branch
[08:00:05] ⏸️  Reached max branches limit (10), stopping

=== Summary ===
[08:00:05] Total branches found: 83
[08:00:05] Branches processed: 10
[08:00:05] ✅ Successfully merged: 0
[08:00:05] ⏭️  Skipped (frontend on VM): 0
[08:00:05] ❌ Failed (conflicts/gates): 10
[08:00:05] 
[08:00:05] 📊 Remaining branches: 73
[08:00:05]    (Will be processed in next run)

=== Merge Orchestrator Complete ===
[08:00:05] Full log: /home/lizthedeveloper_gmail_com/ai_game_theory_simulation/logs/merge_orchestrator/merge_20251106_080002.log
