
=== Merge Orchestrator Started ===
[07:30:01] Timestamp: Thu Nov  6 07:30:01 UTC 2025
[07:30:01] Dry run: false
[07:30:01] Max branches: 10
[07:30:01] Environment: VM (backend only)

=== Fetching Latest Changes ===

=== Discovering Branches ===
[07:30:02] Found 82 branches to process

=== Branch 1/82: auto/worker-20251102_043015 ===
[07:30:02] 📝 Creating merge branch: merge/auto/worker-20251102_043015_20251106_073001
error: Your local changes to the following files would be overwritten by checkout:
	logs/autonomous/researcher/cron_20251106.log
	src/simulation/engine.ts
	src/simulation/planetaryBoundaries.ts
	src/simulation/qualityOfLife/mortality.ts
Please commit your changes or stash them before you switch branches.
Aborting
[07:30:02] ❌ Failed to create merge branch

=== Branch 2/82: auto/worker-20251102_050015 ===
[07:30:02] 📝 Creating merge branch: merge/auto/worker-20251102_050015_20251106_073001
error: Your local changes to the following files would be overwritten by checkout:
	logs/autonomous/researcher/cron_20251106.log
	src/simulation/engine.ts
	src/simulation/planetaryBoundaries.ts
	src/simulation/qualityOfLife/mortality.ts
Please commit your changes or stash them before you switch branches.
Aborting
[07:30:02] ❌ Failed to create merge branch

=== Branch 3/82: auto/worker-20251102_080006 ===
[07:30:02] 📝 Creating merge branch: merge/auto/worker-20251102_080006_20251106_073001
error: Your local changes to the following files would be overwritten by checkout:
	logs/autonomous/researcher/cron_20251106.log
	src/simulation/engine.ts
	src/simulation/planetaryBoundaries.ts
	src/simulation/qualityOfLife/mortality.ts
Please commit your changes or stash them before you switch branches.
Aborting
[07:30:02] ❌ Failed to create merge branch

=== Branch 4/82: auto/worker-20251102_090015 ===
[07:30:02] 📝 Creating merge branch: merge/auto/worker-20251102_090015_20251106_073001
error: Your local changes to the following files would be overwritten by checkout:
	logs/autonomous/researcher/cron_20251106.log
	src/simulation/engine.ts
	src/simulation/planetaryBoundaries.ts
	src/simulation/qualityOfLife/mortality.ts
Please commit your changes or stash them before you switch branches.
Aborting
[07:30:03] ❌ Failed to create merge branch

=== Branch 5/82: auto/worker-20251102_100015 ===
[07:30:03] 📝 Creating merge branch: merge/auto/worker-20251102_100015_20251106_073001
error: Your local changes to the following files would be overwritten by checkout:
	logs/autonomous/researcher/cron_20251106.log
	src/simulation/engine.ts
	src/simulation/planetaryBoundaries.ts
	src/simulation/qualityOfLife/mortality.ts
Please commit your changes or stash them before you switch branches.
Aborting
[07:30:03] ❌ Failed to create merge branch

=== Branch 6/82: auto/worker-20251102_110015 ===
[07:30:03] 📝 Creating merge branch: merge/auto/worker-20251102_110015_20251106_073001
error: Your local changes to the following files would be overwritten by checkout:
	logs/autonomous/researcher/cron_20251106.log
	src/simulation/engine.ts
	src/simulation/planetaryBoundaries.ts
	src/simulation/qualityOfLife/mortality.ts
Please commit your changes or stash them before you switch branches.
Aborting
[07:30:03] ❌ Failed to create merge branch

=== Branch 7/82: auto/worker-20251102_120000 ===
[07:30:03] 📝 Creating merge branch: merge/auto/worker-20251102_120000_20251106_073001
error: Your local changes to the following files would be overwritten by checkout:
	logs/autonomous/researcher/cron_20251106.log
	src/simulation/engine.ts
	src/simulation/planetaryBoundaries.ts
	src/simulation/qualityOfLife/mortality.ts
Please commit your changes or stash them before you switch branches.
Aborting
[07:30:03] ❌ Failed to create merge branch

=== Branch 8/82: auto/worker-20251102_130014 ===
[07:30:03] 📝 Creating merge branch: merge/auto/worker-20251102_130014_20251106_073001
error: Your local changes to the following files would be overwritten by checkout:
	logs/autonomous/researcher/cron_20251106.log
	src/simulation/engine.ts
	src/simulation/planetaryBoundaries.ts
	src/simulation/qualityOfLife/mortality.ts
Please commit your changes or stash them before you switch branches.
Aborting
[07:30:03] ❌ Failed to create merge branch

=== Branch 9/82: auto/worker-20251102_140015 ===
[07:30:03] 📝 Creating merge branch: merge/auto/worker-20251102_140015_20251106_073001
error: Your local changes to the following files would be overwritten by checkout:
	logs/autonomous/researcher/cron_20251106.log
	src/simulation/engine.ts
	src/simulation/planetaryBoundaries.ts
	src/simulation/qualityOfLife/mortality.ts
Please commit your changes or stash them before you switch branches.
Aborting
[07:30:03] ❌ Failed to create merge branch

=== Branch 10/82: auto/worker-20251102_150015 ===
[07:30:03] 📝 Creating merge branch: merge/auto/worker-20251102_150015_20251106_073001
error: Your local changes to the following files would be overwritten by checkout:
	logs/autonomous/researcher/cron_20251106.log
	src/simulation/engine.ts
	src/simulation/planetaryBoundaries.ts
	src/simulation/qualityOfLife/mortality.ts
Please commit your changes or stash them before you switch branches.
Aborting
[07:30:03] ❌ Failed to create merge branch
[07:30:03] ⏸️  Reached max branches limit (10), stopping

=== Summary ===
[07:30:03] Total branches found: 82
[07:30:03] Branches processed: 10
[07:30:03] ✅ Successfully merged: 0
[07:30:03] ⏭️  Skipped (frontend on VM): 0
[07:30:03] ❌ Failed (conflicts/gates): 10
[07:30:03] 
[07:30:03] 📊 Remaining branches: 72
[07:30:03]    (Will be processed in next run)

=== Merge Orchestrator Complete ===
[07:30:03] Full log: /home/lizthedeveloper_gmail_com/ai_game_theory_simulation/logs/merge_orchestrator/merge_20251106_073001.log
