
=== Merge Orchestrator Started ===
[14:30:01] Timestamp: Thu Nov  6 14:30:01 UTC 2025
[14:30:01] Dry run: false
[14:30:01] Max branches: 10
[14:30:01] Environment: VM (backend only)

=== Fetching Latest Changes ===

=== Discovering Branches ===
[14:30:02] Found 88 branches to process

=== Branch 1/88: auto/worker-20251102_043015 ===
[14:30:02] 📝 Creating merge branch: merge/auto/worker-20251102_043015_20251106_143001
error: Your local changes to the following files would be overwritten by checkout:
	docs/underdocumented.json
	logs/autonomous/researcher/cron_20251106.log
Please commit your changes or stash them before you switch branches.
Aborting
[14:30:02] ❌ Failed to create merge branch

=== Branch 2/88: auto/worker-20251102_050015 ===
[14:30:02] 📝 Creating merge branch: merge/auto/worker-20251102_050015_20251106_143001
error: Your local changes to the following files would be overwritten by checkout:
	docs/underdocumented.json
	logs/autonomous/researcher/cron_20251106.log
Please commit your changes or stash them before you switch branches.
Aborting
[14:30:02] ❌ Failed to create merge branch

=== Branch 3/88: auto/worker-20251102_080006 ===
[14:30:02] 📝 Creating merge branch: merge/auto/worker-20251102_080006_20251106_143001
error: Your local changes to the following files would be overwritten by checkout:
	docs/underdocumented.json
	logs/autonomous/researcher/cron_20251106.log
Please commit your changes or stash them before you switch branches.
Aborting
[14:30:02] ❌ Failed to create merge branch

=== Branch 4/88: auto/worker-20251102_090015 ===
[14:30:02] 📝 Creating merge branch: merge/auto/worker-20251102_090015_20251106_143001
error: Your local changes to the following files would be overwritten by checkout:
	docs/underdocumented.json
	logs/autonomous/researcher/cron_20251106.log
Please commit your changes or stash them before you switch branches.
Aborting
[14:30:02] ❌ Failed to create merge branch

=== Branch 5/88: auto/worker-20251102_100015 ===
[14:30:02] 📝 Creating merge branch: merge/auto/worker-20251102_100015_20251106_143001
error: Your local changes to the following files would be overwritten by checkout:
	docs/underdocumented.json
	logs/autonomous/researcher/cron_20251106.log
Please commit your changes or stash them before you switch branches.
Aborting
[14:30:02] ❌ Failed to create merge branch

=== Branch 6/88: auto/worker-20251102_110015 ===
[14:30:02] 📝 Creating merge branch: merge/auto/worker-20251102_110015_20251106_143001
error: Your local changes to the following files would be overwritten by checkout:
	docs/underdocumented.json
	logs/autonomous/researcher/cron_20251106.log
Please commit your changes or stash them before you switch branches.
Aborting
[14:30:03] ❌ Failed to create merge branch

=== Branch 7/88: auto/worker-20251102_120000 ===
[14:30:03] 📝 Creating merge branch: merge/auto/worker-20251102_120000_20251106_143001
error: Your local changes to the following files would be overwritten by checkout:
	docs/underdocumented.json
	logs/autonomous/researcher/cron_20251106.log
Please commit your changes or stash them before you switch branches.
Aborting
[14:30:03] ❌ Failed to create merge branch

=== Branch 8/88: auto/worker-20251102_130014 ===
[14:30:03] 📝 Creating merge branch: merge/auto/worker-20251102_130014_20251106_143001
error: Your local changes to the following files would be overwritten by checkout:
	docs/underdocumented.json
	logs/autonomous/researcher/cron_20251106.log
Please commit your changes or stash them before you switch branches.
Aborting
[14:30:03] ❌ Failed to create merge branch

=== Branch 9/88: auto/worker-20251102_140015 ===
[14:30:03] 📝 Creating merge branch: merge/auto/worker-20251102_140015_20251106_143001
error: Your local changes to the following files would be overwritten by checkout:
	docs/underdocumented.json
	logs/autonomous/researcher/cron_20251106.log
Please commit your changes or stash them before you switch branches.
Aborting
[14:30:03] ❌ Failed to create merge branch

=== Branch 10/88: auto/worker-20251102_150015 ===
[14:30:03] 📝 Creating merge branch: merge/auto/worker-20251102_150015_20251106_143001
error: Your local changes to the following files would be overwritten by checkout:
	docs/underdocumented.json
	logs/autonomous/researcher/cron_20251106.log
Please commit your changes or stash them before you switch branches.
Aborting
[14:30:03] ❌ Failed to create merge branch
[14:30:03] ⏸️  Reached max branches limit (10), stopping

=== Summary ===
[14:30:03] Total branches found: 88
[14:30:03] Branches processed: 10
[14:30:03] ✅ Successfully merged: 0
[14:30:03] ⏭️  Skipped (frontend on VM): 0
[14:30:03] ❌ Failed (conflicts/gates): 10
[14:30:03] 
[14:30:03] 📊 Remaining branches: 78
[14:30:03]    (Will be processed in next run)

=== Merge Orchestrator Complete ===
[14:30:03] Full log: /home/lizthedeveloper_gmail_com/ai_game_theory_simulation/logs/merge_orchestrator/merge_20251106_143001.log
