[11:00:01] ⚠️  Merge orchestrator already running (lock file exists)

=== Merge Orchestrator Started ===
[11:00:01] Timestamp: Thu Nov  6 11:00:01 UTC 2025
[11:00:01] Dry run: false
[11:00:01] Max branches: 10
[11:00:01] Environment: VM (backend only)

=== Fetching Latest Changes ===

=== Discovering Branches ===
[11:00:03] Found 85 branches to process

=== Branch 1/85: auto/worker-20251102_043015 ===
[11:00:03] 📝 Creating merge branch: merge/auto/worker-20251102_043015_20251106_110001
error: Your local changes to the following files would be overwritten by checkout:
	logs/autonomous/status_current.txt
	logs/autonomous/worker_20251106_100001.log
Please commit your changes or stash them before you switch branches.
Aborting
[11:00:03] ❌ Failed to create merge branch

=== Branch 2/85: auto/worker-20251102_050015 ===
[11:00:03] 📝 Creating merge branch: merge/auto/worker-20251102_050015_20251106_110001
error: Your local changes to the following files would be overwritten by checkout:
	logs/autonomous/status_current.txt
	logs/autonomous/worker_20251106_100001.log
Please commit your changes or stash them before you switch branches.
Aborting
[11:00:03] ❌ Failed to create merge branch

=== Branch 3/85: auto/worker-20251102_080006 ===
[11:00:03] 📝 Creating merge branch: merge/auto/worker-20251102_080006_20251106_110001
error: Your local changes to the following files would be overwritten by checkout:
	logs/autonomous/status_current.txt
	logs/autonomous/worker_20251106_100001.log
Please commit your changes or stash them before you switch branches.
Aborting
[11:00:03] ❌ Failed to create merge branch

=== Branch 4/85: auto/worker-20251102_090015 ===
[11:00:03] 📝 Creating merge branch: merge/auto/worker-20251102_090015_20251106_110001
error: Your local changes to the following files would be overwritten by checkout:
	logs/autonomous/status_current.txt
	logs/autonomous/worker_20251106_100001.log
Please commit your changes or stash them before you switch branches.
Aborting
[11:00:03] ❌ Failed to create merge branch

=== Branch 5/85: auto/worker-20251102_100015 ===
[11:00:03] 📝 Creating merge branch: merge/auto/worker-20251102_100015_20251106_110001
error: Your local changes to the following files would be overwritten by checkout:
	logs/autonomous/status_current.txt
	logs/autonomous/worker_20251106_100001.log
Please commit your changes or stash them before you switch branches.
Aborting
[11:00:03] ❌ Failed to create merge branch

=== Branch 6/85: auto/worker-20251102_110015 ===
[11:00:03] 📝 Creating merge branch: merge/auto/worker-20251102_110015_20251106_110001
error: Your local changes to the following files would be overwritten by checkout:
	logs/autonomous/status_current.txt
	logs/autonomous/worker_20251106_100001.log
Please commit your changes or stash them before you switch branches.
Aborting
[11:00:04] ❌ Failed to create merge branch

=== Branch 7/85: auto/worker-20251102_120000 ===
[11:00:04] 📝 Creating merge branch: merge/auto/worker-20251102_120000_20251106_110001
error: Your local changes to the following files would be overwritten by checkout:
	logs/autonomous/status_current.txt
	logs/autonomous/worker_20251106_100001.log
Please commit your changes or stash them before you switch branches.
Aborting
[11:00:04] ❌ Failed to create merge branch

=== Branch 8/85: auto/worker-20251102_130014 ===
[11:00:04] 📝 Creating merge branch: merge/auto/worker-20251102_130014_20251106_110001
error: Your local changes to the following files would be overwritten by checkout:
	logs/autonomous/status_current.txt
	logs/autonomous/worker_20251106_100001.log
Please commit your changes or stash them before you switch branches.
Aborting
[11:00:04] ❌ Failed to create merge branch

=== Branch 9/85: auto/worker-20251102_140015 ===
[11:00:04] 📝 Creating merge branch: merge/auto/worker-20251102_140015_20251106_110001
error: Your local changes to the following files would be overwritten by checkout:
	logs/autonomous/status_current.txt
	logs/autonomous/worker_20251106_100001.log
Please commit your changes or stash them before you switch branches.
Aborting
[11:00:04] ❌ Failed to create merge branch

=== Branch 10/85: auto/worker-20251102_150015 ===
[11:00:04] 📝 Creating merge branch: merge/auto/worker-20251102_150015_20251106_110001
error: Your local changes to the following files would be overwritten by checkout:
	logs/autonomous/status_current.txt
	logs/autonomous/worker_20251106_100001.log
Please commit your changes or stash them before you switch branches.
Aborting
[11:00:04] ❌ Failed to create merge branch
[11:00:04] ⏸️  Reached max branches limit (10), stopping

=== Summary ===
[11:00:04] Total branches found: 85
[11:00:05] Branches processed: 10
[11:00:05] ✅ Successfully merged: 0
[11:00:05] ⏭️  Skipped (frontend on VM): 0
[11:00:05] ❌ Failed (conflicts/gates): 10
[11:00:05] 
[11:00:05] 📊 Remaining branches: 75
[11:00:05]    (Will be processed in next run)

=== Merge Orchestrator Complete ===
[11:00:05] Full log: /home/lizthedeveloper_gmail_com/ai_game_theory_simulation/logs/merge_orchestrator/merge_20251106_110001.log
