
=== Merge Orchestrator Started ===
[09:00:01] Timestamp: Thu Nov  6 09:00:01 UTC 2025
[09:00:01] Dry run: false
[09:00:01] Max branches: 10
[09:00:01] ⚠️  Merge orchestrator already running (lock file exists)
[09:00:01] Environment: VM (backend only)

=== Fetching Latest Changes ===

=== Discovering Branches ===
[09:00:03] Found 84 branches to process

=== Branch 1/84: auto/worker-20251102_043015 ===
[09:00:03] 📝 Creating merge branch: merge/auto/worker-20251102_043015_20251106_090001
error: Your local changes to the following files would be overwritten by checkout:
	logs/autonomous/researcher/cron_20251106.log
	logs/autonomous/status_current.txt
	logs/autonomous/worker_20251106_080002.log
Please commit your changes or stash them before you switch branches.
Aborting
[09:00:03] ❌ Failed to create merge branch

=== Branch 2/84: auto/worker-20251102_050015 ===
[09:00:03] 📝 Creating merge branch: merge/auto/worker-20251102_050015_20251106_090001
error: Your local changes to the following files would be overwritten by checkout:
	logs/autonomous/researcher/cron_20251106.log
	logs/autonomous/status_current.txt
	logs/autonomous/worker_20251106_080002.log
Please commit your changes or stash them before you switch branches.
Aborting
[09:00:03] ❌ Failed to create merge branch

=== Branch 3/84: auto/worker-20251102_080006 ===
[09:00:03] 📝 Creating merge branch: merge/auto/worker-20251102_080006_20251106_090001
error: Your local changes to the following files would be overwritten by checkout:
	logs/autonomous/researcher/cron_20251106.log
	logs/autonomous/status_current.txt
	logs/autonomous/worker_20251106_080002.log
Please commit your changes or stash them before you switch branches.
Aborting
[09:00:03] ❌ Failed to create merge branch

=== Branch 4/84: auto/worker-20251102_090015 ===
[09:00:03] 📝 Creating merge branch: merge/auto/worker-20251102_090015_20251106_090001
error: Your local changes to the following files would be overwritten by checkout:
	logs/autonomous/researcher/cron_20251106.log
	logs/autonomous/status_current.txt
	logs/autonomous/worker_20251106_080002.log
Please commit your changes or stash them before you switch branches.
Aborting
[09:00:03] ❌ Failed to create merge branch

=== Branch 5/84: auto/worker-20251102_100015 ===
[09:00:03] 📝 Creating merge branch: merge/auto/worker-20251102_100015_20251106_090001
error: Your local changes to the following files would be overwritten by checkout:
	logs/autonomous/researcher/cron_20251106.log
	logs/autonomous/status_current.txt
	logs/autonomous/worker_20251106_080002.log
Please commit your changes or stash them before you switch branches.
Aborting
[09:00:03] ❌ Failed to create merge branch

=== Branch 6/84: auto/worker-20251102_110015 ===
[09:00:03] 📝 Creating merge branch: merge/auto/worker-20251102_110015_20251106_090001
error: Your local changes to the following files would be overwritten by checkout:
	logs/autonomous/researcher/cron_20251106.log
	logs/autonomous/status_current.txt
	logs/autonomous/worker_20251106_080002.log
Please commit your changes or stash them before you switch branches.
Aborting
[09:00:04] ❌ Failed to create merge branch

=== Branch 7/84: auto/worker-20251102_120000 ===
[09:00:04] 📝 Creating merge branch: merge/auto/worker-20251102_120000_20251106_090001
error: Your local changes to the following files would be overwritten by checkout:
	logs/autonomous/researcher/cron_20251106.log
	logs/autonomous/status_current.txt
	logs/autonomous/worker_20251106_080002.log
Please commit your changes or stash them before you switch branches.
Aborting
[09:00:04] ❌ Failed to create merge branch

=== Branch 8/84: auto/worker-20251102_130014 ===
[09:00:04] 📝 Creating merge branch: merge/auto/worker-20251102_130014_20251106_090001
error: Your local changes to the following files would be overwritten by checkout:
	logs/autonomous/researcher/cron_20251106.log
	logs/autonomous/status_current.txt
	logs/autonomous/worker_20251106_080002.log
Please commit your changes or stash them before you switch branches.
Aborting
[09:00:04] ❌ Failed to create merge branch

=== Branch 9/84: auto/worker-20251102_140015 ===
[09:00:04] 📝 Creating merge branch: merge/auto/worker-20251102_140015_20251106_090001
error: Your local changes to the following files would be overwritten by checkout:
	logs/autonomous/researcher/cron_20251106.log
	logs/autonomous/status_current.txt
	logs/autonomous/worker_20251106_080002.log
Please commit your changes or stash them before you switch branches.
Aborting
[09:00:05] ❌ Failed to create merge branch

=== Branch 10/84: auto/worker-20251102_150015 ===
[09:00:05] 📝 Creating merge branch: merge/auto/worker-20251102_150015_20251106_090001
error: Your local changes to the following files would be overwritten by checkout:
	logs/autonomous/researcher/cron_20251106.log
	logs/autonomous/status_current.txt
	logs/autonomous/worker_20251106_080002.log
Please commit your changes or stash them before you switch branches.
Aborting
[09:00:05] ❌ Failed to create merge branch
[09:00:05] ⏸️  Reached max branches limit (10), stopping

=== Summary ===
[09:00:05] Total branches found: 84
[09:00:05] Branches processed: 10
[09:00:05] ✅ Successfully merged: 0
[09:00:05] ⏭️  Skipped (frontend on VM): 0
[09:00:05] ❌ Failed (conflicts/gates): 10
[09:00:05] 
[09:00:05] 📊 Remaining branches: 74
[09:00:05]    (Will be processed in next run)

=== Merge Orchestrator Complete ===
[09:00:05] Full log: /home/lizthedeveloper_gmail_com/ai_game_theory_simulation/logs/merge_orchestrator/merge_20251106_090001.log
