
━━━━━━━━━━━━━━━━━━━━━━━━━━━━━━━━━━━━━━━━━━━━━━━━━━━━
[2025-11-06 17:15:01] 🔍 Autonomous Worker Health Check - 20251106_171501
━━━━━━━━━━━━━━━━━━━━━━━━━━━━━━━━━━━━━━━━━━━━━━━━━━━━
[2025-11-06 17:15:02] ℹ️  Environment: VM
[2025-11-06 17:15:02] ℹ️  Check window: last 90 minutes

━━━━━━━━━━━━━━━━━━━━━━━━━━━━━━━━━━━━━━━━━━━━━━━━━━━━
[2025-11-06 17:15:02] 📋 Recent Worker Activity
━━━━━━━━━━━━━━━━━━━━━━━━━━━━━━━━━━━━━━━━━━━━━━━━━━━━
[2025-11-06 17:15:02] ℹ️  Found 3 worker log(s) in last 90 minutes
[2025-11-06 17:15:02] ✅ Workers are running

━━━━━━━━━━━━━━━━━━━━━━━━━━━━━━━━━━━━━━━━━━━━━━━━━━━━
[2025-11-06 17:15:02] 🔍 Analyzing Recent Logs
━━━━━━━━━━━━━━━━━━━━━━━━━━━━━━━━━━━━━━━━━━━━━━━━━━━━
[2025-11-06 17:15:02] 📄 Analyzing: worker_20251106_170001.log
[2025-11-06 17:15:02] 📄 Analyzing: worker_20251106_160001.log
[2025-11-06 17:15:02] 📄 Analyzing: worker_20251106_150001.log

━━━━━━━━━━━━━━━━━━━━━━━━━━━━━━━━━━━━━━━━━━━━━━━━━━━━
[2025-11-06 17:15:02] 🌿 Worker Branch Status
━━━━━━━━━━━━━━━━━━━━━━━━━━━━━━━━━━━━━━━━━━━━━━━━━━━━
[2025-11-06 17:15:02] ℹ️  Remote worker branches: 60
[2025-11-06 17:15:02] ⚠️  WARNING: Large number of worker branches (60)
[2025-11-06 17:15:02] 💡 Consider running merge orchestrator to clean up
[2025-11-06 17:15:02] ℹ️  Open worker PRs: 0

━━━━━━━━━━━━━━━━━━━━━━━━━━━━━━━━━━━━━━━━━━━━━━━━━━━━
[2025-11-06 17:15:02] 🔄 Merge Orchestrator Status
━━━━━━━━━━━━━━━━━━━━━━━━━━━━━━━━━━━━━━━━━━━━━━━━━━━━
[2025-11-06 17:15:02] ℹ️  Last merge orchestrator run: 1240 minutes ago

━━━━━━━━━━━━━━━━━━━━━━━━━━━━━━━━━━━━━━━━━━━━━━━━━━━━
[2025-11-06 17:15:02] 📊 Summary
━━━━━━━━━━━━━━━━━━━━━━━━━━━━━━━━━━━━━━━━━━━━━━━━━━━━
[2025-11-06 17:15:02] ✅ All systems operational
[2025-11-06 17:15:02] ℹ️  Workers are running normally
[2025-11-06 17:15:02] ℹ️  Next check: 2025-11-06 18:15:00
