
━━━━━━━━━━━━━━━━━━━━━━━━━━━━━━━━━━━━━━━━━━━━━━━━━━━━
[2025-11-06 18:15:01] 🔍 Autonomous Worker Health Check - 20251106_181501
━━━━━━━━━━━━━━━━━━━━━━━━━━━━━━━━━━━━━━━━━━━━━━━━━━━━
[2025-11-06 18:15:01] ℹ️  Environment: VM
[2025-11-06 18:15:01] ℹ️  Check window: last 90 minutes

━━━━━━━━━━━━━━━━━━━━━━━━━━━━━━━━━━━━━━━━━━━━━━━━━━━━
[2025-11-06 18:15:01] 📋 Recent Worker Activity
━━━━━━━━━━━━━━━━━━━━━━━━━━━━━━━━━━━━━━━━━━━━━━━━━━━━
[2025-11-06 18:15:01] ℹ️  Found 1 worker log(s) in last 90 minutes
[2025-11-06 18:15:01] ✅ Workers are running

━━━━━━━━━━━━━━━━━━━━━━━━━━━━━━━━━━━━━━━━━━━━━━━━━━━━
[2025-11-06 18:15:01] 🔍 Analyzing Recent Logs
━━━━━━━━━━━━━━━━━━━━━━━━━━━━━━━━━━━━━━━━━━━━━━━━━━━━
[2025-11-06 18:15:01] 📄 Analyzing: worker_20251102_050015.log

━━━━━━━━━━━━━━━━━━━━━━━━━━━━━━━━━━━━━━━━━━━━━━━━━━━━
[2025-11-06 18:15:01] 🌿 Worker Branch Status
━━━━━━━━━━━━━━━━━━━━━━━━━━━━━━━━━━━━━━━━━━━━━━━━━━━━
[2025-11-06 18:15:01] ℹ️  Remote worker branches: 62
[2025-11-06 18:15:01] ⚠️  WARNING: Large number of worker branches (62)
[2025-11-06 18:15:01] 💡 Consider running merge orchestrator to clean up
[2025-11-06 18:15:02] ℹ️  Open worker PRs: 0

━━━━━━━━━━━━━━━━━━━━━━━━━━━━━━━━━━━━━━━━━━━━━━━━━━━━
[2025-11-06 18:15:02] 🔄 Merge Orchestrator Status
━━━━━━━━━━━━━━━━━━━━━━━━━━━━━━━━━━━━━━━━━━━━━━━━━━━━
[2025-11-06 18:15:02] ✅ Merge orchestrator ran in last 90 minutes

━━━━━━━━━━━━━━━━━━━━━━━━━━━━━━━━━━━━━━━━━━━━━━━━━━━━
[2025-11-06 18:15:02] 📊 Summary
━━━━━━━━━━━━━━━━━━━━━━━━━━━━━━━━━━━━━━━━━━━━━━━━━━━━
[2025-11-06 18:15:02] ✅ All systems operational
[2025-11-06 18:15:02] ℹ️  Workers are running normally
[2025-11-06 18:15:02] ℹ️  Next check: 2025-11-06 19:15:00
