
━━━━━━━━━━━━━━━━━━━━━━━━━━━━━━━━━━━━━━━━━━━━━━━━━━━━
[2025-11-06 02:15:02] 🔍 Autonomous Worker Health Check - 20251106_021501
━━━━━━━━━━━━━━━━━━━━━━━━━━━━━━━━━━━━━━━━━━━━━━━━━━━━
[2025-11-06 02:15:02] ℹ️  Environment: VM
[2025-11-06 02:15:02] ℹ️  Check window: last 90 minutes

━━━━━━━━━━━━━━━━━━━━━━━━━━━━━━━━━━━━━━━━━━━━━━━━━━━━
[2025-11-06 02:15:02] 📋 Recent Worker Activity
━━━━━━━━━━━━━━━━━━━━━━━━━━━━━━━━━━━━━━━━━━━━━━━━━━━━
[2025-11-06 02:15:02] ℹ️  Found 3 worker log(s) in last 90 minutes
[2025-11-06 02:15:02] ✅ Workers are running

━━━━━━━━━━━━━━━━━━━━━━━━━━━━━━━━━━━━━━━━━━━━━━━━━━━━
[2025-11-06 02:15:02] 🔍 Analyzing Recent Logs
━━━━━━━━━━━━━━━━━━━━━━━━━━━━━━━━━━━━━━━━━━━━━━━━━━━━
[2025-11-06 02:15:02] 📄 Analyzing: worker_20251106_020001.log
[2025-11-06 02:15:02] 📄 Analyzing: worker_20251106_013001.log
[2025-11-06 02:15:02] 📄 Analyzing: worker_20251106_000001.log

━━━━━━━━━━━━━━━━━━━━━━━━━━━━━━━━━━━━━━━━━━━━━━━━━━━━
[2025-11-06 02:15:02] 🌿 Worker Branch Status
━━━━━━━━━━━━━━━━━━━━━━━━━━━━━━━━━━━━━━━━━━━━━━━━━━━━
[2025-11-06 02:15:02] ℹ️  Remote worker branches: 43
[2025-11-06 02:15:03] ℹ️  Open worker PRs: 0

━━━━━━━━━━━━━━━━━━━━━━━━━━━━━━━━━━━━━━━━━━━━━━━━━━━━
[2025-11-06 02:15:03] 🔄 Merge Orchestrator Status
━━━━━━━━━━━━━━━━━━━━━━━━━━━━━━━━━━━━━━━━━━━━━━━━━━━━
[2025-11-06 02:15:03] ℹ️  Last merge orchestrator run: 340 minutes ago

━━━━━━━━━━━━━━━━━━━━━━━━━━━━━━━━━━━━━━━━━━━━━━━━━━━━
[2025-11-06 02:15:03] 📊 Summary
━━━━━━━━━━━━━━━━━━━━━━━━━━━━━━━━━━━━━━━━━━━━━━━━━━━━
[2025-11-06 02:15:03] ✅ All systems operational
[2025-11-06 02:15:03] ℹ️  Workers are running normally
[2025-11-06 02:15:03] ℹ️  Next check: 2025-11-06 03:15:00
