
━━━━━━━━━━━━━━━━━━━━━━━━━━━━━━━━━━━━━━━━━━━━━━━━━━━━
[2025-11-05 19:15:01] 🔍 Autonomous Worker Health Check - 20251105_191501
━━━━━━━━━━━━━━━━━━━━━━━━━━━━━━━━━━━━━━━━━━━━━━━━━━━━
[2025-11-05 19:15:01] ℹ️  Environment: VM
[2025-11-05 19:15:01] ℹ️  Check window: last 90 minutes

━━━━━━━━━━━━━━━━━━━━━━━━━━━━━━━━━━━━━━━━━━━━━━━━━━━━
[2025-11-05 19:15:01] 📋 Recent Worker Activity
━━━━━━━━━━━━━━━━━━━━━━━━━━━━━━━━━━━━━━━━━━━━━━━━━━━━
[2025-11-05 19:15:01] ℹ️  Found 12 worker log(s) in last 90 minutes
[2025-11-05 19:15:01] ✅ Workers are running

━━━━━━━━━━━━━━━━━━━━━━━━━━━━━━━━━━━━━━━━━━━━━━━━━━━━
[2025-11-05 19:15:01] 🔍 Analyzing Recent Logs
━━━━━━━━━━━━━━━━━━━━━━━━━━━━━━━━━━━━━━━━━━━━━━━━━━━━
[2025-11-05 19:15:01] 📄 Analyzing: worker_20251105_190001.log
[2025-11-05 19:15:01] 📄 Analyzing: worker_20251103_212748.log
[2025-11-05 19:15:01] 📄 Analyzing: worker_20251102_050015.log
[2025-11-05 19:15:01] 📄 Analyzing: worker_20251102_043015.log
[2025-11-05 19:15:01]   ✅ Completed successfully (0[0m commits, runtime:)
[2025-11-05 19:15:01] 📄 Analyzing: worker_20251102_040015.log
[2025-11-05 19:15:01] 📄 Analyzing: worker_20251102_035617.log
[2025-11-05 19:15:01] 📄 Analyzing: worker_20251102_035454.log
[2025-11-05 19:15:01] 📄 Analyzing: worker_20251102_033007.log
[2025-11-05 19:15:01] 📄 Analyzing: worker_20251102_030005.log
[2025-11-05 19:15:01] 📄 Analyzing: worker_20251102_023009.log
[2025-11-05 19:15:01] 📄 Analyzing: worker_20251102_020015.log
[2025-11-05 19:15:01] 📄 Analyzing: worker_20251102_013015.log

━━━━━━━━━━━━━━━━━━━━━━━━━━━━━━━━━━━━━━━━━━━━━━━━━━━━
[2025-11-05 19:15:01] 🌿 Worker Branch Status
━━━━━━━━━━━━━━━━━━━━━━━━━━━━━━━━━━━━━━━━━━━━━━━━━━━━
[2025-11-05 19:15:01] ℹ️  Remote worker branches: 36
[2025-11-05 19:15:03] ℹ️  Open worker PRs: 0
0

━━━━━━━━━━━━━━━━━━━━━━━━━━━━━━━━━━━━━━━━━━━━━━━━━━━━
[2025-11-05 19:15:03] 🔄 Merge Orchestrator Status
━━━━━━━━━━━━━━━━━━━━━━━━━━━━━━━━━━━━━━━━━━━━━━━━━━━━
[2025-11-05 19:15:03] ✅ Merge orchestrator ran in last 90 minutes

━━━━━━━━━━━━━━━━━━━━━━━━━━━━━━━━━━━━━━━━━━━━━━━━━━━━
[2025-11-05 19:15:03] 📊 Summary
━━━━━━━━━━━━━━━━━━━━━━━━━━━━━━━━━━━━━━━━━━━━━━━━━━━━
[2025-11-05 19:15:03] ✅ All systems operational
[2025-11-05 19:15:03] ℹ️  Workers are running normally
[2025-11-05 19:15:03] ℹ️  Next check: 2025-11-05 20:15:00
