
━━━━━━━━━━━━━━━━━━━━━━━━━━━━━━━━━━━━━━━━━━━━━━━━━━━━
[2025-11-05 21:15:02] 🔍 Autonomous Worker Health Check - 20251105_211501
━━━━━━━━━━━━━━━━━━━━━━━━━━━━━━━━━━━━━━━━━━━━━━━━━━━━
[2025-11-05 21:15:02] ℹ️  Environment: VM
[2025-11-05 21:15:02] ℹ️  Check window: last 90 minutes

━━━━━━━━━━━━━━━━━━━━━━━━━━━━━━━━━━━━━━━━━━━━━━━━━━━━
[2025-11-05 21:15:02] 📋 Recent Worker Activity
━━━━━━━━━━━━━━━━━━━━━━━━━━━━━━━━━━━━━━━━━━━━━━━━━━━━
[2025-11-05 21:15:02] ℹ️  Found 13 worker log(s) in last 90 minutes
[2025-11-05 21:15:02] ✅ Workers are running

━━━━━━━━━━━━━━━━━━━━━━━━━━━━━━━━━━━━━━━━━━━━━━━━━━━━
[2025-11-05 21:15:02] 🔍 Analyzing Recent Logs
━━━━━━━━━━━━━━━━━━━━━━━━━━━━━━━━━━━━━━━━━━━━━━━━━━━━
[2025-11-05 21:15:02] 📄 Analyzing: worker_20251105_210001.log
[2025-11-05 21:15:02] 📄 Analyzing: worker_20251105_200001.log
[2025-11-05 21:15:02] 📄 Analyzing: worker_20251105_195036.log
[2025-11-05 21:15:02] 📄 Analyzing: worker_20251105_190001.log
[2025-11-05 21:15:02] 📄 Analyzing: worker_20251105_182057.log
[2025-11-05 21:15:02] 📄 Analyzing: worker_20251105_180001.log
[2025-11-05 21:15:02] 📄 Analyzing: worker_20251105_023000.log
[2025-11-05 21:15:02] 📄 Analyzing: worker_20251105_020001.log
[2025-11-05 21:15:02] 📄 Analyzing: worker_20251105_013001.log
[2025-11-05 21:15:02] 📄 Analyzing: worker_20251105_010001.log
[2025-11-05 21:15:02] 📄 Analyzing: worker_20251105_000001.log
[2025-11-05 21:15:02] 📄 Analyzing: worker_20251104_230001.log
[2025-11-05 21:15:02] 📄 Analyzing: worker_20251102_050015.log

━━━━━━━━━━━━━━━━━━━━━━━━━━━━━━━━━━━━━━━━━━━━━━━━━━━━
[2025-11-05 21:15:02] 🌿 Worker Branch Status
━━━━━━━━━━━━━━━━━━━━━━━━━━━━━━━━━━━━━━━━━━━━━━━━━━━━
[2025-11-05 21:15:02] ℹ️  Remote worker branches: 37
[2025-11-05 21:15:04] ℹ️  Open worker PRs: 0

━━━━━━━━━━━━━━━━━━━━━━━━━━━━━━━━━━━━━━━━━━━━━━━━━━━━
[2025-11-05 21:15:04] 🔄 Merge Orchestrator Status
━━━━━━━━━━━━━━━━━━━━━━━━━━━━━━━━━━━━━━━━━━━━━━━━━━━━
[2025-11-05 21:15:04] ✅ Merge orchestrator ran in last 90 minutes

━━━━━━━━━━━━━━━━━━━━━━━━━━━━━━━━━━━━━━━━━━━━━━━━━━━━
[2025-11-05 21:15:04] 📊 Summary
━━━━━━━━━━━━━━━━━━━━━━━━━━━━━━━━━━━━━━━━━━━━━━━━━━━━
[2025-11-05 21:15:04] ✅ All systems operational
[2025-11-05 21:15:04] ℹ️  Workers are running normally
[2025-11-05 21:15:04] ℹ️  Next check: 2025-11-05 22:15:00
