
━━━━━━━━━━━━━━━━━━━━━━━━━━━━━━━━━━━━━━━━━━━━━━━━━━━━
[2025-11-06 12:15:01] 🔍 Autonomous Worker Health Check - 20251106_121501
━━━━━━━━━━━━━━━━━━━━━━━━━━━━━━━━━━━━━━━━━━━━━━━━━━━━
[2025-11-06 12:15:01] ℹ️  Environment: VM
[2025-11-06 12:15:01] ℹ️  Check window: last 90 minutes

━━━━━━━━━━━━━━━━━━━━━━━━━━━━━━━━━━━━━━━━━━━━━━━━━━━━
[2025-11-06 12:15:01] 📋 Recent Worker Activity
━━━━━━━━━━━━━━━━━━━━━━━━━━━━━━━━━━━━━━━━━━━━━━━━━━━━
[2025-11-06 12:15:02] ℹ️  Found 3 worker log(s) in last 90 minutes
[2025-11-06 12:15:02] ✅ Workers are running

━━━━━━━━━━━━━━━━━━━━━━━━━━━━━━━━━━━━━━━━━━━━━━━━━━━━
[2025-11-06 12:15:02] 🔍 Analyzing Recent Logs
━━━━━━━━━━━━━━━━━━━━━━━━━━━━━━━━━━━━━━━━━━━━━━━━━━━━
[2025-11-06 12:15:02] 📄 Analyzing: worker_20251106_120001.log
[2025-11-06 12:15:02] 📄 Analyzing: worker_20251106_110001.log
[2025-11-06 12:15:02] 📄 Analyzing: worker_20251106_100001.log

━━━━━━━━━━━━━━━━━━━━━━━━━━━━━━━━━━━━━━━━━━━━━━━━━━━━
[2025-11-06 12:15:02] 🌿 Worker Branch Status
━━━━━━━━━━━━━━━━━━━━━━━━━━━━━━━━━━━━━━━━━━━━━━━━━━━━
[2025-11-06 12:15:02] ℹ️  Remote worker branches: 56
[2025-11-06 12:15:02] ⚠️  WARNING: Large number of worker branches (56)
[2025-11-06 12:15:02] 💡 Consider running merge orchestrator to clean up
[2025-11-06 12:15:02] ℹ️  Open worker PRs: 0

━━━━━━━━━━━━━━━━━━━━━━━━━━━━━━━━━━━━━━━━━━━━━━━━━━━━
[2025-11-06 12:15:03] 🔄 Merge Orchestrator Status
━━━━━━━━━━━━━━━━━━━━━━━━━━━━━━━━━━━━━━━━━━━━━━━━━━━━
[2025-11-06 12:15:03] ℹ️  Last merge orchestrator run: 940 minutes ago

━━━━━━━━━━━━━━━━━━━━━━━━━━━━━━━━━━━━━━━━━━━━━━━━━━━━
[2025-11-06 12:15:03] 📊 Summary
━━━━━━━━━━━━━━━━━━━━━━━━━━━━━━━━━━━━━━━━━━━━━━━━━━━━
[2025-11-06 12:15:03] ✅ All systems operational
[2025-11-06 12:15:03] ℹ️  Workers are running normally
[2025-11-06 12:15:03] ℹ️  Next check: 2025-11-06 13:15:00
