
━━━━━━━━━━━━━━━━━━━━━━━━━━━━━━━━━━━━━━━━━━━━━━━━━━━━
[2025-11-05 22:15:01] 🔍 Autonomous Worker Health Check - 20251105_221501
━━━━━━━━━━━━━━━━━━━━━━━━━━━━━━━━━━━━━━━━━━━━━━━━━━━━
[2025-11-05 22:15:01] ℹ️  Environment: VM
[2025-11-05 22:15:01] ℹ️  Check window: last 90 minutes

━━━━━━━━━━━━━━━━━━━━━━━━━━━━━━━━━━━━━━━━━━━━━━━━━━━━
[2025-11-05 22:15:01] 📋 Recent Worker Activity
━━━━━━━━━━━━━━━━━━━━━━━━━━━━━━━━━━━━━━━━━━━━━━━━━━━━
[2025-11-05 22:15:01] ℹ️  Found 14 worker log(s) in last 90 minutes
[2025-11-05 22:15:01] ✅ Workers are running

━━━━━━━━━━━━━━━━━━━━━━━━━━━━━━━━━━━━━━━━━━━━━━━━━━━━
[2025-11-05 22:15:01] 🔍 Analyzing Recent Logs
━━━━━━━━━━━━━━━━━━━━━━━━━━━━━━━━━━━━━━━━━━━━━━━━━━━━
[2025-11-05 22:15:01] 📄 Analyzing: worker_20251105_220001.log
[2025-11-05 22:15:01] 📄 Analyzing: worker_20251105_210001.log
[2025-11-05 22:15:01]   ✅ Completed successfully (0[0m commits, runtime:)
[2025-11-05 22:15:01] 📄 Analyzing: worker_20251105_200001.log
[2025-11-05 22:15:01] 📄 Analyzing: worker_20251105_195036.log
[2025-11-05 22:15:01] 📄 Analyzing: worker_20251105_190001.log
[2025-11-05 22:15:01] 📄 Analyzing: worker_20251105_182057.log
[2025-11-05 22:15:01] 📄 Analyzing: worker_20251105_180001.log
[2025-11-05 22:15:01] 📄 Analyzing: worker_20251105_023000.log
[2025-11-05 22:15:01] 📄 Analyzing: worker_20251105_020001.log
[2025-11-05 22:15:01] 📄 Analyzing: worker_20251105_013001.log
[2025-11-05 22:15:01] 📄 Analyzing: worker_20251105_010001.log
[2025-11-05 22:15:01] 📄 Analyzing: worker_20251105_000001.log
[2025-11-05 22:15:01] 📄 Analyzing: worker_20251104_230001.log
[2025-11-05 22:15:01] 📄 Analyzing: worker_20251102_050015.log

━━━━━━━━━━━━━━━━━━━━━━━━━━━━━━━━━━━━━━━━━━━━━━━━━━━━
[2025-11-05 22:15:01] 🌿 Worker Branch Status
━━━━━━━━━━━━━━━━━━━━━━━━━━━━━━━━━━━━━━━━━━━━━━━━━━━━
[2025-11-05 22:15:01] ℹ️  Remote worker branches: 38
[2025-11-05 22:15:02] ℹ️  Open worker PRs: 0

━━━━━━━━━━━━━━━━━━━━━━━━━━━━━━━━━━━━━━━━━━━━━━━━━━━━
[2025-11-05 22:15:02] 🔄 Merge Orchestrator Status
━━━━━━━━━━━━━━━━━━━━━━━━━━━━━━━━━━━━━━━━━━━━━━━━━━━━
[2025-11-05 22:15:02] ✅ Merge orchestrator ran in last 90 minutes

━━━━━━━━━━━━━━━━━━━━━━━━━━━━━━━━━━━━━━━━━━━━━━━━━━━━
[2025-11-05 22:15:02] 📊 Summary
━━━━━━━━━━━━━━━━━━━━━━━━━━━━━━━━━━━━━━━━━━━━━━━━━━━━
[2025-11-05 22:15:02] ✅ All systems operational
[2025-11-05 22:15:02] ℹ️  Workers are running normally
[2025-11-05 22:15:02] ℹ️  Next check: 2025-11-05 23:15:00
