
━━━━━━━━━━━━━━━━━━━━━━━━━━━━━━━━━━━━━━━━━━━━━━━━━━━━
[2025-11-06 05:15:01] 🔍 Autonomous Worker Health Check - 20251106_051501
━━━━━━━━━━━━━━━━━━━━━━━━━━━━━━━━━━━━━━━━━━━━━━━━━━━━
[2025-11-06 05:15:01] ℹ️  Environment: VM
[2025-11-06 05:15:01] ℹ️  Check window: last 90 minutes

━━━━━━━━━━━━━━━━━━━━━━━━━━━━━━━━━━━━━━━━━━━━━━━━━━━━
[2025-11-06 05:15:01] 📋 Recent Worker Activity
━━━━━━━━━━━━━━━━━━━━━━━━━━━━━━━━━━━━━━━━━━━━━━━━━━━━
[2025-11-06 05:15:01] ℹ️  Found 5 worker log(s) in last 90 minutes
[2025-11-06 05:15:01] ✅ Workers are running

━━━━━━━━━━━━━━━━━━━━━━━━━━━━━━━━━━━━━━━━━━━━━━━━━━━━
[2025-11-06 05:15:01] 🔍 Analyzing Recent Logs
━━━━━━━━━━━━━━━━━━━━━━━━━━━━━━━━━━━━━━━━━━━━━━━━━━━━
[2025-11-06 05:15:01] 📄 Analyzing: worker_20251106_050001.log
[2025-11-06 05:15:01] 📄 Analyzing: worker_20251106_043001.log
[2025-11-06 05:15:01] 📄 Analyzing: worker_20251106_040001.log
[2025-11-06 05:15:01] 📄 Analyzing: worker_20251106_040000.log
[2025-11-06 05:15:01] 📄 Analyzing: worker_20251106_033001.log

━━━━━━━━━━━━━━━━━━━━━━━━━━━━━━━━━━━━━━━━━━━━━━━━━━━━
[2025-11-06 05:15:01] 🌿 Worker Branch Status
━━━━━━━━━━━━━━━━━━━━━━━━━━━━━━━━━━━━━━━━━━━━━━━━━━━━
[2025-11-06 05:15:01] ℹ️  Remote worker branches: 47
[2025-11-06 05:15:02] ℹ️  Open worker PRs: 0

━━━━━━━━━━━━━━━━━━━━━━━━━━━━━━━━━━━━━━━━━━━━━━━━━━━━
[2025-11-06 05:15:02] 🔄 Merge Orchestrator Status
━━━━━━━━━━━━━━━━━━━━━━━━━━━━━━━━━━━━━━━━━━━━━━━━━━━━
[2025-11-06 05:15:02] ℹ️  Last merge orchestrator run: 520 minutes ago

━━━━━━━━━━━━━━━━━━━━━━━━━━━━━━━━━━━━━━━━━━━━━━━━━━━━
[2025-11-06 05:15:02] 📊 Summary
━━━━━━━━━━━━━━━━━━━━━━━━━━━━━━━━━━━━━━━━━━━━━━━━━━━━
[2025-11-06 05:15:02] ✅ All systems operational
[2025-11-06 05:15:02] ℹ️  Workers are running normally
[2025-11-06 05:15:02] ℹ️  Next check: 2025-11-06 06:15:00
